<html>
<body>
<pre>
<h1>µVision Build Log</h1>
<h2>Tool Versions:</h2>
IDE-Version: µVision V5.16a
Copyright (C) 2015 ARM Ltd and ARM Germany GmbH. All rights reserved.
License Information: now now, geo, LIC=DSNPC-7J741-347ST-RF136-ZVPY0-3K1N8
 
Tool Versions:
Toolchain:       MDK-ARM Professional  Version: 5.16a
Toolchain Path:  C:\Keil_v5\ARM\ARMCC\Bin
C Compiler:      Armcc.exe V5.06 (build 20)
Assembler:       Armasm.exe V5.06 (build 20)
Linker/Locator:  ArmLink.exe V5.06 (build 20)
Library Manager: ArmAr.exe V5.06 (build 20)
Hex Converter:   FromElf.exe V5.06 (build 20)
CPU DLL:         SARMCM3.DLL V5.16a
Dialog DLL:      DCM.DLL V1.13.2.0
Target DLL:      STLink\ST-LINKIII-KEIL_SWO.dll V2.0.17.0
Dialog DLL:      TCM.DLL V1.14.5.0
 
<h2>Project:</h2>
D:\PROJECTS\GIT_REPOSITORY\STM32\STM32F4_CAN_MODBUS\GLOSAV\MDK-ARM\GLOSAV.uvprojx
Project File Date:  02/04/2016

<h2>Output:</h2>
*** Using Compiler 'V5.06 (build 20)', folder: 'C:\Keil_v5\ARM\ARMCC\Bin'
Build target 'GLOSAV Configuration'
compiling tasks.c...
..\Src\mfunc_app.h(40): warning:  #1-D: last line of file ends without a newline
  #endif
..\Src\can_app.h(26): warning:  #1-D: last line of file ends without a newline
  #endif
..\Src\usart_app.h(9): warning:  #1-D: last line of file ends without a newline
  #endif
..\Src\count_input_app.h(26): warning:  #1-D: last line of file ends without a newline
  #endif
..\Src\tasks.c(236): warning:  #188-D: enumerated type mixed with another type
          if( MB_ENOERR != ( eStatus = eMBInit( MB_RTU, 0x0A, 1, 921600, 
ART_PARITY_NONE ) ) )
..\Src\tasks.c(231): warning:  #550-D: variable "eStatus" was set but never used
      eMBErrorCode    eStatus;
..\Src\tasks.c: 6 warnings, 0 errors
compiling mb_app.c...
..\Src\mfunc_app.h(40): warning:  #1-D: last line of file ends without a newline
  #endif
..\Src\can_app.h(26): warning:  #1-D: last line of file ends without a newline
  #endif
..\Src\usart_app.h(9): warning:  #1-D: last line of file ends without a newline
  #endif
..\Src\count_input_app.h(26): warning:  #1-D: last line of file ends without a newline
  #endif
..\Src\discrete_output_app.h(7): warning:  #1-D: last line of file ends without a newline
  #endif
..\Src\mb_app.c: 5 warnings, 0 errors
compiling can_app.c...
..\Src\mfunc_app.h(40): warning:  #1-D: last line of file ends without a newline
  #endif
..\Src\can_app.h(26): warning:  #1-D: last line of file ends without a newline
  #endif
..\Src\usart_app.h(9): warning:  #1-D: last line of file ends without a newline
  #endif
..\Src\count_input_app.h(26): warning:  #1-D: last line of file ends without a newline
  #endif
..\Src\can_app.c(163): warning:  #167-D: argument of type "signed char *" is incompatible with parameter of type "const char *const"
                
TaskCreate(CAN1_Listening_Task,(signed char*)"CAN1 Listening",CAN1_LISTENING_STACK_SIZE,NULL, tskIDLE_PRIORITY + 1, NULL);
..\Src\can_app.c(164): warning:  #167-D: argument of type "signed char *" is incompatible with parameter of type "const char *const"
                
TaskCreate(CAN2_Sending_Task,(signed char*)"CAN2 Sending",128,NULL, tskIDLE_PRIORITY + 5, NULL);                
..\Src\can_app.c(170): warning:  #177-D: variable "temp" was declared but never referenced
        static uint8_t temp;
..\Src\can_app.c(228): warning:  #550-D: variable "temp" was set but never used
        static uint8_t temp=0;
..\Src\can_app.c(257): warning:  #177-D: variable "i" was declared but never referenced
                static uint32_t i=0;
..\Src\can_app.c(260): warning:  #177-D: variable "test" was declared but never referenced
        uint16_t test=0;
..\Src\can_app.c: 10 warnings, 0 errors
compiling mfunc_app.c...
..\Src\mfunc_app.h(40): warning:  #1-D: last line of file ends without a newline
  #endif
..\Src\can_app.h(26): warning:  #1-D: last line of file ends without a newline
  #endif
..\Src\usart_app.h(9): warning:  #1-D: last line of file ends without a newline
  #endif
..\Src\count_input_app.h(26): warning:  #1-D: last line of file ends without a newline
  #endif
..\Src\mfunc_app.c(119): warning:  #167-D: argument of type "signed char *" is incompatible with parameter of type "const char *const"
                
TaskCreate(Mfunc_Task,(signed char*)"Mfunc polling",128,NULL, tskIDLE_PRIORITY + 1, NULL);
..\Src\mfunc_app.c(231): warning:  #1-D: last line of file ends without a newline
  }
..\Src\mfunc_app.c: 6 warnings, 0 errors
compiling discrete_input_app.c...
..\Src\discrete_input_app.h(6): warning:  #1-D: last line of file ends without a newline
  #endif
..\Src\mfunc_app.h(40): warning:  #1-D: last line of file ends without a newline
  #endif
..\Src\can_app.h(26): warning:  #1-D: last line of file ends without a newline
  #endif
..\Src\usart_app.h(9): warning:  #1-D: last line of file ends without a newline
  #endif
..\Src\count_input_app.h(26): warning:  #1-D: last line of file ends without a newline
  #endif
..\Src\discrete_input_app.c(46): warning:  #167-D: argument of type "signed char *" is incompatible with parameter of type "const char *const"
        
TaskCreate(Discrete_Input_Task,(signed char*)"Discr input polling",128,NULL, tskIDLE_PRIORITY + 1, NULL);
..\Src\discrete_input_app.c(131): warning:  #1-D: last line of file ends without a newline
  }
..\Src\discrete_input_app.c: 7 warnings, 0 errors
compiling count_input_app.c...
..\Src\count_input_app.h(26): warning:  #1-D: last line of file ends without a newline
  #endif
..\Src\mfunc_app.h(40): warning:  #1-D: last line of file ends without a newline
  #endif
..\Src\can_app.h(26): warning:  #1-D: last line of file ends without a newline
  #endif
..\Src\usart_app.h(9): warning:  #1-D: last line of file ends without a newline
  #endif
..\Src\count_input_app.c: 4 warnings, 0 errors
linking...
Program Size: Code=31656 RO-data=1356 RW-data=816 ZI-data=36048  
FromELF: creating hex file...
"GLOSAV Configuration\GLOSAV Configuration.axf" - 0 Error(s), 38 Warning(s).

<h2>Collection of Component include folders:</h2>
  D:\PROJECTS\GIT_REPOSITORY\STM32\STM32F4_CAN_MODBUS\GLOSAV\MDK-ARM\RTE
  C:\Keil_v5\ARM\PACK\Keil\STM32F4xx_DFP\2.5.0\Drivers\CMSIS\Device\ST\STM32F4xx\Include

<h2>Collection of Component Files used:</h2>
Build Time Elapsed:  00:00:30
</pre>
</body>
</html>
