Component: ARM Compiler 5.06 (build 20) Tool: armlink [4d35a3]

==============================================================================

Section Cross References

    gpio.o(i.MX_GPIO_Init) refers to stm32f4xx_hal_gpio.o(i.HAL_GPIO_Init) for HAL_GPIO_Init
    i2c.o(i.HAL_I2C_MspDeInit) refers to stm32f4xx_hal_gpio.o(i.HAL_GPIO_DeInit) for HAL_GPIO_DeInit
    i2c.o(i.HAL_I2C_MspInit) refers to stm32f4xx_hal_gpio.o(i.HAL_GPIO_Init) for HAL_GPIO_Init
    i2c.o(i.MX_I2C2_Init) refers to stm32f4xx_hal_i2c.o(i.HAL_I2C_Init) for HAL_I2C_Init
    i2c.o(i.MX_I2C2_Init) refers to i2c.o(.bss) for .bss
    stm32f4xx_hal_msp.o(i.HAL_MspInit) refers to stm32f4xx_hal_cortex.o(i.HAL_NVIC_SetPriorityGrouping) for HAL_NVIC_SetPriorityGrouping
    stm32f4xx_hal_msp.o(i.HAL_MspInit) refers to stm32f4xx_hal_cortex.o(i.HAL_NVIC_SetPriority) for HAL_NVIC_SetPriority
    main.o(i.StartDefaultTask) refers to printfb.o(i.__0printf$bare) for __2printf
    main.o(i.StartDefaultTask) refers to stm32f4xx_hal_gpio.o(i.HAL_GPIO_TogglePin) for HAL_GPIO_TogglePin
    main.o(i.StartDefaultTask) refers to cmsis_os.o(i.osDelay) for osDelay
    main.o(i.SystemClock_Config) refers to stm32f4xx_hal_rcc.o(i.HAL_RCC_OscConfig) for HAL_RCC_OscConfig
    main.o(i.SystemClock_Config) refers to stm32f4xx_hal_rcc.o(i.HAL_RCC_ClockConfig) for HAL_RCC_ClockConfig
    main.o(i.main) refers to stm32f4xx_hal.o(i.HAL_Init) for HAL_Init
    main.o(i.main) refers to main.o(i.SystemClock_Config) for SystemClock_Config
    main.o(i.main) refers to gpio.o(i.MX_GPIO_Init) for MX_GPIO_Init
    main.o(i.main) refers to adc.o(i.MX_ADC3_Init) for MX_ADC3_Init
    main.o(i.main) refers to can.o(i.MX_CAN1_Init) for MX_CAN1_Init
    main.o(i.main) refers to can.o(i.MX_CAN2_Init) for MX_CAN2_Init
    main.o(i.main) refers to i2c.o(i.MX_I2C2_Init) for MX_I2C2_Init
    main.o(i.main) refers to spi.o(i.MX_SPI1_Init) for MX_SPI1_Init
    main.o(i.main) refers to spi.o(i.MX_SPI2_Init) for MX_SPI2_Init
    main.o(i.main) refers to spi.o(i.MX_SPI3_Init) for MX_SPI3_Init
    main.o(i.main) refers to tim.o(i.MX_TIM2_Init) for MX_TIM2_Init
    main.o(i.main) refers to usart.o(i.MX_UART4_Init) for MX_UART4_Init
    main.o(i.main) refers to usart.o(i.MX_UART5_Init) for MX_UART5_Init
    main.o(i.main) refers to usart.o(i.MX_USART1_UART_Init) for MX_USART1_UART_Init
    main.o(i.main) refers to usart.o(i.MX_USART2_UART_Init) for MX_USART2_UART_Init
    main.o(i.main) refers to usart.o(i.MX_USART3_UART_Init) for MX_USART3_UART_Init
    main.o(i.main) refers to usart.o(i.MX_USART6_UART_Init) for MX_USART6_UART_Init
    main.o(i.main) refers to gpio_app.o(i.MAIN_GPIO_Init) for MAIN_GPIO_Init
    main.o(i.main) refers to usart_app.o(i.startUARTRcv) for startUARTRcv
    main.o(i.main) refers to can_app.o(i.CAN_App_Init) for CAN_App_Init
    main.o(i.main) refers to freertos.o(i.MX_FREERTOS_Init) for MX_FREERTOS_Init
    main.o(i.main) refers to cmsis_os.o(i.osKernelStart) for osKernelStart
    main.o(i.main) refers to usart.o(.bss) for huart1
    adc.o(i.HAL_ADC_MspDeInit) refers to stm32f4xx_hal_gpio.o(i.HAL_GPIO_DeInit) for HAL_GPIO_DeInit
    adc.o(i.HAL_ADC_MspInit) refers to stm32f4xx_hal_gpio.o(i.HAL_GPIO_Init) for HAL_GPIO_Init
    adc.o(i.MX_ADC3_Init) refers to stm32f4xx_hal_adc.o(i.HAL_ADC_Init) for HAL_ADC_Init
    adc.o(i.MX_ADC3_Init) refers to stm32f4xx_hal_adc.o(i.HAL_ADC_ConfigChannel) for HAL_ADC_ConfigChannel
    adc.o(i.MX_ADC3_Init) refers to adc.o(.bss) for .bss
    spi.o(i.HAL_SPI_MspDeInit) refers to stm32f4xx_hal_gpio.o(i.HAL_GPIO_DeInit) for HAL_GPIO_DeInit
    spi.o(i.HAL_SPI_MspInit) refers to stm32f4xx_hal_gpio.o(i.HAL_GPIO_Init) for HAL_GPIO_Init
    spi.o(i.MX_SPI1_Init) refers to stm32f4xx_hal_spi.o(i.HAL_SPI_Init) for HAL_SPI_Init
    spi.o(i.MX_SPI1_Init) refers to spi.o(.bss) for .bss
    spi.o(i.MX_SPI2_Init) refers to stm32f4xx_hal_spi.o(i.HAL_SPI_Init) for HAL_SPI_Init
    spi.o(i.MX_SPI2_Init) refers to spi.o(.bss) for .bss
    spi.o(i.MX_SPI3_Init) refers to stm32f4xx_hal_spi.o(i.HAL_SPI_Init) for HAL_SPI_Init
    spi.o(i.MX_SPI3_Init) refers to spi.o(.bss) for .bss
    tim.o(i.HAL_TIM_Base_MspDeInit) refers to stm32f4xx_hal_cortex.o(i.HAL_NVIC_DisableIRQ) for HAL_NVIC_DisableIRQ
    tim.o(i.HAL_TIM_Base_MspInit) refers to stm32f4xx_hal_cortex.o(i.HAL_NVIC_SetPriority) for HAL_NVIC_SetPriority
    tim.o(i.HAL_TIM_Base_MspInit) refers to stm32f4xx_hal_cortex.o(i.HAL_NVIC_EnableIRQ) for HAL_NVIC_EnableIRQ
    tim.o(i.MX_TIM2_Init) refers to stm32f4xx_hal_tim.o(i.HAL_TIM_Base_Init) for HAL_TIM_Base_Init
    tim.o(i.MX_TIM2_Init) refers to stm32f4xx_hal_tim.o(i.HAL_TIM_ConfigClockSource) for HAL_TIM_ConfigClockSource
    tim.o(i.MX_TIM2_Init) refers to stm32f4xx_hal_tim_ex.o(i.HAL_TIMEx_MasterConfigSynchronization) for HAL_TIMEx_MasterConfigSynchronization
    tim.o(i.MX_TIM2_Init) refers to tim.o(.bss) for .bss
    usart.o(i.HAL_UART_MspDeInit) refers to stm32f4xx_hal_gpio.o(i.HAL_GPIO_DeInit) for HAL_GPIO_DeInit
[...]
    i.vQueueAddToRegistry                    0x08004730   Section        0  queue.o(i.vQueueAddToRegistry)
    i.vQueueWaitForMessageRestricted         0x08004758   Section        0  queue.o(i.vQueueWaitForMessageRestricted)
    i.vTaskDelay                             0x08004790   Section        0  tasks_1.o(i.vTaskDelay)
    i.vTaskDelayUntil                        0x080047e0   Section        0  tasks_1.o(i.vTaskDelayUntil)
    i.vTaskMissedYield                       0x0800485c   Section        0  tasks_1.o(i.vTaskMissedYield)
    i.vTaskPlaceOnEventList                  0x08004868   Section        0  tasks_1.o(i.vTaskPlaceOnEventList)
    i.vTaskPlaceOnEventListRestricted        0x080048c0   Section        0  tasks_1.o(i.vTaskPlaceOnEventListRestricted)
    i.vTaskPriorityInherit                   0x08004904   Section        0  tasks_1.o(i.vTaskPriorityInherit)
    i.vTaskSetTimeOutState                   0x08004988   Section        0  tasks_1.o(i.vTaskSetTimeOutState)
    i.vTaskStartScheduler                    0x080049a4   Section        0  tasks_1.o(i.vTaskStartScheduler)
    i.vTaskSuspendAll                        0x080049f8   Section        0  tasks_1.o(i.vTaskSuspendAll)
    i.vTaskSwitchContext                     0x08004a08   Section        0  tasks_1.o(i.vTaskSwitchContext)
    i.xMBASCIIReceiveFSM                     0x08004a8c   Section        0  mbascii.o(i.xMBASCIIReceiveFSM)
    i.xMBASCIITimerT1SExpired                0x08004b70   Section        0  mbascii.o(i.xMBASCIITimerT1SExpired)
    i.xMBASCIITransmitFSM                    0x08004ba0   Section        0  mbascii.o(i.xMBASCIITransmitFSM)
    i.xMBPortEventGet                        0x08004c4c   Section        0  portevent.o(i.xMBPortEventGet)
    i.xMBPortEventInit                       0x08004c6c   Section        0  portevent.o(i.xMBPortEventInit)
    i.xMBPortEventPost                       0x08004c8c   Section        0  portevent.o(i.xMBPortEventPost)
    i.xMBPortSerialGetByte                   0x08004cb8   Section        0  portserial.o(i.xMBPortSerialGetByte)
    i.xMBPortSerialInit                      0x08004cc8   Section        0  portserial.o(i.xMBPortSerialInit)
    i.xMBPortSerialPutByte                   0x08004cf4   Section        0  portserial.o(i.xMBPortSerialPutByte)
    i.xMBPortTimersInit                      0x08004d20   Section        0  porttimer.o(i.xMBPortTimersInit)
    i.xMBRTUReceiveFSM                       0x08004d70   Section        0  mbrtu.o(i.xMBRTUReceiveFSM)
    i.xMBRTUTimerT35Expired                  0x08004dd8   Section        0  mbrtu.o(i.xMBRTUTimerT35Expired)
    i.xMBRTUTransmitFSM                      0x08004e18   Section        0  mbrtu.o(i.xMBRTUTransmitFSM)
    i.xPortStartScheduler                    0x08004e74   Section        0  port.o(i.xPortStartScheduler)
    i.xPortSysTickHandler                    0x08004ef8   Section        0  port.o(i.xPortSysTickHandler)
    i.xQueueGenericCreate                    0x08004f1c   Section        0  queue.o(i.xQueueGenericCreate)
    i.xQueueGenericReceive                   0x08004f64   Section        0  queue.o(i.xQueueGenericReceive)
    i.xQueueGenericReset                     0x08005092   Section        0  queue.o(i.xQueueGenericReset)
    i.xQueueGenericSend                      0x080050fc   Section        0  queue.o(i.xQueueGenericSend)
    i.xQueueGenericSendFromISR               0x08005210   Section        0  queue.o(i.xQueueGenericSendFromISR)
    i.xTaskCheckForTimeOut                   0x080052a4   Section        0  tasks_1.o(i.xTaskCheckForTimeOut)
    i.xTaskGenericCreate                     0x080052fc   Section        0  tasks_1.o(i.xTaskGenericCreate)
    i.xTaskGetSchedulerState                 0x08005480   Section        0  tasks_1.o(i.xTaskGetSchedulerState)
    i.xTaskGetTickCount                      0x0800549c   Section        0  tasks_1.o(i.xTaskGetTickCount)
    i.xTaskIncrementTick                     0x080054b4   Section        0  tasks_1.o(i.xTaskIncrementTick)
    i.xTaskPriorityDisinherit                0x08005580   Section        0  tasks_1.o(i.xTaskPriorityDisinherit)
    i.xTaskRemoveFromEventList               0x080055f8   Section        0  tasks_1.o(i.xTaskRemoveFromEventList)
    i.xTaskResumeAll                         0x08005664   Section        0  tasks_1.o(i.xTaskResumeAll)
    i.xTimerCreate                           0x08005710   Section        0  timers.o(i.xTimerCreate)
    i.xTimerCreateTimerTask                  0x08005750   Section        0  timers.o(i.xTimerCreateTimerTask)
    i.xTimerGenericCommand                   0x08005794   Section        0  timers.o(i.xTimerGenericCommand)
    .constdata                               0x080057dc   Section       20  freertos.o(.constdata)
    .constdata                               0x080057f0   Section      220  tasks.o(.constdata)
    .constdata                               0x080058cc   Section       16  stm32f4xx_hal_rcc.o(.constdata)
    .constdata                               0x080058dc   Section       20  tasks_1.o(.constdata)
    ucExpectedStackBytes                     0x080058dc   Data          20  tasks_1.o(.constdata)
    .constdata                               0x080058f0   Section      512  mbcrc.o(.constdata)
    aucCRCHi                                 0x080058f0   Data         256  mbcrc.o(.constdata)
    aucCRCLo                                 0x080059f0   Data         256  mbcrc.o(.constdata)
    .conststring                             0x08005af0   Section       12  freertos.o(.conststring)
    .conststring                             0x08005afc   Section       89  tasks.o(.conststring)
    .data                                    0x20000000   Section        4  freertos.o(.data)
    .data                                    0x20000004   Section       76  tasks.o(.data)
    .data                                    0x20000050   Section       12  usart_app.o(.data)
    .data                                    0x2000005c   Section      196  mb_app.o(.data)
    RX_FIFO_Handlers                         0x200000a0   Data          64  mb_app.o(.data)
    TX_FIFO_Handlers                         0x200000e0   Data          64  mb_app.o(.data)
    .data                                    0x20000120   Section       20  can_app.o(.data)
    temp                                     0x20000120   Data           1  can_app.o(.data)
    i                                        0x20000124   Data           4  can_app.o(.data)
    xHigherPriorityTaskWoken                 0x20000128   Data           4  can_app.o(.data)
    i                                        0x2000012c   Data           4  can_app.o(.data)
    .data                                    0x20000134   Section        4  stm32f4xx_hal.o(.data)
    uwTick                                   0x20000134   Data           4  stm32f4xx_hal.o(.data)
    .data                                    0x20000138   Section       20  system_stm32f4xx.o(.data)
    .data                                    0x2000014c   Section       16  timers.o(.data)
    xTimerQueue                              0x2000014c   Data           4  timers.o(.data)
    xLastTime                                0x20000150   Data           4  timers.o(.data)
    pxCurrentTimerList                       0x20000154   Data           4  timers.o(.data)
    pxOverflowTimerList                      0x20000158   Data           4  timers.o(.data)
    .data                                    0x2000015c   Section       24  heap_4.o(.data)
    pxEnd                                    0x2000015c   Data           4  heap_4.o(.data)
    xFreeBytesRemaining                      0x20000160   Data           4  heap_4.o(.data)
    xMinimumEverFreeBytesRemaining           0x20000164   Data           4  heap_4.o(.data)
    xBlockAllocatedBit                       0x20000168   Data           4  heap_4.o(.data)
    xStart                                   0x2000016c   Data           8  heap_4.o(.data)
    .data                                    0x20000174   Section       12  port.o(.data)
    ucMaxSysCallPriority                     0x20000174   Data           1  port.o(.data)
    uxCriticalNesting                        0x20000178   Data           4  port.o(.data)
    ulMaxPRIGROUPValue                       0x2000017c   Data           4  port.o(.data)
    .data                                    0x20000180   Section       56  tasks_1.o(.data)
    uxTasksDeleted                           0x20000184   Data           4  tasks_1.o(.data)
    uxCurrentNumberOfTasks                   0x20000188   Data           4  tasks_1.o(.data)
    xTickCount                               0x2000018c   Data           4  tasks_1.o(.data)
    uxTopReadyPriority                       0x20000190   Data           4  tasks_1.o(.data)
    xSchedulerRunning                        0x20000194   Data           4  tasks_1.o(.data)
    uxPendedTicks                            0x20000198   Data           4  tasks_1.o(.data)
    xYieldPending                            0x2000019c   Data           4  tasks_1.o(.data)
    xNumOfOverflows                          0x200001a0   Data           4  tasks_1.o(.data)
    uxTaskNumber                             0x200001a4   Data           4  tasks_1.o(.data)
    xNextTaskUnblockTime                     0x200001a8   Data           4  tasks_1.o(.data)
    uxSchedulerSuspended                     0x200001ac   Data           4  tasks_1.o(.data)
    pxDelayedTaskList                        0x200001b0   Data           4  tasks_1.o(.data)
    pxOverflowDelayedTaskList                0x200001b4   Data           4  tasks_1.o(.data)
    .data                                    0x200001b8   Section      172  mb.o(.data)
    eMBState                                 0x200001b8   Data           1  mb.o(.data)
    ucRcvAddress                             0x200001b9   Data           1  mb.o(.data)
    ucFunctionCode                           0x200001ba   Data           1  mb.o(.data)
    eException                               0x200001bb   Data           1  mb.o(.data)
    ucMBAddress                              0x200001bc   Data           1  mb.o(.data)
    eMBCurrentMode                           0x200001bd   Data           1  mb.o(.data)
    usLength                                 0x200001be   Data           2  mb.o(.data)
    ucMBFrame                                0x200001c0   Data           4  mb.o(.data)
    peMBFrameSendCur                         0x200001c4   Data           4  mb.o(.data)
    pvMBFrameStartCur                        0x200001c8   Data           4  mb.o(.data)
    pvMBFrameStopCur                         0x200001cc   Data           4  mb.o(.data)
    peMBFrameReceiveCur                      0x200001d0   Data           4  mb.o(.data)
    pvMBFrameCloseCur                        0x200001d4   Data           4  mb.o(.data)
    xFuncHandlers                            0x200001e4   Data         128  mb.o(.data)
    .data                                    0x20000264   Section       12  mbrtu.o(.data)
    eSndState                                0x20000264   Data           1  mbrtu.o(.data)
    eRcvState                                0x20000265   Data           1  mbrtu.o(.data)
    usSndBufferCount                         0x20000266   Data           2  mbrtu.o(.data)
    usRcvBufferPos                           0x20000268   Data           2  mbrtu.o(.data)
    pucSndBufferCur                          0x2000026c   Data           4  mbrtu.o(.data)
    .data                                    0x20000270   Section        2  mbfuncother.o(.data)
    usMBSlaveIDLen                           0x20000270   Data           2  mbfuncother.o(.data)
    .data                                    0x20000274   Section       16  mbascii.o(.data)
    eSndState                                0x20000274   Data           1  mbascii.o(.data)
    eRcvState                                0x20000275   Data           1  mbascii.o(.data)
    eBytePos                                 0x20000276   Data           1  mbascii.o(.data)
    ucMBLFCharacter                          0x20000277   Data           1  mbascii.o(.data)
    usRcvBufferPos                           0x20000278   Data           2  mbascii.o(.data)
    usSndBufferCount                         0x2000027a   Data           2  mbascii.o(.data)
    ucASCIIBuf                               0x2000027c   Data           4  mbascii.o(.data)
    pucSndBufferCur                          0x20000280   Data           4  mbascii.o(.data)
    .data                                    0x20000284   Section        4  portevent.o(.data)
    xQueueHdl                                0x20000284   Data           4  portevent.o(.data)
    .data                                    0x20000288   Section        1  portserial.o(.data)
    txByte                                   0x20000288   Data           1  portserial.o(.data)
    .data                                    0x20000289   Section        1  portother.o(.data)
    bIsWithinException                       0x20000289   Data           1  portother.o(.data)
    .data                                    0x2000028c   Section        4  stdout.o(.data)
    .bss                                     0x20000290   Section       60  i2c.o(.bss)
    .bss                                     0x200002cc   Section       68  adc.o(.bss)
    .bss                                     0x20000310   Section      264  spi.o(.bss)
    .bss                                     0x20000418   Section       60  tim.o(.bss)
    .bss                                     0x20000454   Section      384  usart.o(.bss)
    .bss                                     0x200005d4   Section      128  can.o(.bss)
    .bss                                     0x20000654   Section      128  mb_app.o(.bss)
    .bss                                     0x200006d4   Section       60  can_app.o(.bss)
    can1RxMessage                            0x200006d4   Data          60  can_app.o(.bss)
    .bss                                     0x20000710   Section       40  timers.o(.bss)
    xActiveTimerList1                        0x20000710   Data          20  timers.o(.bss)
    xActiveTimerList2                        0x20000724   Data          20  timers.o(.bss)
    .bss                                     0x20000738   Section    32768  heap_4.o(.bss)
    ucHeap                                   0x20000738   Data       32768  heap_4.o(.bss)
    .bss                                     0x20008738   Section       64  queue.o(.bss)
    .bss                                     0x20008778   Section      240  tasks_1.o(.bss)
    pxReadyTasksLists                        0x20008778   Data         140  tasks_1.o(.bss)
    xDelayedTaskList1                        0x20008804   Data          20  tasks_1.o(.bss)
    xDelayedTaskList2                        0x20008818   Data          20  tasks_1.o(.bss)
    xPendingReadyList                        0x2000882c   Data          20  tasks_1.o(.bss)
    xTasksWaitingTermination                 0x20008840   Data          20  tasks_1.o(.bss)
    xSuspendedTaskList                       0x20008854   Data          20  tasks_1.o(.bss)
    .bss                                     0x20008868   Section      256  mbrtu.o(.bss)
    .bss                                     0x20008968   Section       32  mbfuncother.o(.bss)
    ucMBSlaveID                              0x20008968   Data          32  mbfuncother.o(.bss)
    STACK                                    0x20008988   Section     1024  startup_stm32f429xx.o(STACK)

    Global Symbols

    Symbol Name                              Value     Ov Type        Size  Object(Section)

    BuildAttributes$$THM_ISAv4$E$P$D$K$B$S$7EM$VFPi3$EXTD16$VFPS$VFMA$PE$A:L22UL41UL21$X:L11$S22US41US21$IEEE1$IW$USESV6$~STKCKD$USESV7$~SHL$OSPACE$ROPI$EBA8$MICROLIB$REQ8$PRES8$EABIv2 0x00000000   Number         0  anon$$obj.o ABSOLUTE
    __ARM_use_no_argv                        0x00000000   Number         0  main.o ABSOLUTE
    __cpp_initialize__aeabi_                  - Undefined Weak Reference
    __cxa_finalize                            - Undefined Weak Reference
    _clock_init                               - Undefined Weak Reference
    _microlib_exit                            - Undefined Weak Reference
    __Vectors_Size                           0x000001ac   Number         0  startup_stm32f429xx.o ABSOLUTE
    __Vectors                                0x08000000   Data           4  startup_stm32f429xx.o(RESET)
    __Vectors_End                            0x080001ac   Data           0  startup_stm32f429xx.o(RESET)
    __main                                   0x080001ad   Thumb Code     0  entry.o(.ARM.Collect$$$$00000000)
    _main_stk                                0x080001ad   Thumb Code     0  entry2.o(.ARM.Collect$$$$00000001)
    _main_scatterload                        0x080001b1   Thumb Code     0  entry5.o(.ARM.Collect$$$$00000004)
    __main_after_scatterload                 0x080001b5   Thumb Code     0  entry5.o(.ARM.Collect$$$$00000004)
    _main_clock                              0x080001b5   Thumb Code     0  entry7b.o(.ARM.Collect$$$$00000008)
    _main_cpp_init                           0x080001b5   Thumb Code     0  entry8b.o(.ARM.Collect$$$$0000000A)
    _main_init                               0x080001b5   Thumb Code     0  entry9a.o(.ARM.Collect$$$$0000000B)
    __rt_final_cpp                           0x080001bd   Thumb Code     0  entry10a.o(.ARM.Collect$$$$0000000D)
    __rt_final_exit                          0x080001bd   Thumb Code     0  entry11a.o(.ARM.Collect$$$$0000000F)
    SVC_Handler                              0x080001c1   Thumb Code    28  port.o(.emb_text)
    __asm___6_port_c_39a90d8d__prvStartFirstTask 0x080001e1   Thumb Code    28  port.o(.emb_text)
    __asm___6_port_c_39a90d8d__prvEnableVFP  0x08000201   Thumb Code    16  port.o(.emb_text)
    PendSV_Handler                           0x08000215   Thumb Code    84  port.o(.emb_text)
    ulPortSetInterruptMask                   0x0800026d   Thumb Code    14  port.o(.emb_text)
    vPortClearInterruptMask                  0x0800027b   Thumb Code     6  port.o(.emb_text)
    vPortGetIPSR                             0x08000281   Thumb Code     6  port.o(.emb_text)
    Reset_Handler                            0x08000289   Thumb Code     8  startup_stm32f429xx.o(.text)
    NMI_Handler                              0x08000291   Thumb Code     2  startup_stm32f429xx.o(.text)
    HardFault_Handler                        0x08000293   Thumb Code     2  startup_stm32f429xx.o(.text)
    MemManage_Handler                        0x08000295   Thumb Code     2  startup_stm32f429xx.o(.text)
    BusFault_Handler                         0x08000297   Thumb Code     2  startup_stm32f429xx.o(.text)
    UsageFault_Handler                       0x08000299   Thumb Code     2  startup_stm32f429xx.o(.text)
    DebugMon_Handler                         0x0800029d   Thumb Code     2  startup_stm32f429xx.o(.text)
    ADC_IRQHandler                           0x080002a3   Thumb Code     0  startup_stm32f429xx.o(.text)
    CAN1_RX1_IRQHandler                      0x080002a3   Thumb Code     0  startup_stm32f429xx.o(.text)
    CAN1_SCE_IRQHandler                      0x080002a3   Thumb Code     0  startup_stm32f429xx.o(.text)
    CAN1_TX_IRQHandler                       0x080002a3   Thumb Code     0  startup_stm32f429xx.o(.text)
    CAN2_RX0_IRQHandler                      0x080002a3   Thumb Code     0  startup_stm32f429xx.o(.text)
    CAN2_RX1_IRQHandler                      0x080002a3   Thumb Code     0  startup_stm32f429xx.o(.text)
    CAN2_SCE_IRQHandler                      0x080002a3   Thumb Code     0  startup_stm32f429xx.o(.text)
    CAN2_TX_IRQHandler                       0x080002a3   Thumb Code     0  startup_stm32f429xx.o(.text)
    DCMI_IRQHandler                          0x080002a3   Thumb Code     0  startup_stm32f429xx.o(.text)
    DMA1_Stream0_IRQHandler                  0x080002a3   Thumb Code     0  startup_stm32f429xx.o(.text)
    DMA1_Stream1_IRQHandler                  0x080002a3   Thumb Code     0  startup_stm32f429xx.o(.text)
    DMA1_Stream2_IRQHandler                  0x080002a3   Thumb Code     0  startup_stm32f429xx.o(.text)
    DMA1_Stream3_IRQHandler                  0x080002a3   Thumb Code     0  startup_stm32f429xx.o(.text)
    DMA1_Stream4_IRQHandler                  0x080002a3   Thumb Code     0  startup_stm32f429xx.o(.text)
    DMA1_Stream5_IRQHandler                  0x080002a3   Thumb Code     0  startup_stm32f429xx.o(.text)
    DMA1_Stream6_IRQHandler                  0x080002a3   Thumb Code     0  startup_stm32f429xx.o(.text)
    DMA1_Stream7_IRQHandler                  0x080002a3   Thumb Code     0  startup_stm32f429xx.o(.text)
    DMA2D_IRQHandler                         0x080002a3   Thumb Code     0  startup_stm32f429xx.o(.text)
    DMA2_Stream0_IRQHandler                  0x080002a3   Thumb Code     0  startup_stm32f429xx.o(.text)
    DMA2_Stream1_IRQHandler                  0x080002a3   Thumb Code     0  startup_stm32f429xx.o(.text)
    DMA2_Stream2_IRQHandler                  0x080002a3   Thumb Code     0  startup_stm32f429xx.o(.text)
    DMA2_Stream3_IRQHandler                  0x080002a3   Thumb Code     0  startup_stm32f429xx.o(.text)
    DMA2_Stream4_IRQHandler                  0x080002a3   Thumb Code     0  startup_stm32f429xx.o(.text)
    DMA2_Stream5_IRQHandler                  0x080002a3   Thumb Code     0  startup_stm32f429xx.o(.text)
    DMA2_Stream6_IRQHandler                  0x080002a3   Thumb Code     0  startup_stm32f429xx.o(.text)
    DMA2_Stream7_IRQHandler                  0x080002a3   Thumb Code     0  startup_stm32f429xx.o(.text)
    ETH_IRQHandler                           0x080002a3   Thumb Code     0  startup_stm32f429xx.o(.text)
    ETH_WKUP_IRQHandler                      0x080002a3   Thumb Code     0  startup_stm32f429xx.o(.text)
    EXTI0_IRQHandler                         0x080002a3   Thumb Code     0  startup_stm32f429xx.o(.text)
    EXTI15_10_IRQHandler                     0x080002a3   Thumb Code     0  startup_stm32f429xx.o(.text)
    EXTI1_IRQHandler                         0x080002a3   Thumb Code     0  startup_stm32f429xx.o(.text)
    EXTI2_IRQHandler                         0x080002a3   Thumb Code     0  startup_stm32f429xx.o(.text)
    EXTI3_IRQHandler                         0x080002a3   Thumb Code     0  startup_stm32f429xx.o(.text)
    EXTI4_IRQHandler                         0x080002a3   Thumb Code     0  startup_stm32f429xx.o(.text)
    EXTI9_5_IRQHandler                       0x080002a3   Thumb Code     0  startup_stm32f429xx.o(.text)
    FLASH_IRQHandler                         0x080002a3   Thumb Code     0  startup_stm32f429xx.o(.text)
    FMC_IRQHandler                           0x080002a3   Thumb Code     0  startup_stm32f429xx.o(.text)
    FPU_IRQHandler                           0x080002a3   Thumb Code     0  startup_stm32f429xx.o(.text)
    HASH_RNG_IRQHandler                      0x080002a3   Thumb Code     0  startup_stm32f429xx.o(.text)
    I2C1_ER_IRQHandler                       0x080002a3   Thumb Code     0  startup_stm32f429xx.o(.text)
    I2C1_EV_IRQHandler                       0x080002a3   Thumb Code     0  startup_stm32f429xx.o(.text)
    I2C2_ER_IRQHandler                       0x080002a3   Thumb Code     0  startup_stm32f429xx.o(.text)
    I2C2_EV_IRQHandler                       0x080002a3   Thumb Code     0  startup_stm32f429xx.o(.text)
    I2C3_ER_IRQHandler                       0x080002a3   Thumb Code     0  startup_stm32f429xx.o(.text)
    I2C3_EV_IRQHandler                       0x080002a3   Thumb Code     0  startup_stm32f429xx.o(.text)
    LTDC_ER_IRQHandler                       0x080002a3   Thumb Code     0  startup_stm32f429xx.o(.text)
    LTDC_IRQHandler                          0x080002a3   Thumb Code     0  startup_stm32f429xx.o(.text)
    OTG_FS_IRQHandler                        0x080002a3   Thumb Code     0  startup_stm32f429xx.o(.text)
    OTG_FS_WKUP_IRQHandler                   0x080002a3   Thumb Code     0  startup_stm32f429xx.o(.text)
    OTG_HS_EP1_IN_IRQHandler                 0x080002a3   Thumb Code     0  startup_stm32f429xx.o(.text)
    OTG_HS_EP1_OUT_IRQHandler                0x080002a3   Thumb Code     0  startup_stm32f429xx.o(.text)
    OTG_HS_IRQHandler                        0x080002a3   Thumb Code     0  startup_stm32f429xx.o(.text)
    OTG_HS_WKUP_IRQHandler                   0x080002a3   Thumb Code     0  startup_stm32f429xx.o(.text)
    PVD_IRQHandler                           0x080002a3   Thumb Code     0  startup_stm32f429xx.o(.text)
    RCC_IRQHandler                           0x080002a3   Thumb Code     0  startup_stm32f429xx.o(.text)
    RTC_Alarm_IRQHandler                     0x080002a3   Thumb Code     0  startup_stm32f429xx.o(.text)
    RTC_WKUP_IRQHandler                      0x080002a3   Thumb Code     0  startup_stm32f429xx.o(.text)
    SAI1_IRQHandler                          0x080002a3   Thumb Code     0  startup_stm32f429xx.o(.text)
    SDIO_IRQHandler                          0x080002a3   Thumb Code     0  startup_stm32f429xx.o(.text)
    SPI1_IRQHandler                          0x080002a3   Thumb Code     0  startup_stm32f429xx.o(.text)
    SPI2_IRQHandler                          0x080002a3   Thumb Code     0  startup_stm32f429xx.o(.text)
    SPI3_IRQHandler                          0x080002a3   Thumb Code     0  startup_stm32f429xx.o(.text)
    SPI4_IRQHandler                          0x080002a3   Thumb Code     0  startup_stm32f429xx.o(.text)
    SPI5_IRQHandler                          0x080002a3   Thumb Code     0  startup_stm32f429xx.o(.text)
    SPI6_IRQHandler                          0x080002a3   Thumb Code     0  startup_stm32f429xx.o(.text)
    TAMP_STAMP_IRQHandler                    0x080002a3   Thumb Code     0  startup_stm32f429xx.o(.text)
    TIM1_BRK_TIM9_IRQHandler                 0x080002a3   Thumb Code     0  startup_stm32f429xx.o(.text)
    TIM1_CC_IRQHandler                       0x080002a3   Thumb Code     0  startup_stm32f429xx.o(.text)
    TIM1_TRG_COM_TIM11_IRQHandler            0x080002a3   Thumb Code     0  startup_stm32f429xx.o(.text)
    TIM1_UP_TIM10_IRQHandler                 0x080002a3   Thumb Code     0  startup_stm32f429xx.o(.text)
    TIM3_IRQHandler                          0x080002a3   Thumb Code     0  startup_stm32f429xx.o(.text)
    TIM4_IRQHandler                          0x080002a3   Thumb Code     0  startup_stm32f429xx.o(.text)
    TIM5_IRQHandler                          0x080002a3   Thumb Code     0  startup_stm32f429xx.o(.text)
    TIM6_DAC_IRQHandler                      0x080002a3   Thumb Code     0  startup_stm32f429xx.o(.text)
    TIM7_IRQHandler                          0x080002a3   Thumb Code     0  startup_stm32f429xx.o(.text)
    TIM8_BRK_TIM12_IRQHandler                0x080002a3   Thumb Code     0  startup_stm32f429xx.o(.text)
    TIM8_CC_IRQHandler                       0x080002a3   Thumb Code     0  startup_stm32f429xx.o(.text)
    TIM8_TRG_COM_TIM14_IRQHandler            0x080002a3   Thumb Code     0  startup_stm32f429xx.o(.text)
    TIM8_UP_TIM13_IRQHandler                 0x080002a3   Thumb Code     0  startup_stm32f429xx.o(.text)
    UART7_IRQHandler                         0x080002a3   Thumb Code     0  startup_stm32f429xx.o(.text)
    UART8_IRQHandler                         0x080002a3   Thumb Code     0  startup_stm32f429xx.o(.text)
    WWDG_IRQHandler                          0x080002a3   Thumb Code     0  startup_stm32f429xx.o(.text)
    __aeabi_memcpy                           0x080002ad   Thumb Code    36  memcpya.o(.text)
    __aeabi_memcpy4                          0x080002ad   Thumb Code     0  memcpya.o(.text)
    __aeabi_memcpy8                          0x080002ad   Thumb Code     0  memcpya.o(.text)
    __aeabi_memset                           0x080002d1   Thumb Code    14  memseta.o(.text)
    __aeabi_memset4                          0x080002d1   Thumb Code     0  memseta.o(.text)
    __aeabi_memset8                          0x080002d1   Thumb Code     0  memseta.o(.text)
    __aeabi_memclr                           0x080002df   Thumb Code     4  memseta.o(.text)
    __aeabi_memclr4                          0x080002df   Thumb Code     0  memseta.o(.text)
    __aeabi_memclr8                          0x080002df   Thumb Code     0  memseta.o(.text)
    _memset$wrapper                          0x080002e3   Thumb Code    18  memseta.o(.text)
    memcmp                                   0x080002f5   Thumb Code    26  memcmp.o(.text)
    __scatterload                            0x08000311   Thumb Code    28  init.o(.text)
    __scatterload_rt2                        0x08000311   Thumb Code     0  init.o(.text)
    __decompress                             0x08000335   Thumb Code     0  __dczerorl2.o(.text)
    __decompress1                            0x08000335   Thumb Code    86  __dczerorl2.o(.text)
    CAN1_Handling_Message                    0x080004a9   Thumb Code     2  can_app.o(i.CAN1_Handling_Message)
    CAN1_RX0_IRQHandler                      0x080004cd   Thumb Code     6  stm32f4xx_it.o(i.CAN1_RX0_IRQHandler)
    CAN_App_Init                             0x0800052d   Thumb Code    70  can_app.o(i.CAN_App_Init)
    Callback01                               0x08000745   Thumb Code     2  tasks.o(i.Callback01)
    HAL_ADC_ConfigChannel                    0x08000749   Thumb Code   288  stm32f4xx_hal_adc.o(i.HAL_ADC_ConfigChannel)
    HAL_ADC_Init                             0x0800086d   Thumb Code    52  stm32f4xx_hal_adc.o(i.HAL_ADC_Init)
    HAL_ADC_MspInit                          0x080008a1   Thumb Code    48  adc.o(i.HAL_ADC_MspInit)
    HAL_CAN_ConfigFilter                     0x080008dd   Thumb Code   218  stm32f4xx_hal_can.o(i.HAL_CAN_ConfigFilter)
    HAL_CAN_ErrorCallback                    0x080009c1   Thumb Code    10  can_app.o(i.HAL_CAN_ErrorCallback)
    HAL_CAN_IRQHandler                       0x080009d1   Thumb Code   394  stm32f4xx_hal_can.o(i.HAL_CAN_IRQHandler)
    HAL_CAN_Init                             0x08000b69   Thumb Code   324  stm32f4xx_hal_can.o(i.HAL_CAN_Init)
    HAL_CAN_MspInit                          0x08000cad   Thumb Code    72  can.o(i.HAL_CAN_MspInit)
    HAL_CAN_Receive_IT                       0x08000d05   Thumb Code   134  stm32f4xx_hal_can.o(i.HAL_CAN_Receive_IT)
    HAL_CAN_RxCpltCallback                   0x08000d8d   Thumb Code    48  can_app.o(i.HAL_CAN_RxCpltCallback)
    HAL_CAN_Transmit                         0x08000dc5   Thumb Code   398  stm32f4xx_hal_can.o(i.HAL_CAN_Transmit)
    HAL_CAN_TxCpltCallback                   0x08000f61   Thumb Code    10  can_app.o(i.HAL_CAN_TxCpltCallback)
    HAL_GPIO_Init                            0x08000f71   Thumb Code   390  stm32f4xx_hal_gpio.o(i.HAL_GPIO_Init)
    HAL_GPIO_TogglePin                       0x08001129   Thumb Code     8  stm32f4xx_hal_gpio.o(i.HAL_GPIO_TogglePin)
    HAL_GPIO_WritePin                        0x08001131   Thumb Code    10  stm32f4xx_hal_gpio.o(i.HAL_GPIO_WritePin)
    HAL_GetTick                              0x0800113d   Thumb Code     6  stm32f4xx_hal.o(i.HAL_GetTick)
    HAL_I2C_Init                             0x08001149   Thumb Code   246  stm32f4xx_hal_i2c.o(i.HAL_I2C_Init)
    HAL_I2C_MspInit                          0x08001249   Thumb Code    52  i2c.o(i.HAL_I2C_MspInit)
    HAL_IncTick                              0x08001289   Thumb Code    10  stm32f4xx_hal.o(i.HAL_IncTick)
    HAL_Init                                 0x08001299   Thumb Code    48  stm32f4xx_hal.o(i.HAL_Init)
    HAL_InitTick                             0x080012cd   Thumb Code    34  stm32f4xx_hal.o(i.HAL_InitTick)
    HAL_MspInit                              0x080012ef   Thumb Code    22  stm32f4xx_hal_msp.o(i.HAL_MspInit)
    HAL_NVIC_EnableIRQ                       0x08001305   Thumb Code    22  stm32f4xx_hal_cortex.o(i.HAL_NVIC_EnableIRQ)
    HAL_NVIC_SetPriority                     0x0800131d   Thumb Code    60  stm32f4xx_hal_cortex.o(i.HAL_NVIC_SetPriority)
    HAL_NVIC_SetPriorityGrouping             0x0800135d   Thumb Code    26  stm32f4xx_hal_cortex.o(i.HAL_NVIC_SetPriorityGrouping)
    HAL_RCC_ClockConfig                      0x08001381   Thumb Code   432  stm32f4xx_hal_rcc.o(i.HAL_RCC_ClockConfig)
    HAL_RCC_GetHCLKFreq                      0x08001539   Thumb Code    38  stm32f4xx_hal_rcc.o(i.HAL_RCC_GetHCLKFreq)
    HAL_RCC_GetPCLK1Freq                     0x0800156d   Thumb Code    36  stm32f4xx_hal_rcc.o(i.HAL_RCC_GetPCLK1Freq)
    HAL_RCC_GetPCLK2Freq                     0x08001599   Thumb Code    36  stm32f4xx_hal_rcc.o(i.HAL_RCC_GetPCLK2Freq)
    HAL_RCC_GetSysClockFreq                  0x080015c5   Thumb Code   104  stm32f4xx_hal_rcc.o(i.HAL_RCC_GetSysClockFreq)
    HAL_RCC_OscConfig                        0x08001639   Thumb Code   798  stm32f4xx_hal_rcc.o(i.HAL_RCC_OscConfig)
    HAL_SPI_Init                             0x0800196d   Thumb Code   128  stm32f4xx_hal_spi.o(i.HAL_SPI_Init)
    HAL_SPI_MspInit                          0x080019ed   Thumb Code   124  spi.o(i.HAL_SPI_MspInit)
    HAL_SYSTICK_Config                       0x08001a85   Thumb Code    40  stm32f4xx_hal_cortex.o(i.HAL_SYSTICK_Config)
    HAL_TIMEx_BreakCallback                  0x08001aad   Thumb Code     2  stm32f4xx_hal_tim_ex.o(i.HAL_TIMEx_BreakCallback)
    HAL_TIMEx_CommutationCallback            0x08001aaf   Thumb Code     2  stm32f4xx_hal_tim_ex.o(i.HAL_TIMEx_CommutationCallback)
    HAL_TIMEx_MasterConfigSynchronization    0x08001ab1   Thumb Code    80  stm32f4xx_hal_tim_ex.o(i.HAL_TIMEx_MasterConfigSynchronization)
    HAL_TIM_Base_Init                        0x08001b01   Thumb Code    48  stm32f4xx_hal_tim.o(i.HAL_TIM_Base_Init)
    HAL_TIM_Base_MspInit                     0x08001b31   Thumb Code    42  tim.o(i.HAL_TIM_Base_MspInit)
    HAL_TIM_Base_Start_IT                    0x08001b61   Thumb Code    24  stm32f4xx_hal_tim.o(i.HAL_TIM_Base_Start_IT)
    HAL_TIM_Base_Stop                        0x08001b79   Thumb Code    44  stm32f4xx_hal_tim.o(i.HAL_TIM_Base_Stop)
    HAL_TIM_ConfigClockSource                0x08001ba5   Thumb Code   242  stm32f4xx_hal_tim.o(i.HAL_TIM_ConfigClockSource)
    HAL_TIM_IC_CaptureCallback               0x08001c97   Thumb Code     2  stm32f4xx_hal_tim.o(i.HAL_TIM_IC_CaptureCallback)
    HAL_TIM_IRQHandler                       0x08001c99   Thumb Code   358  stm32f4xx_hal_tim.o(i.HAL_TIM_IRQHandler)
    HAL_TIM_OC_DelayElapsedCallback          0x08001dff   Thumb Code     2  stm32f4xx_hal_tim.o(i.HAL_TIM_OC_DelayElapsedCallback)
    HAL_TIM_PWM_PulseFinishedCallback        0x08001e01   Thumb Code     2  stm32f4xx_hal_tim.o(i.HAL_TIM_PWM_PulseFinishedCallback)
    HAL_TIM_PeriodElapsedCallback            0x08001e05   Thumb Code    56  porttimer.o(i.HAL_TIM_PeriodElapsedCallback)
    HAL_TIM_TriggerCallback                  0x08001e49   Thumb Code     2  stm32f4xx_hal_tim.o(i.HAL_TIM_TriggerCallback)
    HAL_UART_ErrorCallback                   0x08001e4b   Thumb Code     4  usart_app.o(i.HAL_UART_ErrorCallback)
    HAL_UART_IRQHandler                      0x08001e51   Thumb Code   266  stm32f4xx_hal_uart.o(i.HAL_UART_IRQHandler)
    HAL_UART_Init                            0x08001f5b   Thumb Code    90  stm32f4xx_hal_uart.o(i.HAL_UART_Init)
    HAL_UART_MspInit                         0x08001fb5   Thumb Code   360  usart.o(i.HAL_UART_MspInit)
    HAL_UART_Receive_IT                      0x08002149   Thumb Code   106  stm32f4xx_hal_uart.o(i.HAL_UART_Receive_IT)
    HAL_UART_RxCpltCallback                  0x080021b5   Thumb Code   102  usart_app.o(i.HAL_UART_RxCpltCallback)
    HAL_UART_Transmit                        0x08002239   Thumb Code   204  stm32f4xx_hal_uart.o(i.HAL_UART_Transmit)
    HAL_UART_Transmit_IT                     0x08002305   Thumb Code   106  stm32f4xx_hal_uart.o(i.HAL_UART_Transmit_IT)
    HAL_UART_TxCpltCallback                  0x08002371   Thumb Code    14  usart_app.o(i.HAL_UART_TxCpltCallback)
    MAIN_GPIO_Init                           0x08002385   Thumb Code   122  gpio_app.o(i.MAIN_GPIO_Init)
    MX_ADC3_Init                             0x08002415   Thumb Code    54  adc.o(i.MX_ADC3_Init)
    MX_CAN1_Init                             0x08002455   Thumb Code   114  can.o(i.MX_CAN1_Init)
    MX_CAN2_Init                             0x080024d1   Thumb Code    56  can.o(i.MX_CAN2_Init)
    MX_FREERTOS_Init                         0x08002511   Thumb Code    34  freertos.o(i.MX_FREERTOS_Init)
    MX_GPIO_Init                             0x0800253d   Thumb Code   264  gpio.o(i.MX_GPIO_Init)
    MX_I2C2_Init                             0x08002665   Thumb Code    34  i2c.o(i.MX_I2C2_Init)
    MX_SPI1_Init                             0x08002695   Thumb Code    44  spi.o(i.MX_SPI1_Init)
    MX_SPI2_Init                             0x080026c9   Thumb Code    44  spi.o(i.MX_SPI2_Init)
    MX_SPI3_Init                             0x080026fd   Thumb Code    48  spi.o(i.MX_SPI3_Init)
    MX_TIM2_Init                             0x08002735   Thumb Code    60  tim.o(i.MX_TIM2_Init)
    MX_UART4_Init                            0x08002775   Thumb Code    32  usart.o(i.MX_UART4_Init)
    MX_UART5_Init                            0x0800279d   Thumb Code    32  usart.o(i.MX_UART5_Init)
    MX_USART1_UART_Init                      0x080027c5   Thumb Code    32  usart.o(i.MX_USART1_UART_Init)
    MX_USART2_UART_Init                      0x080027ed   Thumb Code    32  usart.o(i.MX_USART2_UART_Init)
    MX_USART3_UART_Init                      0x08002815   Thumb Code    32  usart.o(i.MX_USART3_UART_Init)
    MX_USART6_UART_Init                      0x0800283d   Thumb Code    32  usart.o(i.MX_USART6_UART_Init)
    StartDefaultTask                         0x08002885   Thumb Code    32  main.o(i.StartDefaultTask)
    StartTaskMODBUS                          0x080028c9   Thumb Code    94  tasks.o(i.StartTaskMODBUS)
    StartTaskSIMRx                           0x08002935   Thumb Code    12  tasks.o(i.StartTaskSIMRx)
    StartTaskTrmlRx                          0x08002941   Thumb Code    20  tasks.o(i.StartTaskTrmlRx)
    StartTaskTrmlTx                          0x08002959   Thumb Code    34  tasks.o(i.StartTaskTrmlTx)
    StartTaskUart5Tx                         0x08002985   Thumb Code    54  tasks.o(i.StartTaskUart5Tx)
    StartTaskUart6Tx                         0x080029c9   Thumb Code    56  tasks.o(i.StartTaskUart6Tx)
    SysTick_Handler                          0x08002a0d   Thumb Code    14  stm32f4xx_it.o(i.SysTick_Handler)
    SystemClock_Config                       0x08002a1d   Thumb Code    92  main.o(i.SystemClock_Config)
    SystemInit                               0x08002a81   Thumb Code    66  system_stm32f4xx.o(i.SystemInit)
    TIM2_IRQHandler                          0x08002ad5   Thumb Code     6  stm32f4xx_it.o(i.TIM2_IRQHandler)
    TIM_Base_SetConfig                       0x08002ae1   Thumb Code   148  stm32f4xx_hal_tim.o(i.TIM_Base_SetConfig)
    UART4_IRQHandler                         0x08002c0d   Thumb Code     6  stm32f4xx_it.o(i.UART4_IRQHandler)
    UART5_IRQHandler                         0x08002c19   Thumb Code     6  stm32f4xx_it.o(i.UART5_IRQHandler)
    USART1_IRQHandler                        0x08002f19   Thumb Code     6  stm32f4xx_it.o(i.USART1_IRQHandler)
    USART2_IRQHandler                        0x08002f25   Thumb Code     6  stm32f4xx_it.o(i.USART2_IRQHandler)
    USART3_IRQHandler                        0x08002f31   Thumb Code     6  stm32f4xx_it.o(i.USART3_IRQHandler)
    USART6_IRQHandler                        0x08002f3d   Thumb Code     6  stm32f4xx_it.o(i.USART6_IRQHandler)
    __0printf$bare                           0x08002f49   Thumb Code     8  printfb.o(i.__0printf$bare)
    __1printf$bare                           0x08002f49   Thumb Code     0  printfb.o(i.__0printf$bare)
    __2printf                                0x08002f49   Thumb Code     0  printfb.o(i.__0printf$bare)
    __scatterload_copy                       0x08002f59   Thumb Code    14  handlers.o(i.__scatterload_copy)
    __scatterload_null                       0x08002f67   Thumb Code     2  handlers.o(i.__scatterload_null)
    __scatterload_zeroinit                   0x08002f69   Thumb Code    14  handlers.o(i.__scatterload_zeroinit)
    bMBPortIsWithinException                 0x08002f99   Thumb Code     6  portother.o(i.bMBPortIsWithinException)
    eMBASCIIInit                             0x08002fa5   Thumb Code    62  mbascii.o(i.eMBASCIIInit)
    eMBASCIIReceive                          0x08002fe9   Thumb Code    78  mbascii.o(i.eMBASCIIReceive)
    eMBASCIISend                             0x0800303d   Thumb Code    84  mbascii.o(i.eMBASCIISend)
    eMBASCIIStart                            0x08003095   Thumb Code    34  mbascii.o(i.eMBASCIIStart)
    eMBASCIIStop                             0x080030bd   Thumb Code    26  mbascii.o(i.eMBASCIIStop)
    eMBClose                                 0x080030d9   Thumb Code    28  mb.o(i.eMBClose)
    eMBDisable                               0x080030f9   Thumb Code    28  mb.o(i.eMBDisable)
    eMBEnable                                0x08003119   Thumb Code    28  mb.o(i.eMBEnable)
    eMBFuncReadCoils                         0x08003139   Thumb Code   114  mbfunccoils.o(i.eMBFuncReadCoils)
    eMBFuncReadDiscreteInputs                0x080031ab   Thumb Code   114  mbfuncdisc.o(i.eMBFuncReadDiscreteInputs)
    eMBFuncReadHoldingRegister               0x0800321d   Thumb Code    94  mbfuncholding.o(i.eMBFuncReadHoldingRegister)
    eMBFuncReadInputRegister                 0x0800327b   Thumb Code    98  mbfuncinput.o(i.eMBFuncReadInputRegister)
    eMBFuncReadWriteMultipleHoldingRegister  0x080032dd   Thumb Code   156  mbfuncholding.o(i.eMBFuncReadWriteMultipleHoldingRegister)
    eMBFuncReportSlaveID                     0x08003379   Thumb Code    26  mbfuncother.o(i.eMBFuncReportSlaveID)
    eMBFuncUser100                           0x0800339d   Thumb Code   248  mbfuncuser.o(i.eMBFuncUser100)
    eMBFuncWriteCoil                         0x08003495   Thumb Code    86  mbfunccoils.o(i.eMBFuncWriteCoil)
    eMBFuncWriteHoldingRegister              0x080034eb   Thumb Code    50  mbfuncholding.o(i.eMBFuncWriteHoldingRegister)
    eMBFuncWriteMultipleCoils                0x0800351d   Thumb Code   100  mbfunccoils.o(i.eMBFuncWriteMultipleCoils)
    eMBFuncWriteMultipleHoldingRegister      0x08003581   Thumb Code    78  mbfuncholding.o(i.eMBFuncWriteMultipleHoldingRegister)
    eMBInit                                  0x080035d1   Thumb Code   140  mb.o(i.eMBInit)
    eMBPoll                                  0x08003699   Thumb Code   176  mb.o(i.eMBPoll)
    eMBRTUInit                               0x0800374d   Thumb Code    66  mbrtu.o(i.eMBRTUInit)
    eMBRTUReceive                            0x08003795   Thumb Code    66  mbrtu.o(i.eMBRTUReceive)
    eMBRTUSend                               0x080037e1   Thumb Code    98  mbrtu.o(i.eMBRTUSend)
    eMBRTUStart                              0x0800384d   Thumb Code    32  mbrtu.o(i.eMBRTUStart)
    eMBRTUStop                               0x08003871   Thumb Code    26  mbrtu.o(i.eMBRTUStop)
    eMBRegCoilsCB                            0x0800388b   Thumb Code     8  mb_app.o(i.eMBRegCoilsCB)
    eMBRegDiscreteCB                         0x08003893   Thumb Code     6  mb_app.o(i.eMBRegDiscreteCB)
    eMBRegHoldingCB                          0x08003899   Thumb Code   114  mb_app.o(i.eMBRegHoldingCB)
    eMBRegInputCB                            0x08003915   Thumb Code    66  mb_app.o(i.eMBRegInputCB)
    eMBSetSlaveID                            0x08003961   Thumb Code    62  mbfuncother.o(i.eMBSetSlaveID)
    eMBUser100ComPortCB                      0x080039a9   Thumb Code   214  mb_app.o(i.eMBUser100ComPortCB)
    fputc                                    0x08003a89   Thumb Code    28  usart_app.o(i.fputc)
    main                                     0x08003aad   Thumb Code   122  main.o(i.main)
    osDelay                                  0x08003b4d   Thumb Code    14  cmsis_os.o(i.osDelay)
    osKernelStart                            0x08003b5b   Thumb Code    10  cmsis_os.o(i.osKernelStart)
    osMessageCreate                          0x08003b65   Thumb Code    10  cmsis_os.o(i.osMessageCreate)
    osSystickHandler                         0x08003b6f   Thumb Code    20  cmsis_os.o(i.osSystickHandler)
    osThreadCreate                           0x08003b83   Thumb Code    56  cmsis_os.o(i.osThreadCreate)
    osTimerCreate                            0x08003bbd   Thumb Code    30  cmsis_os.o(i.osTimerCreate)
    prveMBError2Exception                    0x080040b5   Thumb Code    24  mbutils.o(i.prveMBError2Exception)
    prvvUARTRxISR                            0x08004101   Thumb Code    36  portserial.o(i.prvvUARTRxISR)
    prvvUARTTxReadyISR                       0x0800412d   Thumb Code    48  portserial.o(i.prvvUARTTxReadyISR)
    pvPortMalloc                             0x08004169   Thumb Code   190  heap_4.o(i.pvPortMalloc)
    pvTaskIncrementMutexHeldCount            0x0800422d   Thumb Code    18  tasks_1.o(i.pvTaskIncrementMutexHeldCount)
    pxPortInitialiseStack                    0x08004245   Thumb Code    36  port.o(i.pxPortInitialiseStack)
    startUARTRcv                             0x0800426d   Thumb Code   104  usart_app.o(i.startUARTRcv)
    startUserTasks                           0x080042f9   Thumb Code   436  tasks.o(i.startUserTasks)
    usMBCRC16                                0x080044f9   Thumb Code    40  mbcrc.o(i.usMBCRC16)
    uxListRemove                             0x08004525   Thumb Code    36  list.o(i.uxListRemove)
    vApplicationMallocFailedHook             0x08004549   Thumb Code     2  freertos.o(i.vApplicationMallocFailedHook)
    vApplicationStackOverflowHook            0x0800454b   Thumb Code     2  freertos.o(i.vApplicationStackOverflowHook)
    vApplicationTickHook                     0x0800454d   Thumb Code     2  freertos.o(i.vApplicationTickHook)
    vListInitialise                          0x0800454f   Thumb Code    22  list.o(i.vListInitialise)
    vListInitialiseItem                      0x08004565   Thumb Code     6  list.o(i.vListInitialiseItem)
    vListInsert                              0x0800456b   Thumb Code    48  list.o(i.vListInsert)
    vListInsertEnd                           0x0800459b   Thumb Code    24  list.o(i.vListInsertEnd)
    vMBPortEnterCritical                     0x080045b3   Thumb Code     4  portother.o(i.vMBPortEnterCritical)
    vMBPortExitCritical                      0x080045b7   Thumb Code     4  portother.o(i.vMBPortExitCritical)
    vMBPortSerialEnable                      0x080045bd   Thumb Code    28  portserial.o(i.vMBPortSerialEnable)
    vMBPortSetWithinException                0x080045e1   Thumb Code     6  portother.o(i.vMBPortSetWithinException)
    vMBPortTimersDisable                     0x080045ed   Thumb Code    18  porttimer.o(i.vMBPortTimersDisable)
    vMBPortTimersEnable                      0x08004605   Thumb Code    14  porttimer.o(i.vMBPortTimersEnable)
    vPortEnterCritical                       0x08004619   Thumb Code    44  port.o(i.vPortEnterCritical)
    vPortExitCritical                        0x0800464d   Thumb Code    30  port.o(i.vPortExitCritical)
    vPortFree                                0x08004671   Thumb Code    68  heap_4.o(i.vPortFree)
    vPortSetupTimerInterrupt                 0x080046b9   Thumb Code    26  port.o(i.vPortSetupTimerInterrupt)
    vPortValidateInterruptPriority           0x080046d9   Thumb Code    54  port.o(i.vPortValidateInterruptPriority)
    vPortYield                               0x08004719   Thumb Code    18  port.o(i.vPortYield)
    vQueueAddToRegistry                      0x08004731   Thumb Code    34  queue.o(i.vQueueAddToRegistry)
    vQueueWaitForMessageRestricted           0x08004759   Thumb Code    56  queue.o(i.vQueueWaitForMessageRestricted)
    vTaskDelay                               0x08004791   Thumb Code    76  tasks_1.o(i.vTaskDelay)
    vTaskDelayUntil                          0x080047e1   Thumb Code   120  tasks_1.o(i.vTaskDelayUntil)
    vTaskMissedYield                         0x0800485d   Thumb Code     8  tasks_1.o(i.vTaskMissedYield)
    vTaskPlaceOnEventList                    0x08004869   Thumb Code    80  tasks_1.o(i.vTaskPlaceOnEventList)
    vTaskPlaceOnEventListRestricted          0x080048c1   Thumb Code    62  tasks_1.o(i.vTaskPlaceOnEventListRestricted)
    vTaskPriorityInherit                     0x08004905   Thumb Code   124  tasks_1.o(i.vTaskPriorityInherit)
    vTaskSetTimeOutState                     0x08004989   Thumb Code    22  tasks_1.o(i.vTaskSetTimeOutState)
    vTaskStartScheduler                      0x080049a5   Thumb Code    68  tasks_1.o(i.vTaskStartScheduler)
    vTaskSuspendAll                          0x080049f9   Thumb Code    10  tasks_1.o(i.vTaskSuspendAll)
    vTaskSwitchContext                       0x08004a09   Thumb Code   120  tasks_1.o(i.vTaskSwitchContext)
    xMBASCIIReceiveFSM                       0x08004a8d   Thumb Code   222  mbascii.o(i.xMBASCIIReceiveFSM)
    xMBASCIITimerT1SExpired                  0x08004b71   Thumb Code    42  mbascii.o(i.xMBASCIITimerT1SExpired)
    xMBASCIITransmitFSM                      0x08004ba1   Thumb Code   168  mbascii.o(i.xMBASCIITransmitFSM)
    xMBPortEventGet                          0x08004c4d   Thumb Code    28  portevent.o(i.xMBPortEventGet)
    xMBPortEventInit                         0x08004c6d   Thumb Code    26  portevent.o(i.xMBPortEventInit)
    xMBPortEventPost                         0x08004c8d   Thumb Code    38  portevent.o(i.xMBPortEventPost)
    xMBPortSerialGetByte                     0x08004cb9   Thumb Code    10  portserial.o(i.xMBPortSerialGetByte)
    xMBPortSerialInit                        0x08004cc9   Thumb Code    34  portserial.o(i.xMBPortSerialInit)
    xMBPortSerialPutByte                     0x08004cf5   Thumb Code    32  portserial.o(i.xMBPortSerialPutByte)
    xMBPortTimersInit                        0x08004d21   Thumb Code    74  porttimer.o(i.xMBPortTimersInit)
    xMBRTUReceiveFSM                         0x08004d71   Thumb Code    96  mbrtu.o(i.xMBRTUReceiveFSM)
    xMBRTUTimerT35Expired                    0x08004dd9   Thumb Code    58  mbrtu.o(i.xMBRTUTimerT35Expired)
    xMBRTUTransmitFSM                        0x08004e19   Thumb Code    86  mbrtu.o(i.xMBRTUTransmitFSM)
    xPortStartScheduler                      0x08004e75   Thumb Code   116  port.o(i.xPortStartScheduler)
    xPortSysTickHandler                      0x08004ef9   Thumb Code    30  port.o(i.xPortSysTickHandler)
    xQueueGenericCreate                      0x08004f1d   Thumb Code    70  queue.o(i.xQueueGenericCreate)
    xQueueGenericReceive                     0x08004f65   Thumb Code   302  queue.o(i.xQueueGenericReceive)
    xQueueGenericReset                       0x08005093   Thumb Code   106  queue.o(i.xQueueGenericReset)
    xQueueGenericSend                        0x080050fd   Thumb Code   276  queue.o(i.xQueueGenericSend)
    xQueueGenericSendFromISR                 0x08005211   Thumb Code   146  queue.o(i.xQueueGenericSendFromISR)
    xTaskCheckForTimeOut                     0x080052a5   Thumb Code    82  tasks_1.o(i.xTaskCheckForTimeOut)
    xTaskGenericCreate                       0x080052fd   Thumb Code   380  tasks_1.o(i.xTaskGenericCreate)
    xTaskGetSchedulerState                   0x08005481   Thumb Code    22  tasks_1.o(i.xTaskGetSchedulerState)
    xTaskGetTickCount                        0x0800549d   Thumb Code    18  tasks_1.o(i.xTaskGetTickCount)
    xTaskIncrementTick                       0x080054b5   Thumb Code   194  tasks_1.o(i.xTaskIncrementTick)
    xTaskPriorityDisinherit                  0x08005581   Thumb Code   112  tasks_1.o(i.xTaskPriorityDisinherit)
    xTaskRemoveFromEventList                 0x080055f9   Thumb Code    98  tasks_1.o(i.xTaskRemoveFromEventList)
    xTaskResumeAll                           0x08005665   Thumb Code   162  tasks_1.o(i.xTaskResumeAll)
    xTimerCreate                             0x08005711   Thumb Code    62  timers.o(i.xTimerCreate)
    xTimerCreateTimerTask                    0x08005751   Thumb Code    50  timers.o(i.xTimerCreateTimerTask)
    xTimerGenericCommand                     0x08005795   Thumb Code    68  timers.o(i.xTimerGenericCommand)
    APBAHBPrescTable                         0x080058cc   Data          16  stm32f4xx_hal_rcc.o(.constdata)
    Region$$Table$$Base                      0x08005b58   Number         0  anon$$obj.o(Region$$Table)
    Region$$Table$$Limit                     0x08005b78   Number         0  anon$$obj.o(Region$$Table)
    defaultTaskHandle                        0x20000000   Data           4  freertos.o(.data)
    myTaskTrmlRxHandle                       0x20000004   Data           4  tasks.o(.data)
    myTaskSIMRxHandle                        0x20000008   Data           4  tasks.o(.data)
    myTaskTrmlTxHandle                       0x2000000c   Data           4  tasks.o(.data)
    myTaskMODBUSHandle                       0x20000010   Data           4  tasks.o(.data)
    myTaskUart6TxHandle                      0x20000014   Data           4  tasks.o(.data)
    myTaskUart4TxHandle                      0x20000018   Data           4  tasks.o(.data)
    myTaskUart5TxHandle                      0x2000001c   Data           4  tasks.o(.data)
    myQueueUart1RxHandle                     0x20000020   Data           4  tasks.o(.data)
    myQueueUart1TxHandle                     0x20000024   Data           4  tasks.o(.data)
    myQueueUart2RxHandle                     0x20000028   Data           4  tasks.o(.data)
    myQueueUart2TxHandle                     0x2000002c   Data           4  tasks.o(.data)
    myQueueUart3RxHandle                     0x20000030   Data           4  tasks.o(.data)
    myQueueUart6TxHandle                     0x20000034   Data           4  tasks.o(.data)
    myQueueUart4RxHandle                     0x20000038   Data           4  tasks.o(.data)
    myQueueUart4TxHandle                     0x2000003c   Data           4  tasks.o(.data)
    myQueueUart5RxHandle                     0x20000040   Data           4  tasks.o(.data)
    myQueueUart5TxHandle                     0x20000044   Data           4  tasks.o(.data)
    myQueueUart6RxHandle                     0x20000048   Data           4  tasks.o(.data)
    myTimer01Handle                          0x2000004c   Data           4  tasks.o(.data)
    chUART3                                  0x20000050   Data           1  usart_app.o(.data)
    chUART1                                  0x20000051   Data           1  usart_app.o(.data)
    chUART2                                  0x20000052   Data           1  usart_app.o(.data)
    chUART4                                  0x20000053   Data           1  usart_app.o(.data)
    chUART5                                  0x20000054   Data           1  usart_app.o(.data)
    chUART6                                  0x20000055   Data           1  usart_app.o(.data)
    sim                                      0x20000058   Data           4  usart_app.o(.data)
    usRegInputStart                          0x2000005c   Data           2  mb_app.o(.data)
    usRegHoldingStart                        0x2000005e   Data           2  mb_app.o(.data)
    usRegHoldingBuf                          0x20000060   Data          64  mb_app.o(.data)
    xCAN1_MessageQueue                       0x20000130   Data           4  can_app.o(.data)
    SystemCoreClock                          0x20000138   Data           4  system_stm32f4xx.o(.data)
    AHBPrescTable                            0x2000013c   Data          16  system_stm32f4xx.o(.data)
    pxCurrentTCB                             0x20000180   Data           4  tasks_1.o(.data)
    pxMBFrameCBByteReceived                  0x200001d8   Data           4  mb.o(.data)
    pxMBFrameCBTransmitterEmpty              0x200001dc   Data           4  mb.o(.data)
    pxMBPortCBTimerExpired                   0x200001e0   Data           4  mb.o(.data)
    __stdout                                 0x2000028c   Data           4  stdout.o(.data)
    hi2c2                                    0x20000290   Data          60  i2c.o(.bss)
    hadc3                                    0x200002cc   Data          68  adc.o(.bss)
    hspi1                                    0x20000310   Data          88  spi.o(.bss)
    hspi2                                    0x20000368   Data          88  spi.o(.bss)
    hspi3                                    0x200003c0   Data          88  spi.o(.bss)
    htim2                                    0x20000418   Data          60  tim.o(.bss)
    huart4                                   0x20000454   Data          64  usart.o(.bss)
    huart5                                   0x20000494   Data          64  usart.o(.bss)
    huart1                                   0x200004d4   Data          64  usart.o(.bss)
    huart2                                   0x20000514   Data          64  usart.o(.bss)
    huart3                                   0x20000554   Data          64  usart.o(.bss)
    huart6                                   0x20000594   Data          64  usart.o(.bss)
    hcan1                                    0x200005d4   Data          64  can.o(.bss)
    hcan2                                    0x20000614   Data          64  can.o(.bss)
    usRegInputBuf                            0x20000654   Data         128  mb_app.o(.bss)
    xQueueRegistry                           0x20008738   Data          64  queue.o(.bss)
    ucRTUBuf                                 0x20008868   Data         256  mbrtu.o(.bss)
    __initial_sp                             0x20008d88   Data           0  startup_stm32f429xx.o(STACK)



==============================================================================

Memory Map of the image

  Image Entry point : 0x080001ad

  Load Region LR_IROM1 (Base: 0x08000000, Size: 0x00005e08, Max: 0x00100000, ABSOLUTE, COMPRESSED[0x00005c00])

    Execution Region ER_IROM1 (Base: 0x08000000, Size: 0x00005b78, Max: 0x00100000, ABSOLUTE)

    Base Addr    Size         Type   Attr      Idx    E Section Name        Object

    0x08000000   0x000001ac   Data   RO         1054    RESET               startup_stm32f429xx.o
    0x080001ac   0x00000000   Code   RO         5886  * .ARM.Collect$$$$00000000  mc_w.l(entry.o)
    0x080001ac   0x00000004   Code   RO         6159    .ARM.Collect$$$$00000001  mc_w.l(entry2.o)
    0x080001b0   0x00000004   Code   RO         6162    .ARM.Collect$$$$00000004  mc_w.l(entry5.o)
    0x080001b4   0x00000000   Code   RO         6164    .ARM.Collect$$$$00000008  mc_w.l(entry7b.o)
    0x080001b4   0x00000000   Code   RO         6166    .ARM.Collect$$$$0000000A  mc_w.l(entry8b.o)
    0x080001b4   0x00000008   Code   RO         6167    .ARM.Collect$$$$0000000B  mc_w.l(entry9a.o)
    0x080001bc   0x00000000   Code   RO         6169    .ARM.Collect$$$$0000000D  mc_w.l(entry10a.o)
    0x080001bc   0x00000000   Code   RO         6171    .ARM.Collect$$$$0000000F  mc_w.l(entry11a.o)
    0x080001bc   0x00000004   Code   RO         6160    .ARM.Collect$$$$00002712  mc_w.l(entry2.o)
    0x080001c0   0x000000c6   Code   RO         4360    .emb_text           port.o
    0x08000286   0x00000002   PAD
    0x08000288   0x00000024   Code   RO         1055    .text               startup_stm32f429xx.o
    0x080002ac   0x00000024   Code   RO         5891    .text               mc_w.l(memcpya.o)
    0x080002d0   0x00000024   Code   RO         5893    .text               mc_w.l(memseta.o)
    0x080002f4   0x0000001a   Code   RO         5895    .text               mc_w.l(memcmp.o)
    0x0800030e   0x00000002   PAD
    0x08000310   0x00000024   Code   RO         6189    .text               mc_w.l(init.o)
    0x08000334   0x00000056   Code   RO         6207    .text               mc_w.l(__dczerorl2.o)
    0x0800038a   0x00000002   PAD
    0x0800038c   0x0000011c   Code   RO         2278    i.ADC_Init          stm32f4xx_hal_adc.o
    0x080004a8   0x00000002   Code   RO          992    i.CAN1_Handling_Message  can_app.o
    0x080004aa   0x00000002   PAD
    0x080004ac   0x00000020   Code   RO          993    i.CAN1_Listening_Task  can_app.o
    0x080004cc   0x0000000c   Code   RO          555    i.CAN1_RX0_IRQHandler  stm32f4xx_it.o
    0x080004d8   0x00000054   Code   RO          994    i.CAN2_Sending_Task  can_app.o
    0x0800052c   0x0000007c   Code   RO          995    i.CAN_App_Init      can_app.o
    0x080005a8   0x0000013c   Code   RO         2445    i.CAN_Receive_IT    stm32f4xx_hal_can.o
    0x080006e4   0x00000060   Code   RO         2446    i.CAN_Transmit_IT   stm32f4xx_hal_can.o
    0x08000744   0x00000002   Code   RO          770    i.Callback01        tasks.o
    0x08000746   0x00000002   PAD
    0x08000748   0x00000124   Code   RO         2280    i.HAL_ADC_ConfigChannel  stm32f4xx_hal_adc.o
    0x0800086c   0x00000034   Code   RO         2289    i.HAL_ADC_Init      stm32f4xx_hal_adc.o
    0x080008a0   0x0000003c   Code   RO          346    i.HAL_ADC_MspInit   adc.o
    0x080008dc   0x000000e4   Code   RO         2447    i.HAL_CAN_ConfigFilter  stm32f4xx_hal_can.o
    0x080009c0   0x00000010   Code   RO          996    i.HAL_CAN_ErrorCallback  can_app.o
    0x080009d0   0x00000198   Code   RO         2452    i.HAL_CAN_IRQHandler  stm32f4xx_hal_can.o
    0x08000b68   0x00000144   Code   RO         2453    i.HAL_CAN_Init      stm32f4xx_hal_can.o
    0x08000cac   0x00000058   Code   RO          635    i.HAL_CAN_MspInit   can.o
    0x08000d04   0x00000086   Code   RO         2457    i.HAL_CAN_Receive_IT  stm32f4xx_hal_can.o
    0x08000d8a   0x00000002   PAD
    0x08000d8c   0x00000038   Code   RO          997    i.HAL_CAN_RxCpltCallback  can_app.o
    0x08000dc4   0x0000019c   Code   RO         2460    i.HAL_CAN_Transmit  stm32f4xx_hal_can.o
    0x08000f60   0x00000010   Code   RO          998    i.HAL_CAN_TxCpltCallback  can_app.o
    0x08000f70   0x000001b8   Code   RO         3744    i.HAL_GPIO_Init     stm32f4xx_hal_gpio.o
    0x08001128   0x00000008   Code   RO         3747    i.HAL_GPIO_TogglePin  stm32f4xx_hal_gpio.o
    0x08001130   0x0000000a   Code   RO         3748    i.HAL_GPIO_WritePin  stm32f4xx_hal_gpio.o
    0x0800113a   0x00000002   PAD
    0x0800113c   0x0000000c   Code   RO         3353    i.HAL_GetTick       stm32f4xx_hal.o
    0x08001148   0x00000100   Code   RO         2581    i.HAL_I2C_Init      stm32f4xx_hal_i2c.o
    0x08001248   0x00000040   Code   RO          139    i.HAL_I2C_MspInit   i2c.o
    0x08001288   0x00000010   Code   RO         3354    i.HAL_IncTick       stm32f4xx_hal.o
    0x08001298   0x00000034   Code   RO         3355    i.HAL_Init          stm32f4xx_hal.o
    0x080012cc   0x00000022   Code   RO         3356    i.HAL_InitTick      stm32f4xx_hal.o
    0x080012ee   0x00000016   Code   RO          180    i.HAL_MspInit       stm32f4xx_hal_msp.o
    0x08001304   0x00000016   Code   RO         3929    i.HAL_NVIC_EnableIRQ  stm32f4xx_hal_cortex.o
    0x0800131a   0x00000002   PAD
    0x0800131c   0x00000040   Code   RO         3935    i.HAL_NVIC_SetPriority  stm32f4xx_hal_cortex.o
    0x0800135c   0x00000024   Code   RO         3936    i.HAL_NVIC_SetPriorityGrouping  stm32f4xx_hal_cortex.o
    0x08001380   0x000001b8   Code   RO         2878    i.HAL_RCC_ClockConfig  stm32f4xx_hal_rcc.o
    0x08001538   0x00000034   Code   RO         2883    i.HAL_RCC_GetHCLKFreq  stm32f4xx_hal_rcc.o
    0x0800156c   0x0000002c   Code   RO         2885    i.HAL_RCC_GetPCLK1Freq  stm32f4xx_hal_rcc.o
    0x08001598   0x0000002c   Code   RO         2886    i.HAL_RCC_GetPCLK2Freq  stm32f4xx_hal_rcc.o
    0x080015c4   0x00000074   Code   RO         2887    i.HAL_RCC_GetSysClockFreq  stm32f4xx_hal_rcc.o
    0x08001638   0x00000334   Code   RO         2890    i.HAL_RCC_OscConfig  stm32f4xx_hal_rcc.o
    0x0800196c   0x00000080   Code   RO         1990    i.HAL_SPI_Init      stm32f4xx_hal_spi.o
    0x080019ec   0x00000098   Code   RO          388    i.HAL_SPI_MspInit   spi.o
    0x08001a84   0x00000028   Code   RO         3940    i.HAL_SYSTICK_Config  stm32f4xx_hal_cortex.o
    0x08001aac   0x00000002   Code   RO         2982    i.HAL_TIMEx_BreakCallback  stm32f4xx_hal_tim_ex.o
    0x08001aae   0x00000002   Code   RO         2983    i.HAL_TIMEx_CommutationCallback  stm32f4xx_hal_tim_ex.o
    0x08001ab0   0x00000050   Code   RO         2999    i.HAL_TIMEx_MasterConfigSynchronization  stm32f4xx_hal_tim_ex.o
    0x08001b00   0x00000030   Code   RO         1187    i.HAL_TIM_Base_Init  stm32f4xx_hal_tim.o
    0x08001b30   0x00000030   Code   RO          442    i.HAL_TIM_Base_MspInit  tim.o
    0x08001b60   0x00000018   Code   RO         1192    i.HAL_TIM_Base_Start_IT  stm32f4xx_hal_tim.o
    0x08001b78   0x0000002c   Code   RO         1193    i.HAL_TIM_Base_Stop  stm32f4xx_hal_tim.o
    0x08001ba4   0x000000f2   Code   RO         1196    i.HAL_TIM_ConfigClockSource  stm32f4xx_hal_tim.o
    0x08001c96   0x00000002   Code   RO         1216    i.HAL_TIM_IC_CaptureCallback  stm32f4xx_hal_tim.o
    0x08001c98   0x00000166   Code   RO         1229    i.HAL_TIM_IRQHandler  stm32f4xx_hal_tim.o
    0x08001dfe   0x00000002   Code   RO         1232    i.HAL_TIM_OC_DelayElapsedCallback  stm32f4xx_hal_tim.o
    0x08001e00   0x00000002   Code   RO         1259    i.HAL_TIM_PWM_PulseFinishedCallback  stm32f4xx_hal_tim.o
    0x08001e02   0x00000002   PAD
    0x08001e04   0x00000044   Code   RO         5692    i.HAL_TIM_PeriodElapsedCallback  porttimer.o
    0x08001e48   0x00000002   Code   RO         1270    i.HAL_TIM_TriggerCallback  stm32f4xx_hal_tim.o
    0x08001e4a   0x00000004   Code   RO          851    i.HAL_UART_ErrorCallback  usart_app.o
    0x08001e4e   0x00000002   PAD
    0x08001e50   0x0000010a   Code   RO         3501    i.HAL_UART_IRQHandler  stm32f4xx_hal_uart.o
    0x08001f5a   0x0000005a   Code   RO         3502    i.HAL_UART_Init     stm32f4xx_hal_uart.o
    0x08001fb4   0x00000194   Code   RO          484    i.HAL_UART_MspInit  usart.o
    0x08002148   0x0000006a   Code   RO         3507    i.HAL_UART_Receive_IT  stm32f4xx_hal_uart.o
    0x080021b2   0x00000002   PAD
    0x080021b4   0x00000084   Code   RO          852    i.HAL_UART_RxCpltCallback  usart_app.o
    0x08002238   0x000000cc   Code   RO         3510    i.HAL_UART_Transmit  stm32f4xx_hal_uart.o
    0x08002304   0x0000006a   Code   RO         3512    i.HAL_UART_Transmit_IT  stm32f4xx_hal_uart.o
    0x0800236e   0x00000002   PAD
    0x08002370   0x00000014   Code   RO          853    i.HAL_UART_TxCpltCallback  usart_app.o
    0x08002384   0x00000090   Code   RO          912    i.MAIN_GPIO_Init    gpio_app.o
    0x08002414   0x00000040   Code   RO          347    i.MX_ADC3_Init      adc.o
    0x08002454   0x0000007c   Code   RO          636    i.MX_CAN1_Init      can.o
    0x080024d0   0x00000040   Code   RO          637    i.MX_CAN2_Init      can.o
    0x08002510   0x0000002c   Code   RO          682    i.MX_FREERTOS_Init  freertos.o
    0x0800253c   0x00000128   Code   RO            4    i.MX_GPIO_Init      gpio.o
    0x08002664   0x00000030   Code   RO          140    i.MX_I2C2_Init      i2c.o
    0x08002694   0x00000034   Code   RO          389    i.MX_SPI1_Init      spi.o
    0x080026c8   0x00000034   Code   RO          390    i.MX_SPI2_Init      spi.o
    0x080026fc   0x00000038   Code   RO          391    i.MX_SPI3_Init      spi.o
    0x08002734   0x00000040   Code   RO          443    i.MX_TIM2_Init      tim.o
    0x08002774   0x00000028   Code   RO          485    i.MX_UART4_Init     usart.o
    0x0800279c   0x00000028   Code   RO          486    i.MX_UART5_Init     usart.o
    0x080027c4   0x00000028   Code   RO          487    i.MX_USART1_UART_Init  usart.o
    0x080027ec   0x00000028   Code   RO          488    i.MX_USART2_UART_Init  usart.o
    0x08002814   0x00000028   Code   RO          489    i.MX_USART3_UART_Init  usart.o
    0x0800283c   0x00000028   Code   RO          490    i.MX_USART6_UART_Init  usart.o
    0x08002864   0x00000020   Code   RO         3942    i.NVIC_SetPriority  stm32f4xx_hal_cortex.o
    0x08002884   0x00000044   Code   RO          204    i.StartDefaultTask  main.o
    0x080028c8   0x0000006c   Code   RO          771    i.StartTaskMODBUS   tasks.o
    0x08002934   0x0000000c   Code   RO          772    i.StartTaskSIMRx    tasks.o
    0x08002940   0x00000018   Code   RO          773    i.StartTaskTrmlRx   tasks.o
    0x08002958   0x0000002c   Code   RO          774    i.StartTaskTrmlTx   tasks.o
    0x08002984   0x00000044   Code   RO          776    i.StartTaskUart5Tx  tasks.o
    0x080029c8   0x00000044   Code   RO          777    i.StartTaskUart6Tx  tasks.o
    0x08002a0c   0x0000000e   Code   RO          556    i.SysTick_Handler   stm32f4xx_it.o
    0x08002a1a   0x00000002   PAD
    0x08002a1c   0x00000064   Code   RO          205    i.SystemClock_Config  main.o
    0x08002a80   0x00000054   Code   RO         4086    i.SystemInit        system_stm32f4xx.o
    0x08002ad4   0x0000000c   Code   RO          557    i.TIM2_IRQHandler   stm32f4xx_it.o
    0x08002ae0   0x000000c0   Code   RO         1271    i.TIM_Base_SetConfig  stm32f4xx_hal_tim.o
    0x08002ba0   0x00000014   Code   RO         1278    i.TIM_ETR_SetConfig  stm32f4xx_hal_tim.o
    0x08002bb4   0x00000010   Code   RO         1279    i.TIM_ITRx_SetConfig  stm32f4xx_hal_tim.o
    0x08002bc4   0x00000022   Code   RO         1285    i.TIM_TI1_ConfigInputStage  stm32f4xx_hal_tim.o
    0x08002be6   0x00000024   Code   RO         1287    i.TIM_TI2_ConfigInputStage  stm32f4xx_hal_tim.o
    0x08002c0a   0x00000002   PAD
    0x08002c0c   0x0000000c   Code   RO          558    i.UART4_IRQHandler  stm32f4xx_it.o
    0x08002c18   0x0000000c   Code   RO          559    i.UART5_IRQHandler  stm32f4xx_it.o
    0x08002c24   0x00000084   Code   RO         3520    i.UART_Receive_IT   stm32f4xx_hal_uart.o
    0x08002ca8   0x00000178   Code   RO         3521    i.UART_SetConfig    stm32f4xx_hal_uart.o
    0x08002e20   0x00000066   Code   RO         3522    i.UART_Transmit_IT  stm32f4xx_hal_uart.o
    0x08002e86   0x00000092   Code   RO         3523    i.UART_WaitOnFlagUntilTimeout  stm32f4xx_hal_uart.o
    0x08002f18   0x0000000c   Code   RO          560    i.USART1_IRQHandler  stm32f4xx_it.o
    0x08002f24   0x0000000c   Code   RO          561    i.USART2_IRQHandler  stm32f4xx_it.o
    0x08002f30   0x0000000c   Code   RO          562    i.USART3_IRQHandler  stm32f4xx_it.o
    0x08002f3c   0x0000000c   Code   RO          563    i.USART6_IRQHandler  stm32f4xx_it.o
    0x08002f48   0x00000010   Code   RO         5900    i.__0printf$bare    mc_w.l(printfb.o)
    0x08002f58   0x0000000e   Code   RO         6201    i.__scatterload_copy  mc_w.l(handlers.o)
    0x08002f66   0x00000002   Code   RO         6202    i.__scatterload_null  mc_w.l(handlers.o)
    0x08002f68   0x0000000e   Code   RO         6203    i.__scatterload_zeroinit  mc_w.l(handlers.o)
    0x08002f76   0x00000022   Code   RO         5907    i._printf_core      mc_w.l(printfb.o)
    0x08002f98   0x0000000c   Code   RO         5839    i.bMBPortIsWithinException  portother.o
    0x08002fa4   0x00000044   Code   RO         5589    i.eMBASCIIInit      mbascii.o
    0x08002fe8   0x00000054   Code   RO         5590    i.eMBASCIIReceive   mbascii.o
    0x0800303c   0x00000058   Code   RO         5591    i.eMBASCIISend      mbascii.o
    0x08003094   0x00000028   Code   RO         5592    i.eMBASCIIStart     mbascii.o
    0x080030bc   0x0000001a   Code   RO         5593    i.eMBASCIIStop      mbascii.o
    0x080030d6   0x00000002   PAD
    0x080030d8   0x00000020   Code   RO         5200    i.eMBClose          mb.o
    0x080030f8   0x00000020   Code   RO         5201    i.eMBDisable        mb.o
    0x08003118   0x00000020   Code   RO         5202    i.eMBEnable         mb.o
    0x08003138   0x00000072   Code   RO         5427    i.eMBFuncReadCoils  mbfunccoils.o
    0x080031aa   0x00000072   Code   RO         5466    i.eMBFuncReadDiscreteInputs  mbfuncdisc.o
    0x0800321c   0x0000005e   Code   RO         5490    i.eMBFuncReadHoldingRegister  mbfuncholding.o
    0x0800327a   0x00000062   Code   RO         5532    i.eMBFuncReadInputRegister  mbfuncinput.o
    0x080032dc   0x0000009c   Code   RO         5491    i.eMBFuncReadWriteMultipleHoldingRegister  mbfuncholding.o
    0x08003378   0x00000024   Code   RO         5556    i.eMBFuncReportSlaveID  mbfuncother.o
    0x0800339c   0x000000f8   Code   RO         5668    i.eMBFuncUser100    mbfuncuser.o
    0x08003494   0x00000056   Code   RO         5428    i.eMBFuncWriteCoil  mbfunccoils.o
    0x080034ea   0x00000032   Code   RO         5492    i.eMBFuncWriteHoldingRegister  mbfuncholding.o
    0x0800351c   0x00000064   Code   RO         5429    i.eMBFuncWriteMultipleCoils  mbfunccoils.o
    0x08003580   0x0000004e   Code   RO         5493    i.eMBFuncWriteMultipleHoldingRegister  mbfuncholding.o
    0x080035ce   0x00000002   PAD
    0x080035d0   0x000000c8   Code   RO         5203    i.eMBInit           mb.o
    0x08003698   0x000000b4   Code   RO         5204    i.eMBPoll           mb.o
    0x0800374c   0x00000048   Code   RO         5283    i.eMBRTUInit        mbrtu.o
    0x08003794   0x0000004c   Code   RO         5284    i.eMBRTUReceive     mbrtu.o
    0x080037e0   0x0000006c   Code   RO         5285    i.eMBRTUSend        mbrtu.o
    0x0800384c   0x00000024   Code   RO         5286    i.eMBRTUStart       mbrtu.o
    0x08003870   0x0000001a   Code   RO         5287    i.eMBRTUStop        mbrtu.o
    0x0800388a   0x00000008   Code   RO          936    i.eMBRegCoilsCB     mb_app.o
    0x08003892   0x00000006   Code   RO          937    i.eMBRegDiscreteCB  mb_app.o
    0x08003898   0x0000007c   Code   RO          938    i.eMBRegHoldingCB   mb_app.o
    0x08003914   0x0000004c   Code   RO          939    i.eMBRegInputCB     mb_app.o
    0x08003960   0x00000048   Code   RO         5557    i.eMBSetSlaveID     mbfuncother.o
    0x080039a8   0x000000e0   Code   RO          940    i.eMBUser100ComPortCB  mb_app.o
    0x08003a88   0x00000024   Code   RO          854    i.fputc             usart_app.o
    0x08003aac   0x00000094   Code   RO          206    i.main              main.o
    0x08003b40   0x0000000c   Code   RO         4474    i.makeFreeRtosPriority  cmsis_os.o
    0x08003b4c   0x0000000e   Code   RO         4475    i.osDelay           cmsis_os.o
    0x08003b5a   0x0000000a   Code   RO         4478    i.osKernelStart     cmsis_os.o
    0x08003b64   0x0000000a   Code   RO         4480    i.osMessageCreate   cmsis_os.o
    0x08003b6e   0x00000014   Code   RO         4499    i.osSystickHandler  cmsis_os.o
    0x08003b82   0x00000038   Code   RO         4500    i.osThreadCreate    cmsis_os.o
    0x08003bba   0x00000002   PAD
    0x08003bbc   0x00000024   Code   RO         4513    i.osTimerCreate     cmsis_os.o
    0x08003be0   0x00000034   Code   RO         4923    i.prvAddCurrentTaskToDelayedList  tasks_1.o
    0x08003c14   0x00000054   Code   RO         4116    i.prvCheckForValidListAndQueue  timers.o
    0x08003c68   0x00000054   Code   RO         4924    i.prvCheckTasksWaitingTermination  tasks_1.o
    0x08003cbc   0x00000026   Code   RO         4756    i.prvCopyDataFromQueue  queue.o
    0x08003ce2   0x0000006e   Code   RO         4757    i.prvCopyDataToQueue  queue.o
    0x08003d50   0x0000004c   Code   RO         4311    i.prvHeapInit       heap_4.o
    0x08003d9c   0x00000018   Code   RO         4925    i.prvIdleTask       tasks_1.o
    0x08003db4   0x0000004c   Code   RO         4312    i.prvInsertBlockIntoFreeList  heap_4.o
    0x08003e00   0x00000038   Code   RO         4117    i.prvInsertTimerInActiveList  timers.o
    0x08003e38   0x000000a8   Code   RO         4118    i.prvProcessReceivedCommands  timers.o
    0x08003ee0   0x0000008c   Code   RO         4119    i.prvProcessTimerOrBlockTask  timers.o
    0x08003f6c   0x00000020   Code   RO         4927    i.prvResetNextTaskUnblockTime  tasks_1.o
    0x08003f8c   0x00000028   Code   RO         4120    i.prvSampleTimeNow  timers.o
    0x08003fb4   0x00000060   Code   RO         4121    i.prvSwitchTimerLists  timers.o
    0x08004014   0x00000018   Code   RO         4361    i.prvTaskExitError  port.o
    0x0800402c   0x00000024   Code   RO         4122    i.prvTimerTask      timers.o
    0x08004050   0x00000064   Code   RO         4758    i.prvUnlockQueue    queue.o
    0x080040b4   0x00000018   Code   RO         5391    i.prveMBError2Exception  mbutils.o
    0x080040cc   0x0000001c   Code   RO         5594    i.prvucMBBIN2CHAR   mbascii.o
    0x080040e8   0x00000018   Code   RO         5595    i.prvucMBLRC        mbascii.o
    0x08004100   0x0000002c   Code   RO         5782    i.prvvUARTRxISR     portserial.o
    0x0800412c   0x0000003c   Code   RO         5783    i.prvvUARTTxReadyISR  portserial.o
    0x08004168   0x000000c4   Code   RO         4313    i.pvPortMalloc      heap_4.o
    0x0800422c   0x00000018   Code   RO         4930    i.pvTaskIncrementMutexHeldCount  tasks_1.o
    0x08004244   0x00000028   Code   RO         4362    i.pxPortInitialiseStack  port.o
    0x0800426c   0x0000008c   Code   RO          855    i.startUARTRcv      usart_app.o
    0x080042f8   0x00000200   Code   RO          778    i.startUserTasks    tasks.o
    0x080044f8   0x0000002c   Code   RO         5356    i.usMBCRC16         mbcrc.o
    0x08004524   0x00000024   Code   RO         4275    i.uxListRemove      list.o
    0x08004548   0x00000002   Code   RO          683    i.vApplicationMallocFailedHook  freertos.o
    0x0800454a   0x00000002   Code   RO          684    i.vApplicationStackOverflowHook  freertos.o
    0x0800454c   0x00000002   Code   RO          685    i.vApplicationTickHook  freertos.o
    0x0800454e   0x00000016   Code   RO         4276    i.vListInitialise   list.o
    0x08004564   0x00000006   Code   RO         4277    i.vListInitialiseItem  list.o
    0x0800456a   0x00000030   Code   RO         4278    i.vListInsert       list.o
    0x0800459a   0x00000018   Code   RO         4279    i.vListInsertEnd    list.o
    0x080045b2   0x00000004   Code   RO         5841    i.vMBPortEnterCritical  portother.o
    0x080045b6   0x00000004   Code   RO         5842    i.vMBPortExitCritical  portother.o
    0x080045ba   0x00000002   PAD
    0x080045bc   0x00000024   Code   RO         5784    i.vMBPortSerialEnable  portserial.o
    0x080045e0   0x0000000c   Code   RO         5843    i.vMBPortSetWithinException  portother.o
    0x080045ec   0x00000018   Code   RO         5722    i.vMBPortTimersDisable  porttimer.o
    0x08004604   0x00000014   Code   RO         5716    i.vMBPortTimersEnable  porttimer.o
    0x08004618   0x00000034   Code   RO         4364    i.vPortEnterCritical  port.o
    0x0800464c   0x00000024   Code   RO         4365    i.vPortExitCritical  port.o
    0x08004670   0x00000048   Code   RO         4314    i.vPortFree         heap_4.o
    0x080046b8   0x00000020   Code   RO         4366    i.vPortSetupTimerInterrupt  port.o
    0x080046d8   0x00000040   Code   RO         4367    i.vPortValidateInterruptPriority  port.o
    0x08004718   0x00000018   Code   RO         4368    i.vPortYield        port.o
    0x08004730   0x00000028   Code   RO         4764    i.vQueueAddToRegistry  queue.o
    0x08004758   0x00000038   Code   RO         4768    i.vQueueWaitForMessageRestricted  queue.o
    0x08004790   0x00000050   Code   RO         4937    i.vTaskDelay        tasks_1.o
    0x080047e0   0x0000007c   Code   RO         4938    i.vTaskDelayUntil   tasks_1.o
    0x0800485c   0x0000000c   Code   RO         4941    i.vTaskMissedYield  tasks_1.o
    0x08004868   0x00000058   Code   RO         4942    i.vTaskPlaceOnEventList  tasks_1.o
    0x080048c0   0x00000044   Code   RO         4943    i.vTaskPlaceOnEventListRestricted  tasks_1.o
    0x08004904   0x00000084   Code   RO         4945    i.vTaskPriorityInherit  tasks_1.o
    0x08004988   0x0000001c   Code   RO         4949    i.vTaskSetTimeOutState  tasks_1.o
    0x080049a4   0x00000054   Code   RO         4950    i.vTaskStartScheduler  tasks_1.o
    0x080049f8   0x00000010   Code   RO         4952    i.vTaskSuspendAll   tasks_1.o
    0x08004a08   0x00000084   Code   RO         4953    i.vTaskSwitchContext  tasks_1.o
    0x08004a8c   0x000000e4   Code   RO         5596    i.xMBASCIIReceiveFSM  mbascii.o
    0x08004b70   0x00000030   Code   RO         5597    i.xMBASCIITimerT1SExpired  mbascii.o
    0x08004ba0   0x000000ac   Code   RO         5598    i.xMBASCIITransmitFSM  mbascii.o
    0x08004c4c   0x00000020   Code   RO         5739    i.xMBPortEventGet   portevent.o
    0x08004c6c   0x00000020   Code   RO         5740    i.xMBPortEventInit  portevent.o
    0x08004c8c   0x0000002c   Code   RO         5741    i.xMBPortEventPost  portevent.o
    0x08004cb8   0x00000010   Code   RO         5785    i.xMBPortSerialGetByte  portserial.o
    0x08004cc8   0x0000002c   Code   RO         5786    i.xMBPortSerialInit  portserial.o
    0x08004cf4   0x0000002c   Code   RO         5787    i.xMBPortSerialPutByte  portserial.o
    0x08004d20   0x00000050   Code   RO         5693    i.xMBPortTimersInit  porttimer.o
    0x08004d70   0x00000068   Code   RO         5288    i.xMBRTUReceiveFSM  mbrtu.o
    0x08004dd8   0x00000040   Code   RO         5289    i.xMBRTUTimerT35Expired  mbrtu.o
    0x08004e18   0x0000005c   Code   RO         5290    i.xMBRTUTransmitFSM  mbrtu.o
    0x08004e74   0x00000084   Code   RO         4369    i.xPortStartScheduler  port.o
    0x08004ef8   0x00000024   Code   RO         4370    i.xPortSysTickHandler  port.o
    0x08004f1c   0x00000046   Code   RO         4771    i.xQueueGenericCreate  queue.o
    0x08004f62   0x00000002   PAD
    0x08004f64   0x0000012e   Code   RO         4772    i.xQueueGenericReceive  queue.o
    0x08005092   0x0000006a   Code   RO         4773    i.xQueueGenericReset  queue.o
    0x080050fc   0x00000114   Code   RO         4774    i.xQueueGenericSend  queue.o
    0x08005210   0x00000092   Code   RO         4775    i.xQueueGenericSendFromISR  queue.o
    0x080052a2   0x00000002   PAD
    0x080052a4   0x00000058   Code   RO         4954    i.xTaskCheckForTimeOut  tasks_1.o
    0x080052fc   0x00000184   Code   RO         4955    i.xTaskGenericCreate  tasks_1.o
    0x08005480   0x0000001c   Code   RO         4957    i.xTaskGetSchedulerState  tasks_1.o
    0x0800549c   0x00000018   Code   RO         4958    i.xTaskGetTickCount  tasks_1.o
    0x080054b4   0x000000cc   Code   RO         4960    i.xTaskIncrementTick  tasks_1.o
    0x08005580   0x00000078   Code   RO         4961    i.xTaskPriorityDisinherit  tasks_1.o
    0x080055f8   0x0000006c   Code   RO         4962    i.xTaskRemoveFromEventList  tasks_1.o
    0x08005664   0x000000ac   Code   RO         4964    i.xTaskResumeAll    tasks_1.o
    0x08005710   0x0000003e   Code   RO         4124    i.xTimerCreate      timers.o
    0x0800574e   0x00000002   PAD
    0x08005750   0x00000044   Code   RO         4125    i.xTimerCreateTimerTask  timers.o
    0x08005794   0x00000048   Code   RO         4126    i.xTimerGenericCommand  timers.o
    0x080057dc   0x00000014   Data   RO          686    .constdata          freertos.o
    0x080057f0   0x000000dc   Data   RO          779    .constdata          tasks.o
    0x080058cc   0x00000010   Data   RO         2891    .constdata          stm32f4xx_hal_rcc.o
    0x080058dc   0x00000014   Data   RO         4967    .constdata          tasks_1.o
    0x080058f0   0x00000200   Data   RO         5357    .constdata          mbcrc.o
    0x08005af0   0x0000000c   Data   RO          687    .conststring        freertos.o
    0x08005afc   0x00000059   Data   RO          780    .conststring        tasks.o
    0x08005b55   0x00000003   PAD
    0x08005b58   0x00000020   Data   RO         6199    Region$$Table       anon$$obj.o


    Execution Region RW_IRAM1 (Base: 0x20000000, Size: 0x00008d88, Max: 0x00020000, ABSOLUTE, COMPRESSED[0x00000088])

    Base Addr    Size         Type   Attr      Idx    E Section Name        Object

    0x20000000   0x00000004   Data   RW          688    .data               freertos.o
    0x20000004   0x0000004c   Data   RW          781    .data               tasks.o
    0x20000050   0x0000000c   Data   RW          856    .data               usart_app.o
    0x2000005c   0x000000c4   Data   RW          942    .data               mb_app.o
    0x20000120   0x00000014   Data   RW         1000    .data               can_app.o
    0x20000134   0x00000004   Data   RW         3361    .data               stm32f4xx_hal.o
    0x20000138   0x00000014   Data   RW         4087    .data               system_stm32f4xx.o
    0x2000014c   0x00000010   Data   RW         4129    .data               timers.o
    0x2000015c   0x00000018   Data   RW         4319    .data               heap_4.o
    0x20000174   0x0000000c   Data   RW         4371    .data               port.o
    0x20000180   0x00000038   Data   RW         4968    .data               tasks_1.o
    0x200001b8   0x000000ac   Data   RW         5206    .data               mb.o
    0x20000264   0x0000000c   Data   RW         5292    .data               mbrtu.o
    0x20000270   0x00000002   Data   RW         5559    .data               mbfuncother.o
    0x20000272   0x00000002   PAD
    0x20000274   0x00000010   Data   RW         5599    .data               mbascii.o
    0x20000284   0x00000004   Data   RW         5742    .data               portevent.o
    0x20000288   0x00000001   Data   RW         5788    .data               portserial.o
    0x20000289   0x00000001   Data   RW         5844    .data               portother.o
    0x2000028a   0x00000002   PAD
    0x2000028c   0x00000004   Data   RW         6173    .data               mc_w.l(stdout.o)
    0x20000290   0x0000003c   Zero   RW          141    .bss                i2c.o
    0x200002cc   0x00000044   Zero   RW          348    .bss                adc.o
    0x20000310   0x00000108   Zero   RW          392    .bss                spi.o
    0x20000418   0x0000003c   Zero   RW          444    .bss                tim.o
    0x20000454   0x00000180   Zero   RW          491    .bss                usart.o
    0x200005d4   0x00000080   Zero   RW          638    .bss                can.o
    0x20000654   0x00000080   Zero   RW          941    .bss                mb_app.o
    0x200006d4   0x0000003c   Zero   RW          999    .bss                can_app.o
    0x20000710   0x00000028   Zero   RW         4128    .bss                timers.o
    0x20000738   0x00008000   Zero   RW         4318    .bss                heap_4.o
    0x20008738   0x00000040   Zero   RW         4782    .bss                queue.o
    0x20008778   0x000000f0   Zero   RW         4966    .bss                tasks_1.o
    0x20008868   0x00000100   Zero   RW         5291    .bss                mbrtu.o
    0x20008968   0x00000020   Zero   RW         5558    .bss                mbfuncother.o
    0x20008988   0x00000400   Zero   RW         1052    STACK               startup_stm32f429xx.o


==============================================================================

Image component sizes


      Code (inc. data)   RO Data    RW Data    ZI Data      Debug   Object Name

       124         22          0          0         68       1593   adc.o
       276         34          0          0        128       2282   can.o
       330         86          0         20         60       4697   can_app.o
       158          6          0          0          0       9176   cmsis_os.o
        50         10         32          4          0      42745   freertos.o
       296         32          0          0          0     370747   gpio.o
       144         22          0          0          0        617   gpio_app.o
       420         24          0         24      32768       4435   heap_4.o
       112         26          0          0         60       1533   i2c.o
       136          0          0          0          0       3602   list.o
       316         70          0          0          0      24876   main.o
       476         76          0        172          0       6644   mb.o
       438         30          0        196        128       4989   mb_app.o
       806         44          0         16          0       9247   mbascii.o
        44          4        512          0          0       1428   mbcrc.o
       300          0          0          0          0       4110   mbfunccoils.o
       114          0          0          0          0       1756   mbfuncdisc.o
       378          0          0          0          0       5619   mbfuncholding.o
        98          0          0          0          0       1759   mbfuncinput.o
       108         20          0          2         32       2523   mbfuncother.o
       248          0          0          0          0       1981   mbfuncuser.o
       578         50          0         12        256       7199   mbrtu.o
        24          0          0          0          0        720   mbutils.o
       638         82          0         12          0       9282   port.o
       108         16          0          4          0       2644   portevent.o
        32         12          0          1          0       2484   portother.o
       244         56          0          1          0       4831   portserial.o
       192         30          0          0          0       3233   porttimer.o
      1244          6          0          0         64      11757   queue.o
       312         52          0          0        264       2659   spi.o
        36          8        428          0       1024        932   startup_stm32f429xx.o
       114         16          0          4          0       3638   stm32f4xx_hal.o
       628         16          0          0          0       2679   stm32f4xx_hal_adc.o
      1918         38          0          0          0       6827   stm32f4xx_hal_can.o
       194         14          0          0          0      30283   stm32f4xx_hal_cortex.o
       458         50          0          0          0       3145   stm32f4xx_hal_gpio.o
       256         10          0          0          0       2055   stm32f4xx_hal_i2c.o
        22          0          0          0          0        510   stm32f4xx_hal_msp.o
      1516         72         16          0          0       6243   stm32f4xx_hal_rcc.o
       128          0          0          0          0       1191   stm32f4xx_hal_spi.o
      1022         44          0          0          0      10639   stm32f4xx_hal_tim.o
        84          0          0          0          0       2462   stm32f4xx_hal_tim_ex.o
      1528         10          0          0          0       8663   stm32f4xx_hal_uart.o
       110         48          0          0          0       7852   stm32f4xx_it.o
        84         18          0         20          0       1377   system_stm32f4xx.o
       838        130        309         76          0       7215   tasks.o
      2112        166         20         56        240      21712   tasks_1.o
       112         10          0          0         60       1626   tim.o
       822         74          0         16         40      11270   timers.o
       644         92          0          0        384       4339   usart.o
       332         80          0         12          0       4830   usart_app.o

    ----------------------------------------------------------------------
     21740       1706       1352        652      35576     690656   Object Totals
         0          0         32          0          0          0   (incl. Generated)
        38          0          3          4          0          0   (incl. Padding)

    ----------------------------------------------------------------------

      Code (inc. data)   RO Data    RW Data    ZI Data      Debug   Library Member Name

        86          0          0          0          0          0   __dczerorl2.o
         0          0          0          0          0          0   entry.o
         0          0          0          0          0          0   entry10a.o
         0          0          0          0          0          0   entry11a.o
         8          4          0          0          0          0   entry2.o
         4          0          0          0          0          0   entry5.o
         0          0          0          0          0          0   entry7b.o
         0          0          0          0          0          0   entry8b.o
         8          4          0          0          0          0   entry9a.o
        30          0          0          0          0          0   handlers.o
        36          8          0          0          0         68   init.o
        26          0          0          0          0         80   memcmp.o
        36          0          0          0          0         68   memcpya.o
        36          0          0          0          0        108   memseta.o
        50          8          0          0          0        152   printfb.o
         0          0          0          4          0          0   stdout.o

    ----------------------------------------------------------------------
       324         24          0          4          0        476   Library Totals
         4          0          0          0          0          0   (incl. Padding)

    ----------------------------------------------------------------------

      Code (inc. data)   RO Data    RW Data    ZI Data      Debug   Library Name

       320         24          0          4          0        476   mc_w.l

    ----------------------------------------------------------------------
       324         24          0          4          0        476   Library Totals

    ----------------------------------------------------------------------

==============================================================================


      Code (inc. data)   RO Data    RW Data    ZI Data      Debug   

     22064       1730       1352        656      35576     667660   Grand Totals
     22064       1730       1352        136      35576     667660   ELF Image Totals (compressed)
     22064       1730       1352        136          0          0   ROM Totals

==============================================================================

    Total RO  Size (Code + RO Data)                23416 (  22.87kB)
    Total RW  Size (RW Data + ZI Data)             36232 (  35.38kB)
    Total ROM Size (Code + RO Data + RW Data)      23552 (  23.00kB)

==============================================================================

