Component: ARM Compiler 5.06 (build 20) Tool: armlink [4d35a3]

==============================================================================

Section Cross References

    gpio.o(i.MX_GPIO_Init) refers to stm32f4xx_hal_gpio.o(i.HAL_GPIO_Init) for HAL_GPIO_Init
    i2c.o(i.HAL_I2C_MspDeInit) refers to stm32f4xx_hal_gpio.o(i.HAL_GPIO_DeInit) for HAL_GPIO_DeInit
    i2c.o(i.HAL_I2C_MspInit) refers to stm32f4xx_hal_gpio.o(i.HAL_GPIO_Init) for HAL_GPIO_Init
    i2c.o(i.MX_I2C2_Init) refers to stm32f4xx_hal_i2c.o(i.HAL_I2C_Init) for HAL_I2C_Init
    i2c.o(i.MX_I2C2_Init) refers to i2c.o(.bss) for hi2c2
    stm32f4xx_hal_msp.o(i.HAL_MspInit) refers to stm32f4xx_hal_cortex.o(i.HAL_NVIC_SetPriorityGrouping) for HAL_NVIC_SetPriorityGrouping
    stm32f4xx_hal_msp.o(i.HAL_MspInit) refers to stm32f4xx_hal_cortex.o(i.HAL_NVIC_SetPriority) for HAL_NVIC_SetPriority
    main.o(i.SystemClock_Config) refers to stm32f4xx_hal_rcc.o(i.HAL_RCC_OscConfig) for HAL_RCC_OscConfig
    main.o(i.SystemClock_Config) refers to stm32f4xx_hal_rcc.o(i.HAL_RCC_ClockConfig) for HAL_RCC_ClockConfig
    main.o(i.SystemClock_Config) refers to stm32f4xx_hal_rcc.o(i.HAL_RCC_GetHCLKFreq) for HAL_RCC_GetHCLKFreq
    main.o(i.SystemClock_Config) refers to stm32f4xx_hal_cortex.o(i.HAL_SYSTICK_Config) for HAL_SYSTICK_Config
    main.o(i.SystemClock_Config) refers to stm32f4xx_hal_cortex.o(i.HAL_SYSTICK_CLKSourceConfig) for HAL_SYSTICK_CLKSourceConfig
    main.o(i.SystemClock_Config) refers to stm32f4xx_hal_cortex.o(i.HAL_NVIC_SetPriority) for HAL_NVIC_SetPriority
    main.o(i.main) refers to stm32f4xx_hal.o(i.HAL_Init) for HAL_Init
    main.o(i.main) refers to main.o(i.SystemClock_Config) for SystemClock_Config
    main.o(i.main) refers to gpio.o(i.MX_GPIO_Init) for MX_GPIO_Init
    main.o(i.main) refers to adc.o(i.MX_ADC2_Init) for MX_ADC2_Init
    main.o(i.main) refers to adc.o(i.MX_ADC3_Init) for MX_ADC3_Init
    main.o(i.main) refers to can.o(i.MX_CAN1_Init) for MX_CAN1_Init
    main.o(i.main) refers to can.o(i.MX_CAN2_Init) for MX_CAN2_Init
    main.o(i.main) refers to i2c.o(i.MX_I2C2_Init) for MX_I2C2_Init
    main.o(i.main) refers to spi.o(i.MX_SPI2_Init) for MX_SPI2_Init
    main.o(i.main) refers to tim.o(i.MX_TIM2_Init) for MX_TIM2_Init
    main.o(i.main) refers to tim.o(i.MX_TIM6_Init) for MX_TIM6_Init
    main.o(i.main) refers to usart.o(i.MX_UART4_Init) for MX_UART4_Init
    main.o(i.main) refers to usart.o(i.MX_UART5_Init) for MX_UART5_Init
    main.o(i.main) refers to usart.o(i.MX_USART1_UART_Init) for MX_USART1_UART_Init
    main.o(i.main) refers to usart.o(i.MX_USART2_UART_Init) for MX_USART2_UART_Init
    main.o(i.main) refers to usart.o(i.MX_USART3_UART_Init) for MX_USART3_UART_Init
    main.o(i.main) refers to usart.o(i.MX_USART6_UART_Init) for MX_USART6_UART_Init
    main.o(i.main) refers to gpio_app.o(i.MAIN_GPIO_Init) for MAIN_GPIO_Init
    main.o(i.main) refers to usart_app.o(i.startUARTRcv) for startUARTRcv
    main.o(i.main) refers to can_app.o(i.CAN_App_Init) for CAN_App_Init
    main.o(i.main) refers to mfunc_app.o(i.Mfunc_App_Init) for Mfunc_App_Init
    main.o(i.main) refers to freertos.o(i.MX_FREERTOS_Init) for MX_FREERTOS_Init
    main.o(i.main) refers to cmsis_os.o(i.osKernelStart) for osKernelStart
    main.o(i.main) refers to usart.o(.bss) for huart1
    adc.o(i.HAL_ADC_MspDeInit) refers to stm32f4xx_hal_gpio.o(i.HAL_GPIO_DeInit) for HAL_GPIO_DeInit
    adc.o(i.HAL_ADC_MspInit) refers to stm32f4xx_hal_gpio.o(i.HAL_GPIO_Init) for HAL_GPIO_Init
    adc.o(i.MX_ADC2_Init) refers to stm32f4xx_hal_adc.o(i.HAL_ADC_Init) for HAL_ADC_Init
    adc.o(i.MX_ADC2_Init) refers to stm32f4xx_hal_adc.o(i.HAL_ADC_ConfigChannel) for HAL_ADC_ConfigChannel
    adc.o(i.MX_ADC2_Init) refers to adc.o(.bss) for hadc2
    adc.o(i.MX_ADC3_Init) refers to stm32f4xx_hal_adc.o(i.HAL_ADC_Init) for HAL_ADC_Init
    adc.o(i.MX_ADC3_Init) refers to stm32f4xx_hal_adc.o(i.HAL_ADC_ConfigChannel) for HAL_ADC_ConfigChannel
    adc.o(i.MX_ADC3_Init) refers to adc.o(.bss) for hadc3
    spi.o(i.HAL_SPI_MspDeInit) refers to stm32f4xx_hal_gpio.o(i.HAL_GPIO_DeInit) for HAL_GPIO_DeInit
    spi.o(i.HAL_SPI_MspInit) refers to stm32f4xx_hal_gpio.o(i.HAL_GPIO_Init) for HAL_GPIO_Init
    spi.o(i.MX_SPI2_Init) refers to stm32f4xx_hal_spi.o(i.HAL_SPI_Init) for HAL_SPI_Init
    spi.o(i.MX_SPI2_Init) refers to spi.o(.bss) for hspi2
    tim.o(i.HAL_TIM_Base_MspDeInit) refers to stm32f4xx_hal_cortex.o(i.HAL_NVIC_DisableIRQ) for HAL_NVIC_DisableIRQ
    tim.o(i.HAL_TIM_Base_MspInit) refers to stm32f4xx_hal_cortex.o(i.HAL_NVIC_SetPriority) for HAL_NVIC_SetPriority
    tim.o(i.HAL_TIM_Base_MspInit) refers to stm32f4xx_hal_cortex.o(i.HAL_NVIC_EnableIRQ) for HAL_NVIC_EnableIRQ
    tim.o(i.MX_TIM2_Init) refers to stm32f4xx_hal_tim.o(i.HAL_TIM_Base_Init) for HAL_TIM_Base_Init
    tim.o(i.MX_TIM2_Init) refers to stm32f4xx_hal_tim.o(i.HAL_TIM_ConfigClockSource) for HAL_TIM_ConfigClockSource
[...]
    i.xTaskCheckForTimeOut                   0x080071ec   Section        0  tasks_1.o(i.xTaskCheckForTimeOut)
    i.xTaskGenericCreate                     0x08007260   Section        0  tasks_1.o(i.xTaskGenericCreate)
    i.xTaskGetSchedulerState                 0x08007398   Section        0  tasks_1.o(i.xTaskGetSchedulerState)
    i.xTaskGetTickCount                      0x080073b8   Section        0  tasks_1.o(i.xTaskGetTickCount)
    i.xTaskIncrementTick                     0x080073d0   Section        0  tasks_1.o(i.xTaskIncrementTick)
    i.xTaskPriorityDisinherit                0x0800751c   Section        0  tasks_1.o(i.xTaskPriorityDisinherit)
    i.xTaskRemoveFromEventList               0x080075c8   Section        0  tasks_1.o(i.xTaskRemoveFromEventList)
    i.xTaskResumeAll                         0x08007654   Section        0  tasks_1.o(i.xTaskResumeAll)
    i.xTimerCreate                           0x0800773c   Section        0  timers.o(i.xTimerCreate)
    i.xTimerCreateTimerTask                  0x0800778c   Section        0  timers.o(i.xTimerCreateTimerTask)
    i.xTimerGenericCommand                   0x080077d8   Section        0  timers.o(i.xTimerGenericCommand)
    .constdata                               0x08007844   Section      220  tasks.o(.constdata)
    .constdata                               0x08007920   Section       16  stm32f4xx_hal_rcc.o(.constdata)
    .constdata                               0x08007930   Section       20  tasks_1.o(.constdata)
    ucExpectedStackBytes                     0x08007930   Data          20  tasks_1.o(.constdata)
    .constdata                               0x08007944   Section      512  mbcrc.o(.constdata)
    aucCRCHi                                 0x08007944   Data         256  mbcrc.o(.constdata)
    aucCRCLo                                 0x08007a44   Data         256  mbcrc.o(.constdata)
    .conststring                             0x08007b44   Section       89  tasks.o(.conststring)
    .data                                    0x20000000   Section        4  can.o(.data)
    CAN1_CLK_ENABLED                         0x20000000   Data           4  can.o(.data)
    .data                                    0x20000004   Section       76  tasks.o(.data)
    .data                                    0x20000050   Section       10  usart_app.o(.data)
    .data                                    0x2000005c   Section      392  mb_app.o(.data)
    RX_FIFO_Handlers                         0x2000015c   Data          64  mb_app.o(.data)
    TX_FIFO_Handlers                         0x2000019c   Data          64  mb_app.o(.data)
    .data                                    0x200001e4   Section       28  can_app.o(.data)
    temp                                     0x200001e8   Data           1  can_app.o(.data)
    i                                        0x200001ec   Data           4  can_app.o(.data)
    temp                                     0x200001f0   Data           1  can_app.o(.data)
    xHigherPriorityTaskWoken                 0x200001f4   Data           4  can_app.o(.data)
    i                                        0x200001f8   Data           4  can_app.o(.data)
    i                                        0x200001fc   Data           4  can_app.o(.data)
    .data                                    0x20000200   Section        4  stm32f4xx_hal.o(.data)
    uwTick                                   0x20000200   Data           4  stm32f4xx_hal.o(.data)
    .data                                    0x20000204   Section        4  system_stm32f4xx.o(.data)
    .data                                    0x20000208   Section       16  timers.o(.data)
    pxCurrentTimerList                       0x20000208   Data           4  timers.o(.data)
    pxOverflowTimerList                      0x2000020c   Data           4  timers.o(.data)
    xTimerQueue                              0x20000210   Data           4  timers.o(.data)
    xLastTime                                0x20000214   Data           4  timers.o(.data)
    .data                                    0x20000218   Section       24  heap_4.o(.data)
    xStart                                   0x20000218   Data           8  heap_4.o(.data)
    pxEnd                                    0x20000220   Data           4  heap_4.o(.data)
    xFreeBytesRemaining                      0x20000224   Data           4  heap_4.o(.data)
    xMinimumEverFreeBytesRemaining           0x20000228   Data           4  heap_4.o(.data)
    xBlockAllocatedBit                       0x2000022c   Data           4  heap_4.o(.data)
    .data                                    0x20000230   Section       12  port.o(.data)
    uxCriticalNesting                        0x20000230   Data           4  port.o(.data)
    ucMaxSysCallPriority                     0x20000234   Data           1  port.o(.data)
    ulMaxPRIGROUPValue                       0x20000238   Data           4  port.o(.data)
    .data                                    0x2000023c   Section       56  tasks_1.o(.data)
    pxDelayedTaskList                        0x20000240   Data           4  tasks_1.o(.data)
    pxOverflowDelayedTaskList                0x20000244   Data           4  tasks_1.o(.data)
    uxTasksDeleted                           0x20000248   Data           4  tasks_1.o(.data)
    uxCurrentNumberOfTasks                   0x2000024c   Data           4  tasks_1.o(.data)
    xTickCount                               0x20000250   Data           4  tasks_1.o(.data)
    uxTopReadyPriority                       0x20000254   Data           4  tasks_1.o(.data)
    xSchedulerRunning                        0x20000258   Data           4  tasks_1.o(.data)
    uxPendedTicks                            0x2000025c   Data           4  tasks_1.o(.data)
    xYieldPending                            0x20000260   Data           4  tasks_1.o(.data)
    xNumOfOverflows                          0x20000264   Data           4  tasks_1.o(.data)
    uxTaskNumber                             0x20000268   Data           4  tasks_1.o(.data)
    xNextTaskUnblockTime                     0x2000026c   Data           4  tasks_1.o(.data)
    uxSchedulerSuspended                     0x20000270   Data           4  tasks_1.o(.data)
    .data                                    0x20000274   Section      181  mb.o(.data)
    ucMBAddress                              0x20000274   Data           1  mb.o(.data)
    eMBCurrentMode                           0x20000275   Data           1  mb.o(.data)
    eMBState                                 0x20000276   Data           1  mb.o(.data)
    peMBFrameSendCur                         0x20000278   Data           4  mb.o(.data)
    pvMBFrameStartCur                        0x2000027c   Data           4  mb.o(.data)
    pvMBFrameStopCur                         0x20000280   Data           4  mb.o(.data)
    peMBFrameReceiveCur                      0x20000284   Data           4  mb.o(.data)
    pvMBFrameCloseCur                        0x20000288   Data           4  mb.o(.data)
    xFuncHandlers                            0x200002a0   Data         128  mb.o(.data)
    ucMBFrame                                0x20000320   Data           4  mb.o(.data)
    ucRcvAddress                             0x20000324   Data           1  mb.o(.data)
    ucFunctionCode                           0x20000325   Data           1  mb.o(.data)
    usLength                                 0x20000326   Data           2  mb.o(.data)
    eException                               0x20000328   Data           1  mb.o(.data)
    .data                                    0x2000032c   Section       12  mbrtu.o(.data)
    eSndState                                0x2000032c   Data           1  mbrtu.o(.data)
    eRcvState                                0x2000032d   Data           1  mbrtu.o(.data)
    pucSndBufferCur                          0x20000330   Data           4  mbrtu.o(.data)
    usSndBufferCount                         0x20000334   Data           2  mbrtu.o(.data)
    usRcvBufferPos                           0x20000336   Data           2  mbrtu.o(.data)
    .data                                    0x20000338   Section        2  mbfuncother.o(.data)
    usMBSlaveIDLen                           0x20000338   Data           2  mbfuncother.o(.data)
    .data                                    0x2000033c   Section       20  mbascii.o(.data)
    eSndState                                0x2000033c   Data           1  mbascii.o(.data)
    eRcvState                                0x2000033d   Data           1  mbascii.o(.data)
    ucASCIIBuf                               0x20000340   Data           4  mbascii.o(.data)
    usRcvBufferPos                           0x20000344   Data           2  mbascii.o(.data)
    eBytePos                                 0x20000346   Data           1  mbascii.o(.data)
    pucSndBufferCur                          0x20000348   Data           4  mbascii.o(.data)
    usSndBufferCount                         0x2000034c   Data           2  mbascii.o(.data)
    ucLRC                                    0x2000034e   Data           1  mbascii.o(.data)
    ucMBLFCharacter                          0x2000034f   Data           1  mbascii.o(.data)
    .data                                    0x20000350   Section        4  portevent.o(.data)
    xQueueHdl                                0x20000350   Data           4  portevent.o(.data)
    .data                                    0x20000354   Section        1  portserial.o(.data)
    txByte                                   0x20000354   Data           1  portserial.o(.data)
    .data                                    0x20000355   Section        1  portother.o(.data)
    bIsWithinException                       0x20000355   Data           1  portother.o(.data)
    .bss                                     0x20000358   Section       60  i2c.o(.bss)
    .bss                                     0x20000394   Section      136  adc.o(.bss)
    .bss                                     0x2000041c   Section       88  spi.o(.bss)
    .bss                                     0x20000474   Section      120  tim.o(.bss)
    .bss                                     0x200004ec   Section      384  usart.o(.bss)
    .bss                                     0x2000066c   Section      128  can.o(.bss)
    .bss                                     0x200006ec   Section      504  mb_app.o(.bss)
    .bss                                     0x200008e4   Section       36  can_app.o(.bss)
    can1RxMessage                            0x200008e4   Data          36  can_app.o(.bss)
    .bss                                     0x20000908   Section      280  mfunc_app.o(.bss)
    .bss                                     0x20000a20   Section       40  timers.o(.bss)
    xActiveTimerList1                        0x20000a20   Data          20  timers.o(.bss)
    xActiveTimerList2                        0x20000a34   Data          20  timers.o(.bss)
    .bss                                     0x20000a48   Section    32768  heap_4.o(.bss)
    ucHeap                                   0x20000a48   Data       32768  heap_4.o(.bss)
    .bss                                     0x20008a48   Section       64  queue.o(.bss)
    .bss                                     0x20008a88   Section      400  tasks_1.o(.bss)
    pxReadyTasksLists                        0x20008a88   Data         300  tasks_1.o(.bss)
    xDelayedTaskList1                        0x20008bb4   Data          20  tasks_1.o(.bss)
    xDelayedTaskList2                        0x20008bc8   Data          20  tasks_1.o(.bss)
    xPendingReadyList                        0x20008bdc   Data          20  tasks_1.o(.bss)
    xTasksWaitingTermination                 0x20008bf0   Data          20  tasks_1.o(.bss)
    xSuspendedTaskList                       0x20008c04   Data          20  tasks_1.o(.bss)
    .bss                                     0x20008c18   Section      256  mbrtu.o(.bss)
    .bss                                     0x20008d18   Section       32  mbfuncother.o(.bss)
    ucMBSlaveID                              0x20008d18   Data          32  mbfuncother.o(.bss)
    STACK                                    0x20008d38   Section     1024  startup_stm32f429xx.o(STACK)

    Global Symbols

    Symbol Name                              Value     Ov Type        Size  Object(Section)

    BuildAttributes$$THM_ISAv4$E$P$D$K$B$S$7EM$VFPi3$EXTD16$VFPS$VFMA$PE$A:L22UL41UL21$X:L11$S22US41US21$IEEE1$IW$USESV6$~STKCKD$USESV7$~SHL$OSPACE$EBA8$MICROLIB$REQ8$PRES8$EABIv2 0x00000000   Number         0  anon$$obj.o ABSOLUTE
    __ARM_use_no_argv                        0x00000000   Number         0  main.o ABSOLUTE
    __cpp_initialize__aeabi_                  - Undefined Weak Reference
    __cxa_finalize                            - Undefined Weak Reference
    _clock_init                               - Undefined Weak Reference
    _microlib_exit                            - Undefined Weak Reference
    __Vectors_Size                           0x000001ac   Number         0  startup_stm32f429xx.o ABSOLUTE
    __Vectors                                0x08000000   Data           4  startup_stm32f429xx.o(RESET)
    __Vectors_End                            0x080001ac   Data           0  startup_stm32f429xx.o(RESET)
    __main                                   0x080001ad   Thumb Code     0  entry.o(.ARM.Collect$$$$00000000)
    _main_stk                                0x080001ad   Thumb Code     0  entry2.o(.ARM.Collect$$$$00000001)
    _main_scatterload                        0x080001b1   Thumb Code     0  entry5.o(.ARM.Collect$$$$00000004)
    __main_after_scatterload                 0x080001b5   Thumb Code     0  entry5.o(.ARM.Collect$$$$00000004)
    _main_clock                              0x080001b5   Thumb Code     0  entry7b.o(.ARM.Collect$$$$00000008)
    _main_cpp_init                           0x080001b5   Thumb Code     0  entry8b.o(.ARM.Collect$$$$0000000A)
    _main_init                               0x080001b5   Thumb Code     0  entry9a.o(.ARM.Collect$$$$0000000B)
    __rt_final_cpp                           0x080001bd   Thumb Code     0  entry10a.o(.ARM.Collect$$$$0000000D)
    __rt_final_exit                          0x080001bd   Thumb Code     0  entry11a.o(.ARM.Collect$$$$0000000F)
    SVC_Handler                              0x080001c1   Thumb Code    28  port.o(.emb_text)
    __asm___6_port_c_39a90d8d__prvStartFirstTask 0x080001e1   Thumb Code    28  port.o(.emb_text)
    __asm___6_port_c_39a90d8d__prvEnableVFP  0x08000201   Thumb Code    16  port.o(.emb_text)
    PendSV_Handler                           0x08000215   Thumb Code    84  port.o(.emb_text)
    ulPortSetInterruptMask                   0x0800026d   Thumb Code    14  port.o(.emb_text)
    vPortClearInterruptMask                  0x0800027b   Thumb Code     6  port.o(.emb_text)
    vPortGetIPSR                             0x08000281   Thumb Code     6  port.o(.emb_text)
    Reset_Handler                            0x08000289   Thumb Code     8  startup_stm32f429xx.o(.text)
    NMI_Handler                              0x08000291   Thumb Code     2  startup_stm32f429xx.o(.text)
    HardFault_Handler                        0x08000293   Thumb Code     2  startup_stm32f429xx.o(.text)
    MemManage_Handler                        0x08000295   Thumb Code     2  startup_stm32f429xx.o(.text)
    BusFault_Handler                         0x08000297   Thumb Code     2  startup_stm32f429xx.o(.text)
    UsageFault_Handler                       0x08000299   Thumb Code     2  startup_stm32f429xx.o(.text)
    DebugMon_Handler                         0x0800029d   Thumb Code     2  startup_stm32f429xx.o(.text)
    ADC_IRQHandler                           0x080002a3   Thumb Code     0  startup_stm32f429xx.o(.text)
    CAN1_RX1_IRQHandler                      0x080002a3   Thumb Code     0  startup_stm32f429xx.o(.text)
    CAN1_SCE_IRQHandler                      0x080002a3   Thumb Code     0  startup_stm32f429xx.o(.text)
    CAN1_TX_IRQHandler                       0x080002a3   Thumb Code     0  startup_stm32f429xx.o(.text)
    CAN2_RX0_IRQHandler                      0x080002a3   Thumb Code     0  startup_stm32f429xx.o(.text)
    CAN2_RX1_IRQHandler                      0x080002a3   Thumb Code     0  startup_stm32f429xx.o(.text)
    CAN2_SCE_IRQHandler                      0x080002a3   Thumb Code     0  startup_stm32f429xx.o(.text)
    CAN2_TX_IRQHandler                       0x080002a3   Thumb Code     0  startup_stm32f429xx.o(.text)
    DCMI_IRQHandler                          0x080002a3   Thumb Code     0  startup_stm32f429xx.o(.text)
    DMA1_Stream0_IRQHandler                  0x080002a3   Thumb Code     0  startup_stm32f429xx.o(.text)
    DMA1_Stream1_IRQHandler                  0x080002a3   Thumb Code     0  startup_stm32f429xx.o(.text)
    DMA1_Stream2_IRQHandler                  0x080002a3   Thumb Code     0  startup_stm32f429xx.o(.text)
    DMA1_Stream3_IRQHandler                  0x080002a3   Thumb Code     0  startup_stm32f429xx.o(.text)
    DMA1_Stream4_IRQHandler                  0x080002a3   Thumb Code     0  startup_stm32f429xx.o(.text)
    DMA1_Stream5_IRQHandler                  0x080002a3   Thumb Code     0  startup_stm32f429xx.o(.text)
    DMA1_Stream6_IRQHandler                  0x080002a3   Thumb Code     0  startup_stm32f429xx.o(.text)
    DMA1_Stream7_IRQHandler                  0x080002a3   Thumb Code     0  startup_stm32f429xx.o(.text)
    DMA2D_IRQHandler                         0x080002a3   Thumb Code     0  startup_stm32f429xx.o(.text)
    DMA2_Stream0_IRQHandler                  0x080002a3   Thumb Code     0  startup_stm32f429xx.o(.text)
    DMA2_Stream1_IRQHandler                  0x080002a3   Thumb Code     0  startup_stm32f429xx.o(.text)
    DMA2_Stream2_IRQHandler                  0x080002a3   Thumb Code     0  startup_stm32f429xx.o(.text)
    DMA2_Stream3_IRQHandler                  0x080002a3   Thumb Code     0  startup_stm32f429xx.o(.text)
    DMA2_Stream4_IRQHandler                  0x080002a3   Thumb Code     0  startup_stm32f429xx.o(.text)
    DMA2_Stream5_IRQHandler                  0x080002a3   Thumb Code     0  startup_stm32f429xx.o(.text)
    DMA2_Stream6_IRQHandler                  0x080002a3   Thumb Code     0  startup_stm32f429xx.o(.text)
    DMA2_Stream7_IRQHandler                  0x080002a3   Thumb Code     0  startup_stm32f429xx.o(.text)
    ETH_IRQHandler                           0x080002a3   Thumb Code     0  startup_stm32f429xx.o(.text)
    ETH_WKUP_IRQHandler                      0x080002a3   Thumb Code     0  startup_stm32f429xx.o(.text)
    EXTI0_IRQHandler                         0x080002a3   Thumb Code     0  startup_stm32f429xx.o(.text)
    EXTI15_10_IRQHandler                     0x080002a3   Thumb Code     0  startup_stm32f429xx.o(.text)
    EXTI1_IRQHandler                         0x080002a3   Thumb Code     0  startup_stm32f429xx.o(.text)
    EXTI2_IRQHandler                         0x080002a3   Thumb Code     0  startup_stm32f429xx.o(.text)
    EXTI3_IRQHandler                         0x080002a3   Thumb Code     0  startup_stm32f429xx.o(.text)
    EXTI4_IRQHandler                         0x080002a3   Thumb Code     0  startup_stm32f429xx.o(.text)
    EXTI9_5_IRQHandler                       0x080002a3   Thumb Code     0  startup_stm32f429xx.o(.text)
    FLASH_IRQHandler                         0x080002a3   Thumb Code     0  startup_stm32f429xx.o(.text)
    FMC_IRQHandler                           0x080002a3   Thumb Code     0  startup_stm32f429xx.o(.text)
    FPU_IRQHandler                           0x080002a3   Thumb Code     0  startup_stm32f429xx.o(.text)
    HASH_RNG_IRQHandler                      0x080002a3   Thumb Code     0  startup_stm32f429xx.o(.text)
    I2C1_ER_IRQHandler                       0x080002a3   Thumb Code     0  startup_stm32f429xx.o(.text)
    I2C1_EV_IRQHandler                       0x080002a3   Thumb Code     0  startup_stm32f429xx.o(.text)
    I2C2_ER_IRQHandler                       0x080002a3   Thumb Code     0  startup_stm32f429xx.o(.text)
    I2C2_EV_IRQHandler                       0x080002a3   Thumb Code     0  startup_stm32f429xx.o(.text)
    I2C3_ER_IRQHandler                       0x080002a3   Thumb Code     0  startup_stm32f429xx.o(.text)
    I2C3_EV_IRQHandler                       0x080002a3   Thumb Code     0  startup_stm32f429xx.o(.text)
    LTDC_ER_IRQHandler                       0x080002a3   Thumb Code     0  startup_stm32f429xx.o(.text)
    LTDC_IRQHandler                          0x080002a3   Thumb Code     0  startup_stm32f429xx.o(.text)
    OTG_FS_IRQHandler                        0x080002a3   Thumb Code     0  startup_stm32f429xx.o(.text)
    OTG_FS_WKUP_IRQHandler                   0x080002a3   Thumb Code     0  startup_stm32f429xx.o(.text)
    OTG_HS_EP1_IN_IRQHandler                 0x080002a3   Thumb Code     0  startup_stm32f429xx.o(.text)
    OTG_HS_EP1_OUT_IRQHandler                0x080002a3   Thumb Code     0  startup_stm32f429xx.o(.text)
    OTG_HS_IRQHandler                        0x080002a3   Thumb Code     0  startup_stm32f429xx.o(.text)
    OTG_HS_WKUP_IRQHandler                   0x080002a3   Thumb Code     0  startup_stm32f429xx.o(.text)
    PVD_IRQHandler                           0x080002a3   Thumb Code     0  startup_stm32f429xx.o(.text)
    RCC_IRQHandler                           0x080002a3   Thumb Code     0  startup_stm32f429xx.o(.text)
    RTC_Alarm_IRQHandler                     0x080002a3   Thumb Code     0  startup_stm32f429xx.o(.text)
    RTC_WKUP_IRQHandler                      0x080002a3   Thumb Code     0  startup_stm32f429xx.o(.text)
    SAI1_IRQHandler                          0x080002a3   Thumb Code     0  startup_stm32f429xx.o(.text)
    SDIO_IRQHandler                          0x080002a3   Thumb Code     0  startup_stm32f429xx.o(.text)
    SPI1_IRQHandler                          0x080002a3   Thumb Code     0  startup_stm32f429xx.o(.text)
    SPI2_IRQHandler                          0x080002a3   Thumb Code     0  startup_stm32f429xx.o(.text)
    SPI3_IRQHandler                          0x080002a3   Thumb Code     0  startup_stm32f429xx.o(.text)
    SPI4_IRQHandler                          0x080002a3   Thumb Code     0  startup_stm32f429xx.o(.text)
    SPI5_IRQHandler                          0x080002a3   Thumb Code     0  startup_stm32f429xx.o(.text)
    SPI6_IRQHandler                          0x080002a3   Thumb Code     0  startup_stm32f429xx.o(.text)
    TAMP_STAMP_IRQHandler                    0x080002a3   Thumb Code     0  startup_stm32f429xx.o(.text)
    TIM1_BRK_TIM9_IRQHandler                 0x080002a3   Thumb Code     0  startup_stm32f429xx.o(.text)
    TIM1_CC_IRQHandler                       0x080002a3   Thumb Code     0  startup_stm32f429xx.o(.text)
    TIM1_TRG_COM_TIM11_IRQHandler            0x080002a3   Thumb Code     0  startup_stm32f429xx.o(.text)
    TIM1_UP_TIM10_IRQHandler                 0x080002a3   Thumb Code     0  startup_stm32f429xx.o(.text)
    TIM3_IRQHandler                          0x080002a3   Thumb Code     0  startup_stm32f429xx.o(.text)
    TIM4_IRQHandler                          0x080002a3   Thumb Code     0  startup_stm32f429xx.o(.text)
    TIM5_IRQHandler                          0x080002a3   Thumb Code     0  startup_stm32f429xx.o(.text)
    TIM7_IRQHandler                          0x080002a3   Thumb Code     0  startup_stm32f429xx.o(.text)
    TIM8_BRK_TIM12_IRQHandler                0x080002a3   Thumb Code     0  startup_stm32f429xx.o(.text)
    TIM8_CC_IRQHandler                       0x080002a3   Thumb Code     0  startup_stm32f429xx.o(.text)
    TIM8_TRG_COM_TIM14_IRQHandler            0x080002a3   Thumb Code     0  startup_stm32f429xx.o(.text)
    TIM8_UP_TIM13_IRQHandler                 0x080002a3   Thumb Code     0  startup_stm32f429xx.o(.text)
    UART7_IRQHandler                         0x080002a3   Thumb Code     0  startup_stm32f429xx.o(.text)
    UART8_IRQHandler                         0x080002a3   Thumb Code     0  startup_stm32f429xx.o(.text)
    WWDG_IRQHandler                          0x080002a3   Thumb Code     0  startup_stm32f429xx.o(.text)
    __aeabi_memcpy                           0x080002ad   Thumb Code    36  memcpya.o(.text)
    __aeabi_memcpy4                          0x080002ad   Thumb Code     0  memcpya.o(.text)
    __aeabi_memcpy8                          0x080002ad   Thumb Code     0  memcpya.o(.text)
    __aeabi_memset                           0x080002d1   Thumb Code    14  memseta.o(.text)
    __aeabi_memset4                          0x080002d1   Thumb Code     0  memseta.o(.text)
    __aeabi_memset8                          0x080002d1   Thumb Code     0  memseta.o(.text)
    __aeabi_memclr                           0x080002df   Thumb Code     4  memseta.o(.text)
    __aeabi_memclr4                          0x080002df   Thumb Code     0  memseta.o(.text)
    __aeabi_memclr8                          0x080002df   Thumb Code     0  memseta.o(.text)
    _memset$wrapper                          0x080002e3   Thumb Code    18  memseta.o(.text)
    memcmp                                   0x080002f5   Thumb Code    26  memcmp.o(.text)
    __scatterload                            0x08000311   Thumb Code    28  init.o(.text)
    __scatterload_rt2                        0x08000311   Thumb Code     0  init.o(.text)
    __decompress                             0x08000335   Thumb Code     0  __dczerorl2.o(.text)
    __decompress1                            0x08000335   Thumb Code    86  __dczerorl2.o(.text)
    CAN1_Handling_Message                    0x08000505   Thumb Code   212  can_app.o(i.CAN1_Handling_Message)
    CAN1_RX0_IRQHandler                      0x08000601   Thumb Code    10  stm32f4xx_it.o(i.CAN1_RX0_IRQHandler)
    CAN_App_Init                             0x080006a5   Thumb Code   110  can_app.o(i.CAN_App_Init)
    Callback01                               0x08000971   Thumb Code     2  tasks.o(i.Callback01)
    DiscreteOutputs_SetState                 0x08000973   Thumb Code     2  discrete_output_app.o(i.DiscreteOutputs_SetState)
    HAL_ADC_ConfigChannel                    0x08000975   Thumb Code   390  stm32f4xx_hal_adc.o(i.HAL_ADC_ConfigChannel)
    HAL_ADC_GetState                         0x08000b11   Thumb Code     8  stm32f4xx_hal_adc.o(i.HAL_ADC_GetState)
    HAL_ADC_GetValue                         0x08000b19   Thumb Code     8  stm32f4xx_hal_adc.o(i.HAL_ADC_GetValue)
    HAL_ADC_Init                             0x08000b21   Thumb Code    74  stm32f4xx_hal_adc.o(i.HAL_ADC_Init)
    HAL_ADC_MspInit                          0x08000b71   Thumb Code   146  adc.o(i.HAL_ADC_MspInit)
    HAL_ADC_PollForConversion                0x08000c19   Thumb Code   130  stm32f4xx_hal_adc.o(i.HAL_ADC_PollForConversion)
    HAL_ADC_Start                            0x08000c9d   Thumb Code   182  stm32f4xx_hal_adc.o(i.HAL_ADC_Start)
    HAL_ADC_Stop                             0x08000d65   Thumb Code    24  stm32f4xx_hal_adc.o(i.HAL_ADC_Stop)
    HAL_CAN_ConfigFilter                     0x08000d7d   Thumb Code   294  stm32f4xx_hal_can.o(i.HAL_CAN_ConfigFilter)
    HAL_CAN_ErrorCallback                    0x08000ea9   Thumb Code    12  can_app.o(i.HAL_CAN_ErrorCallback)
    HAL_CAN_IRQHandler                       0x08000eb9   Thumb Code   464  stm32f4xx_hal_can.o(i.HAL_CAN_IRQHandler)
    HAL_CAN_Init                             0x08001095   Thumb Code   448  stm32f4xx_hal_can.o(i.HAL_CAN_Init)
    HAL_CAN_MspInit                          0x08001255   Thumb Code   238  can.o(i.HAL_CAN_MspInit)
    HAL_CAN_Receive_IT                       0x0800135d   Thumb Code   174  stm32f4xx_hal_can.o(i.HAL_CAN_Receive_IT)
    HAL_CAN_RxCpltCallback                   0x0800140d   Thumb Code    54  can_app.o(i.HAL_CAN_RxCpltCallback)
    HAL_CAN_Transmit                         0x08001455   Thumb Code   594  stm32f4xx_hal_can.o(i.HAL_CAN_Transmit)
    HAL_CAN_TxCpltCallback                   0x080016b5   Thumb Code    12  can_app.o(i.HAL_CAN_TxCpltCallback)
    HAL_GPIO_Init                            0x080016c5   Thumb Code   482  stm32f4xx_hal_gpio.o(i.HAL_GPIO_Init)
    HAL_GPIO_ReadPin                         0x080018dd   Thumb Code    16  stm32f4xx_hal_gpio.o(i.HAL_GPIO_ReadPin)
    HAL_GPIO_TogglePin                       0x080018ed   Thumb Code     8  stm32f4xx_hal_gpio.o(i.HAL_GPIO_TogglePin)
    HAL_GPIO_WritePin                        0x080018f5   Thumb Code    12  stm32f4xx_hal_gpio.o(i.HAL_GPIO_WritePin)
    HAL_GetTick                              0x08001901   Thumb Code     6  stm32f4xx_hal.o(i.HAL_GetTick)
    HAL_I2C_Init                             0x0800190d   Thumb Code   278  stm32f4xx_hal_i2c.o(i.HAL_I2C_Init)
    HAL_I2C_MspInit                          0x08001a2d   Thumb Code    74  i2c.o(i.HAL_I2C_MspInit)
    HAL_IncTick                              0x08001a85   Thumb Code    12  stm32f4xx_hal.o(i.HAL_IncTick)
    HAL_Init                                 0x08001a95   Thumb Code    54  stm32f4xx_hal.o(i.HAL_Init)
    HAL_InitTick                             0x08001ad1   Thumb Code    36  stm32f4xx_hal.o(i.HAL_InitTick)
    HAL_MspInit                              0x08001af5   Thumb Code    20  stm32f4xx_hal_msp.o(i.HAL_MspInit)
    HAL_NVIC_EnableIRQ                       0x08001b09   Thumb Code    26  stm32f4xx_hal_cortex.o(i.HAL_NVIC_EnableIRQ)
    HAL_NVIC_SetPriority                     0x08001b23   Thumb Code   124  stm32f4xx_hal_cortex.o(i.HAL_NVIC_SetPriority)
    HAL_NVIC_SetPriorityGrouping             0x08001ba1   Thumb Code    32  stm32f4xx_hal_cortex.o(i.HAL_NVIC_SetPriorityGrouping)
    HAL_RCC_ClockConfig                      0x08001bc9   Thumb Code   680  stm32f4xx_hal_rcc.o(i.HAL_RCC_ClockConfig)
    HAL_RCC_GetHCLKFreq                      0x08001e79   Thumb Code    42  stm32f4xx_hal_rcc.o(i.HAL_RCC_GetHCLKFreq)
    HAL_RCC_GetPCLK1Freq                     0x08001eb1   Thumb Code    36  stm32f4xx_hal_rcc.o(i.HAL_RCC_GetPCLK1Freq)
    HAL_RCC_GetPCLK2Freq                     0x08001edd   Thumb Code    36  stm32f4xx_hal_rcc.o(i.HAL_RCC_GetPCLK2Freq)
    HAL_RCC_GetSysClockFreq                  0x08001f09   Thumb Code   168  stm32f4xx_hal_rcc.o(i.HAL_RCC_GetSysClockFreq)
    HAL_RCC_OscConfig                        0x08001fbd   Thumb Code  1028  stm32f4xx_hal_rcc.o(i.HAL_RCC_OscConfig)
    HAL_SPI_Init                             0x080023c1   Thumb Code   136  stm32f4xx_hal_spi.o(i.HAL_SPI_Init)
    HAL_SPI_MspInit                          0x08002449   Thumb Code   104  spi.o(i.HAL_SPI_MspInit)
    HAL_SYSTICK_CLKSourceConfig              0x080024c1   Thumb Code    40  stm32f4xx_hal_cortex.o(i.HAL_SYSTICK_CLKSourceConfig)
    HAL_SYSTICK_Config                       0x080024e9   Thumb Code    52  stm32f4xx_hal_cortex.o(i.HAL_SYSTICK_Config)
    HAL_TIMEx_BreakCallback                  0x0800251d   Thumb Code     2  stm32f4xx_hal_tim_ex.o(i.HAL_TIMEx_BreakCallback)
    HAL_TIMEx_CommutationCallback            0x0800251f   Thumb Code     2  stm32f4xx_hal_tim_ex.o(i.HAL_TIMEx_CommutationCallback)
    HAL_TIMEx_MasterConfigSynchronization    0x08002521   Thumb Code    98  stm32f4xx_hal_tim_ex.o(i.HAL_TIMEx_MasterConfigSynchronization)
    HAL_TIM_Base_Init                        0x08002583   Thumb Code    52  stm32f4xx_hal_tim.o(i.HAL_TIM_Base_Init)
    HAL_TIM_Base_MspInit                     0x080025b9   Thumb Code   112  tim.o(i.HAL_TIM_Base_MspInit)
    HAL_TIM_Base_Start_IT                    0x08002631   Thumb Code    30  stm32f4xx_hal_tim.o(i.HAL_TIM_Base_Start_IT)
    HAL_TIM_Base_Stop                        0x0800264f   Thumb Code    56  stm32f4xx_hal_tim.o(i.HAL_TIM_Base_Stop)
    HAL_TIM_ConfigClockSource                0x08002687   Thumb Code   306  stm32f4xx_hal_tim.o(i.HAL_TIM_ConfigClockSource)
    HAL_TIM_IC_CaptureCallback               0x080027b9   Thumb Code     2  stm32f4xx_hal_tim.o(i.HAL_TIM_IC_CaptureCallback)
    HAL_TIM_IRQHandler                       0x080027bb   Thumb Code   406  stm32f4xx_hal_tim.o(i.HAL_TIM_IRQHandler)
    HAL_TIM_OC_DelayElapsedCallback          0x08002951   Thumb Code     2  stm32f4xx_hal_tim.o(i.HAL_TIM_OC_DelayElapsedCallback)
    HAL_TIM_PWM_PulseFinishedCallback        0x08002953   Thumb Code     2  stm32f4xx_hal_tim.o(i.HAL_TIM_PWM_PulseFinishedCallback)
    HAL_TIM_PeriodElapsedCallback            0x08002955   Thumb Code    32  porttimer.o(i.HAL_TIM_PeriodElapsedCallback)
    HAL_TIM_TriggerCallback                  0x08002979   Thumb Code     2  stm32f4xx_hal_tim.o(i.HAL_TIM_TriggerCallback)
    HAL_UART_ErrorCallback                   0x0800297b   Thumb Code    12  usart_app.o(i.HAL_UART_ErrorCallback)
    HAL_UART_IRQHandler                      0x08002987   Thumb Code   288  stm32f4xx_hal_uart.o(i.HAL_UART_IRQHandler)
    HAL_UART_Init                            0x08002aa7   Thumb Code   104  stm32f4xx_hal_uart.o(i.HAL_UART_Init)
    HAL_UART_MspInit                         0x08002b11   Thumb Code   572  usart.o(i.HAL_UART_MspInit)
    HAL_UART_Receive_IT                      0x08002d79   Thumb Code   134  stm32f4xx_hal_uart.o(i.HAL_UART_Receive_IT)
    HAL_UART_RxCpltCallback                  0x08002e01   Thumb Code   140  usart_app.o(i.HAL_UART_RxCpltCallback)
    HAL_UART_Transmit                        0x08002ea9   Thumb Code   240  stm32f4xx_hal_uart.o(i.HAL_UART_Transmit)
    HAL_UART_Transmit_IT                     0x08002f99   Thumb Code   134  stm32f4xx_hal_uart.o(i.HAL_UART_Transmit_IT)
    HAL_UART_TxCpltCallback                  0x08003021   Thumb Code    22  usart_app.o(i.HAL_UART_TxCpltCallback)
    MAIN_GPIO_Init                           0x0800303d   Thumb Code   164  gpio_app.o(i.MAIN_GPIO_Init)
    MX_ADC2_Init                             0x080030f5   Thumb Code    68  adc.o(i.MX_ADC2_Init)
    MX_ADC3_Init                             0x08003141   Thumb Code    68  adc.o(i.MX_ADC3_Init)
    MX_CAN1_Init                             0x0800318d   Thumb Code    50  can.o(i.MX_CAN1_Init)
    MX_CAN2_Init                             0x080031c9   Thumb Code    54  can.o(i.MX_CAN2_Init)
    MX_FREERTOS_Init                         0x08003209   Thumb Code     8  freertos.o(i.MX_FREERTOS_Init)
    MX_GPIO_Init                             0x08003211   Thumb Code   466  gpio.o(i.MX_GPIO_Init)
    MX_I2C2_Init                             0x08003405   Thumb Code    42  i2c.o(i.MX_I2C2_Init)
    MX_SPI2_Init                             0x0800343d   Thumb Code    52  spi.o(i.MX_SPI2_Init)
    MX_TIM2_Init                             0x08003479   Thumb Code    68  tim.o(i.MX_TIM2_Init)
    MX_TIM6_Init                             0x080034c1   Thumb Code    44  tim.o(i.MX_TIM6_Init)
    MX_UART4_Init                            0x080034f5   Thumb Code    40  usart.o(i.MX_UART4_Init)
    MX_UART5_Init                            0x08003525   Thumb Code    40  usart.o(i.MX_UART5_Init)
    MX_USART1_UART_Init                      0x08003555   Thumb Code    40  usart.o(i.MX_USART1_UART_Init)
    MX_USART2_UART_Init                      0x08003585   Thumb Code    40  usart.o(i.MX_USART2_UART_Init)
    MX_USART3_UART_Init                      0x080035b5   Thumb Code    40  usart.o(i.MX_USART3_UART_Init)
    MX_USART6_UART_Init                      0x080035e5   Thumb Code    40  usart.o(i.MX_USART6_UART_Init)
    Mfunc_App_Init                           0x08003615   Thumb Code   458  mfunc_app.o(i.Mfunc_App_Init)
    Mfunc_Input_SetMode                      0x08003809   Thumb Code   152  mfunc_app.o(i.Mfunc_Input_SetMode)
    Mfunc_TimerInterruptHandler              0x08003991   Thumb Code   266  mfunc_app.o(i.Mfunc_TimerInterruptHandler)
    StartTaskMODBUS                          0x08003add   Thumb Code    72  tasks.o(i.StartTaskMODBUS)
    StartTaskSIMRx                           0x08003b29   Thumb Code    12  tasks.o(i.StartTaskSIMRx)
    StartTaskTrmlRx                          0x08003b35   Thumb Code    20  tasks.o(i.StartTaskTrmlRx)
    StartTaskTrmlTx                          0x08003b4d   Thumb Code    34  tasks.o(i.StartTaskTrmlTx)
    StartTaskUart5Tx                         0x08003b79   Thumb Code    54  tasks.o(i.StartTaskUart5Tx)
    StartTaskUart6Tx                         0x08003bbd   Thumb Code    56  tasks.o(i.StartTaskUart6Tx)
    SysTick_Handler                          0x08003c01   Thumb Code    12  stm32f4xx_it.o(i.SysTick_Handler)
    SystemClock_Config                       0x08003c0d   Thumb Code   162  main.o(i.SystemClock_Config)
    SystemInit                               0x08003cb9   Thumb Code    82  system_stm32f4xx.o(i.SystemInit)
    TIM2_IRQHandler                          0x08003d1d   Thumb Code    10  stm32f4xx_it.o(i.TIM2_IRQHandler)
    TIM6_DAC_IRQHandler                      0x08003d2d   Thumb Code    14  stm32f4xx_it.o(i.TIM6_DAC_IRQHandler)
    TIM_Base_SetConfig                       0x08003d41   Thumb Code   184  stm32f4xx_hal_tim.o(i.TIM_Base_SetConfig)
    UART4_IRQHandler                         0x08003ea9   Thumb Code    10  stm32f4xx_it.o(i.UART4_IRQHandler)
    UART5_IRQHandler                         0x08003eb9   Thumb Code    10  stm32f4xx_it.o(i.UART5_IRQHandler)
    USART1_IRQHandler                        0x08004349   Thumb Code    10  stm32f4xx_it.o(i.USART1_IRQHandler)
    USART2_IRQHandler                        0x08004359   Thumb Code    10  stm32f4xx_it.o(i.USART2_IRQHandler)
    USART3_IRQHandler                        0x08004369   Thumb Code    10  stm32f4xx_it.o(i.USART3_IRQHandler)
    USART6_IRQHandler                        0x08004379   Thumb Code    10  stm32f4xx_it.o(i.USART6_IRQHandler)
    USARTs_SetSpeed                          0x08004389   Thumb Code     2  usart_app.o(i.USARTs_SetSpeed)
    __scatterload_copy                       0x0800438b   Thumb Code    14  handlers.o(i.__scatterload_copy)
    __scatterload_null                       0x08004399   Thumb Code     2  handlers.o(i.__scatterload_null)
    __scatterload_zeroinit                   0x0800439b   Thumb Code    14  handlers.o(i.__scatterload_zeroinit)
    bMBPortIsWithinException                 0x080043a9   Thumb Code     6  portother.o(i.bMBPortIsWithinException)
    eMBASCIIInit                             0x080043b5   Thumb Code    68  mbascii.o(i.eMBASCIIInit)
    eMBASCIIReceive                          0x080043fd   Thumb Code    76  mbascii.o(i.eMBASCIIReceive)
    eMBASCIISend                             0x08004451   Thumb Code   110  mbascii.o(i.eMBASCIISend)
    eMBASCIIStart                            0x080044d5   Thumb Code    32  mbascii.o(i.eMBASCIIStart)
    eMBASCIIStop                             0x080044f9   Thumb Code    24  mbascii.o(i.eMBASCIIStop)
    eMBClose                                 0x08004511   Thumb Code    32  mb.o(i.eMBClose)
    eMBDisable                               0x08004539   Thumb Code    42  mb.o(i.eMBDisable)
    eMBEnable                                0x0800456d   Thumb Code    32  mb.o(i.eMBEnable)
    eMBFuncReadCoils                         0x08004595   Thumb Code   174  mbfunccoils.o(i.eMBFuncReadCoils)
    eMBFuncReadDiscreteInputs                0x08004643   Thumb Code   172  mbfuncdisc.o(i.eMBFuncReadDiscreteInputs)
    eMBFuncReadHoldingRegister               0x080046ef   Thumb Code   140  mbfuncholding.o(i.eMBFuncReadHoldingRegister)
    eMBFuncReadInputRegister                 0x0800477b   Thumb Code   140  mbfuncinput.o(i.eMBFuncReadInputRegister)
    eMBFuncReadWriteMultipleHoldingRegister  0x08004807   Thumb Code   212  mbfuncholding.o(i.eMBFuncReadWriteMultipleHoldingRegister)
    eMBFuncReportSlaveID                     0x080048dd   Thumb Code    30  mbfuncother.o(i.eMBFuncReportSlaveID)
    eMBFuncUser100                           0x08004905   Thumb Code   248  mbfuncuser.o(i.eMBFuncUser100)
    eMBFuncWriteCoil                         0x080049fd   Thumb Code   112  mbfunccoils.o(i.eMBFuncWriteCoil)
    eMBFuncWriteHoldingRegister              0x08004a6d   Thumb Code    66  mbfuncholding.o(i.eMBFuncWriteHoldingRegister)
    eMBFuncWriteMultipleCoils                0x08004aaf   Thumb Code   144  mbfunccoils.o(i.eMBFuncWriteMultipleCoils)
    eMBFuncWriteMultipleHoldingRegister      0x08004b3f   Thumb Code   110  mbfuncholding.o(i.eMBFuncWriteMultipleHoldingRegister)
    eMBInit                                  0x08004bad   Thumb Code   222  mb.o(i.eMBInit)
    eMBPoll                                  0x08004cf1   Thumb Code   268  mb.o(i.eMBPoll)
    eMBRTUInit                               0x08004e29   Thumb Code    78  mbrtu.o(i.eMBRTUInit)
    eMBRTUReceive                            0x08004e7d   Thumb Code    66  mbrtu.o(i.eMBRTUReceive)
    eMBRTUSend                               0x08004ec9   Thumb Code   124  mbrtu.o(i.eMBRTUSend)
    eMBRTUStart                              0x08004f59   Thumb Code    30  mbrtu.o(i.eMBRTUStart)
    eMBRTUStop                               0x08004f7d   Thumb Code    24  mbrtu.o(i.eMBRTUStop)
    eMBRegCoilsCB                            0x08004f95   Thumb Code     8  mb_app.o(i.eMBRegCoilsCB)
    eMBRegDiscreteCB                         0x08004f9d   Thumb Code     6  mb_app.o(i.eMBRegDiscreteCB)
    eMBRegHoldingCB                          0x08004fa5   Thumb Code   152  mb_app.o(i.eMBRegHoldingCB)
    eMBRegInputCB                            0x08005045   Thumb Code   110  mb_app.o(i.eMBRegInputCB)
    eMBSetSlaveID                            0x080050c1   Thumb Code   110  mbfuncother.o(i.eMBSetSlaveID)
    eMBUser100ComPortCB                      0x08005139   Thumb Code   214  mb_app.o(i.eMBUser100ComPortCB)
    main                                     0x08005219   Thumb Code   128  main.o(i.main)
    osDelay                                  0x080052bf   Thumb Code    24  cmsis_os.o(i.osDelay)
    osKernelStart                            0x080052d7   Thumb Code    10  cmsis_os.o(i.osKernelStart)
    osMessageCreate                          0x080052e1   Thumb Code    18  cmsis_os.o(i.osMessageCreate)
    osSystickHandler                         0x080052f3   Thumb Code    16  cmsis_os.o(i.osSystickHandler)
    osThreadCreate                           0x08005303   Thumb Code    58  cmsis_os.o(i.osThreadCreate)
    osTimerCreate                            0x0800533d   Thumb Code    36  cmsis_os.o(i.osTimerCreate)
    prveMBError2Exception                    0x08005b3d   Thumb Code    34  mbutils.o(i.prveMBError2Exception)
    prvvUARTRxISR                            0x08005bfd   Thumb Code    44  portserial.o(i.prvvUARTRxISR)
    prvvUARTTxReadyISR                       0x08005c31   Thumb Code    56  portserial.o(i.prvvUARTTxReadyISR)
    pvPortMalloc                             0x08005c75   Thumb Code   264  heap_4.o(i.pvPortMalloc)
    pvTaskIncrementMutexHeldCount            0x08005d91   Thumb Code    26  tasks_1.o(i.pvTaskIncrementMutexHeldCount)
    pxPortInitialiseStack                    0x08005db1   Thumb Code    34  port.o(i.pxPortInitialiseStack)
    startUARTRcv                             0x08005dd9   Thumb Code   126  usart_app.o(i.startUARTRcv)
    startUserTasks                           0x08005e91   Thumb Code   456  tasks.o(i.startUserTasks)
    usMBCRC16                                0x080060ad   Thumb Code    48  mbcrc.o(i.usMBCRC16)
    uxListRemove                             0x080060e5   Thumb Code    40  list.o(i.uxListRemove)
    vApplicationMallocFailedHook             0x0800610d   Thumb Code     2  freertos.o(i.vApplicationMallocFailedHook)
    vApplicationStackOverflowHook            0x0800610f   Thumb Code     2  freertos.o(i.vApplicationStackOverflowHook)
    vApplicationTickHook                     0x08006111   Thumb Code     2  freertos.o(i.vApplicationTickHook)
    vListInitialise                          0x08006113   Thumb Code    26  list.o(i.vListInitialise)
    vListInitialiseItem                      0x0800612d   Thumb Code     6  list.o(i.vListInitialiseItem)
    vListInsert                              0x08006133   Thumb Code    52  list.o(i.vListInsert)
    vListInsertEnd                           0x08006167   Thumb Code    24  list.o(i.vListInsertEnd)
    vMBPortEnterCritical                     0x0800617f   Thumb Code     8  portother.o(i.vMBPortEnterCritical)
    vMBPortExitCritical                      0x08006187   Thumb Code     8  portother.o(i.vMBPortExitCritical)
    vMBPortSerialEnable                      0x08006191   Thumb Code    24  portserial.o(i.vMBPortSerialEnable)
    vMBPortSetWithinException                0x080061b1   Thumb Code     6  portother.o(i.vMBPortSetWithinException)
    vMBPortTimersDisable                     0x080061bd   Thumb Code    18  porttimer.o(i.vMBPortTimersDisable)
    vMBPortTimersEnable                      0x080061d5   Thumb Code    18  porttimer.o(i.vMBPortTimersEnable)
    vPortEnterCritical                       0x080061ed   Thumb Code    60  port.o(i.vPortEnterCritical)
    vPortExitCritical                        0x08006231   Thumb Code    40  port.o(i.vPortExitCritical)
    vPortFree                                0x0800625d   Thumb Code   112  heap_4.o(i.vPortFree)
    vPortSetupTimerInterrupt                 0x080062d5   Thumb Code    26  port.o(i.vPortSetupTimerInterrupt)
    vPortValidateInterruptPriority           0x080062f5   Thumb Code    78  port.o(i.vPortValidateInterruptPriority)
    vPortYield                               0x08006351   Thumb Code    18  port.o(i.vPortYield)
    vQueueAddToRegistry                      0x08006369   Thumb Code    38  queue.o(i.vQueueAddToRegistry)
    vQueueWaitForMessageRestricted           0x08006395   Thumb Code    58  queue.o(i.vQueueWaitForMessageRestricted)
    vTaskDelay                               0x080063d1   Thumb Code    94  tasks_1.o(i.vTaskDelay)
    vTaskDelayUntil                          0x08006441   Thumb Code   176  tasks_1.o(i.vTaskDelayUntil)
    vTaskMissedYield                         0x08006501   Thumb Code     8  tasks_1.o(i.vTaskMissedYield)
    vTaskPlaceOnEventList                    0x0800650d   Thumb Code    94  tasks_1.o(i.vTaskPlaceOnEventList)
    vTaskPlaceOnEventListRestricted          0x0800657d   Thumb Code    76  tasks_1.o(i.vTaskPlaceOnEventListRestricted)
    vTaskPriorityInherit                     0x080065d5   Thumb Code   164  tasks_1.o(i.vTaskPriorityInherit)
    vTaskSetTimeOutState                     0x08006685   Thumb Code    28  tasks_1.o(i.vTaskSetTimeOutState)
    vTaskStartScheduler                      0x080066a9   Thumb Code    74  tasks_1.o(i.vTaskStartScheduler)
    vTaskSuspendAll                          0x08006709   Thumb Code    12  tasks_1.o(i.vTaskSuspendAll)
    vTaskSwitchContext                       0x08006719   Thumb Code   162  tasks_1.o(i.vTaskSwitchContext)
    xMBASCIIReceiveFSM                       0x080067d5   Thumb Code   276  mbascii.o(i.xMBASCIIReceiveFSM)
    xMBASCIITimerT1SExpired                  0x080068fd   Thumb Code    38  mbascii.o(i.xMBASCIITimerT1SExpired)
    xMBASCIITransmitFSM                      0x08006929   Thumb Code   220  mbascii.o(i.xMBASCIITransmitFSM)
    xMBPortEventGet                          0x08006a19   Thumb Code    30  portevent.o(i.xMBPortEventGet)
    xMBPortEventInit                         0x08006a3d   Thumb Code    26  portevent.o(i.xMBPortEventInit)
    xMBPortEventPost                         0x08006a5d   Thumb Code    44  portevent.o(i.xMBPortEventPost)
    xMBPortSerialGetByte                     0x08006a8d   Thumb Code    12  portserial.o(i.xMBPortSerialGetByte)
    xMBPortSerialInit                        0x08006a9d   Thumb Code    50  portserial.o(i.xMBPortSerialInit)
    xMBPortSerialPutByte                     0x08006ad9   Thumb Code    32  portserial.o(i.xMBPortSerialPutByte)
    xMBPortTimersInit                        0x08006b05   Thumb Code    84  porttimer.o(i.xMBPortTimersInit)
    xMBRTUReceiveFSM                         0x08006b5d   Thumb Code   122  mbrtu.o(i.xMBRTUReceiveFSM)
    xMBRTUTimerT35Expired                    0x08006be5   Thumb Code    60  mbrtu.o(i.xMBRTUTimerT35Expired)
    xMBRTUTransmitFSM                        0x08006c25   Thumb Code    94  mbrtu.o(i.xMBRTUTransmitFSM)
    xPortStartScheduler                      0x08006c91   Thumb Code   156  port.o(i.xPortStartScheduler)
    xPortSysTickHandler                      0x08006d45   Thumb Code    28  port.o(i.xPortSysTickHandler)
    xQueueCreateMutex                        0x08006d65   Thumb Code    86  queue.o(i.xQueueCreateMutex)
    xQueueGenericCreate                      0x08006dbb   Thumb Code   112  queue.o(i.xQueueGenericCreate)
    xQueueGenericReceive                     0x08006e2b   Thumb Code   346  queue.o(i.xQueueGenericReceive)
    xQueueGenericReset                       0x08006f85   Thumb Code   120  queue.o(i.xQueueGenericReset)
    xQueueGenericSend                        0x08006ffd   Thumb Code   322  queue.o(i.xQueueGenericSend)
    xQueueGenericSendFromISR                 0x0800713f   Thumb Code   172  queue.o(i.xQueueGenericSendFromISR)
    xTaskCheckForTimeOut                     0x080071ed   Thumb Code   108  tasks_1.o(i.xTaskCheckForTimeOut)
    xTaskGenericCreate                       0x08007261   Thumb Code   288  tasks_1.o(i.xTaskGenericCreate)
    xTaskGetSchedulerState                   0x08007399   Thumb Code    24  tasks_1.o(i.xTaskGetSchedulerState)
    xTaskGetTickCount                        0x080073b9   Thumb Code    18  tasks_1.o(i.xTaskGetTickCount)
    xTaskIncrementTick                       0x080073d1   Thumb Code   286  tasks_1.o(i.xTaskIncrementTick)
    xTaskPriorityDisinherit                  0x0800751d   Thumb Code   160  tasks_1.o(i.xTaskPriorityDisinherit)
    xTaskRemoveFromEventList                 0x080075c9   Thumb Code   114  tasks_1.o(i.xTaskRemoveFromEventList)
    xTaskResumeAll                           0x08007655   Thumb Code   200  tasks_1.o(i.xTaskResumeAll)
    xTimerCreate                             0x0800773d   Thumb Code    80  timers.o(i.xTimerCreate)
    xTimerCreateTimerTask                    0x0800778d   Thumb Code    58  timers.o(i.xTimerCreateTimerTask)
    xTimerGenericCommand                     0x080077d9   Thumb Code   102  timers.o(i.xTimerGenericCommand)
    APBAHBPrescTable                         0x08007920   Data          16  stm32f4xx_hal_rcc.o(.constdata)
    Region$$Table$$Base                      0x08007ba0   Number         0  anon$$obj.o(Region$$Table)
    Region$$Table$$Limit                     0x08007bc0   Number         0  anon$$obj.o(Region$$Table)
    myTaskTrmlRxHandle                       0x20000004   Data           4  tasks.o(.data)
    myTaskSIMRxHandle                        0x20000008   Data           4  tasks.o(.data)
    myTaskTrmlTxHandle                       0x2000000c   Data           4  tasks.o(.data)
    myTaskMODBUSHandle                       0x20000010   Data           4  tasks.o(.data)
    myTaskUart6TxHandle                      0x20000014   Data           4  tasks.o(.data)
    myTaskUart4TxHandle                      0x20000018   Data           4  tasks.o(.data)
    myTaskUart5TxHandle                      0x2000001c   Data           4  tasks.o(.data)
    myQueueUart1RxHandle                     0x20000020   Data           4  tasks.o(.data)
    myQueueUart1TxHandle                     0x20000024   Data           4  tasks.o(.data)
    myQueueUart2RxHandle                     0x20000028   Data           4  tasks.o(.data)
    myQueueUart2TxHandle                     0x2000002c   Data           4  tasks.o(.data)
    myQueueUart3RxHandle                     0x20000030   Data           4  tasks.o(.data)
    myQueueUart6TxHandle                     0x20000034   Data           4  tasks.o(.data)
    myQueueUart4RxHandle                     0x20000038   Data           4  tasks.o(.data)
    myQueueUart4TxHandle                     0x2000003c   Data           4  tasks.o(.data)
    myQueueUart5RxHandle                     0x20000040   Data           4  tasks.o(.data)
    myQueueUart5TxHandle                     0x20000044   Data           4  tasks.o(.data)
    myQueueUart6RxHandle                     0x20000048   Data           4  tasks.o(.data)
    myTimer01Handle                          0x2000004c   Data           4  tasks.o(.data)
    sim                                      0x20000050   Data           4  usart_app.o(.data)
    chUART3                                  0x20000054   Data           1  usart_app.o(.data)
    chUART1                                  0x20000055   Data           1  usart_app.o(.data)
    chUART2                                  0x20000056   Data           1  usart_app.o(.data)
    chUART4                                  0x20000057   Data           1  usart_app.o(.data)
    chUART5                                  0x20000058   Data           1  usart_app.o(.data)
    chUART6                                  0x20000059   Data           1  usart_app.o(.data)
    usRegInputStart                          0x2000005c   Data           2  mb_app.o(.data)
    usRegHoldingStart                        0x2000005e   Data           2  mb_app.o(.data)
    usRegHoldingBuf                          0x20000060   Data         252  mb_app.o(.data)
    xMBInputRegParamsMutex                   0x200001dc   Data           4  mb_app.o(.data)
    xMBHoldingRegParamsMutex                 0x200001e0   Data           4  mb_app.o(.data)
    xCAN1_MessageQueue                       0x200001e4   Data           4  can_app.o(.data)
    SystemCoreClock                          0x20000204   Data           4  system_stm32f4xx.o(.data)
    pxCurrentTCB                             0x2000023c   Data           4  tasks_1.o(.data)
    pxMBFrameCBByteReceived                  0x2000028c   Data           4  mb.o(.data)
    pxMBFrameCBTransmitterEmpty              0x20000290   Data           4  mb.o(.data)
    pxMBPortCBTimerExpired                   0x20000294   Data           4  mb.o(.data)
    pxMBFrameCBReceiveFSMCur                 0x20000298   Data           4  mb.o(.data)
    pxMBFrameCBTransmitFSMCur                0x2000029c   Data           4  mb.o(.data)
    hi2c2                                    0x20000358   Data          60  i2c.o(.bss)
    hadc2                                    0x20000394   Data          68  adc.o(.bss)
    hadc3                                    0x200003d8   Data          68  adc.o(.bss)
    hspi2                                    0x2000041c   Data          88  spi.o(.bss)
    htim2                                    0x20000474   Data          60  tim.o(.bss)
    htim6                                    0x200004b0   Data          60  tim.o(.bss)
    huart4                                   0x200004ec   Data          64  usart.o(.bss)
    huart5                                   0x2000052c   Data          64  usart.o(.bss)
    huart1                                   0x2000056c   Data          64  usart.o(.bss)
    huart2                                   0x200005ac   Data          64  usart.o(.bss)
    huart3                                   0x200005ec   Data          64  usart.o(.bss)
    huart6                                   0x2000062c   Data          64  usart.o(.bss)
    hcan1                                    0x2000066c   Data          64  can.o(.bss)
    hcan2                                    0x200006ac   Data          64  can.o(.bss)
    MBInputRegParams                         0x200006ec   Data         252  mb_app.o(.bss)
    MBHoldingRegParams                       0x200007e8   Data         252  mb_app.o(.bss)
    MfuncInputs                              0x20000908   Data         280  mfunc_app.o(.bss)
    xQueueRegistry                           0x20008a48   Data          64  queue.o(.bss)
    ucRTUBuf                                 0x20008c18   Data         256  mbrtu.o(.bss)
    __initial_sp                             0x20009138   Data           0  startup_stm32f429xx.o(STACK)



==============================================================================

Memory Map of the image

  Image Entry point : 0x080001ad

  Load Region LR_IROM1 (Base: 0x08000000, Size: 0x00007f18, Max: 0x00100000, ABSOLUTE, COMPRESSED[0x00007c40])

    Execution Region ER_IROM1 (Base: 0x08000000, Size: 0x00007bc0, Max: 0x00100000, ABSOLUTE)

    Base Addr    Size         Type   Attr      Idx    E Section Name        Object

    0x08000000   0x000001ac   Data   RO         1115    RESET               startup_stm32f429xx.o
    0x080001ac   0x00000000   Code   RO         6298  * .ARM.Collect$$$$00000000  mc_w.l(entry.o)
    0x080001ac   0x00000004   Code   RO         6309    .ARM.Collect$$$$00000001  mc_w.l(entry2.o)
    0x080001b0   0x00000004   Code   RO         6312    .ARM.Collect$$$$00000004  mc_w.l(entry5.o)
    0x080001b4   0x00000000   Code   RO         6314    .ARM.Collect$$$$00000008  mc_w.l(entry7b.o)
    0x080001b4   0x00000000   Code   RO         6316    .ARM.Collect$$$$0000000A  mc_w.l(entry8b.o)
    0x080001b4   0x00000008   Code   RO         6317    .ARM.Collect$$$$0000000B  mc_w.l(entry9a.o)
    0x080001bc   0x00000000   Code   RO         6319    .ARM.Collect$$$$0000000D  mc_w.l(entry10a.o)
    0x080001bc   0x00000000   Code   RO         6321    .ARM.Collect$$$$0000000F  mc_w.l(entry11a.o)
    0x080001bc   0x00000004   Code   RO         6310    .ARM.Collect$$$$00002712  mc_w.l(entry2.o)
    0x080001c0   0x000000c6   Code   RO         4671    .emb_text           port.o
    0x08000286   0x00000002   PAD
    0x08000288   0x00000024   Code   RO         1116    .text               startup_stm32f429xx.o
    0x080002ac   0x00000024   Code   RO         6301    .text               mc_w.l(memcpya.o)
    0x080002d0   0x00000024   Code   RO         6303    .text               mc_w.l(memseta.o)
    0x080002f4   0x0000001a   Code   RO         6305    .text               mc_w.l(memcmp.o)
    0x0800030e   0x00000002   PAD
    0x08000310   0x00000024   Code   RO         6323    .text               mc_w.l(init.o)
    0x08000334   0x00000056   Code   RO         6333    .text               mc_w.l(__dczerorl2.o)
    0x0800038a   0x00000002   PAD
    0x0800038c   0x00000178   Code   RO         2468    i.ADC_Init          stm32f4xx_hal_adc.o
    0x08000504   0x000000dc   Code   RO          982    i.CAN1_Handling_Message  can_app.o
    0x080005e0   0x00000020   Code   RO          983    i.CAN1_Listening_Task  can_app.o
    0x08000600   0x00000010   Code   RO          555    i.CAN1_RX0_IRQHandler  stm32f4xx_it.o
    0x08000610   0x00000094   Code   RO          984    i.CAN2_Sending_Task  can_app.o
    0x080006a4   0x000000a4   Code   RO          985    i.CAN_App_Init      can_app.o
    0x08000748   0x000001b4   Code   RO         2635    i.CAN_Receive_IT    stm32f4xx_hal_can.o
    0x080008fc   0x00000074   Code   RO         2636    i.CAN_Transmit_IT   stm32f4xx_hal_can.o
    0x08000970   0x00000002   Code   RO          758    i.Callback01        tasks.o
    0x08000972   0x00000002   Code   RO         1045    i.DiscreteOutputs_SetState  discrete_output_app.o
    0x08000974   0x0000019c   Code   RO         2470    i.HAL_ADC_ConfigChannel  stm32f4xx_hal_adc.o
    0x08000b10   0x00000008   Code   RO         2476    i.HAL_ADC_GetState  stm32f4xx_hal_adc.o
    0x08000b18   0x00000008   Code   RO         2477    i.HAL_ADC_GetValue  stm32f4xx_hal_adc.o
    0x08000b20   0x00000050   Code   RO         2479    i.HAL_ADC_Init      stm32f4xx_hal_adc.o
    0x08000b70   0x000000a8   Code   RO          346    i.HAL_ADC_MspInit   adc.o
    0x08000c18   0x00000082   Code   RO         2483    i.HAL_ADC_PollForConversion  stm32f4xx_hal_adc.o
    0x08000c9a   0x00000002   PAD
    0x08000c9c   0x000000c8   Code   RO         2485    i.HAL_ADC_Start     stm32f4xx_hal_adc.o
    0x08000d64   0x00000018   Code   RO         2488    i.HAL_ADC_Stop      stm32f4xx_hal_adc.o
    0x08000d7c   0x0000012c   Code   RO         2637    i.HAL_CAN_ConfigFilter  stm32f4xx_hal_can.o
    0x08000ea8   0x00000010   Code   RO          986    i.HAL_CAN_ErrorCallback  can_app.o
    0x08000eb8   0x000001dc   Code   RO         2642    i.HAL_CAN_IRQHandler  stm32f4xx_hal_can.o
    0x08001094   0x000001c0   Code   RO         2643    i.HAL_CAN_Init      stm32f4xx_hal_can.o
    0x08001254   0x00000108   Code   RO          641    i.HAL_CAN_MspInit   can.o
    0x0800135c   0x000000ae   Code   RO         2647    i.HAL_CAN_Receive_IT  stm32f4xx_hal_can.o
    0x0800140a   0x00000002   PAD
    0x0800140c   0x00000048   Code   RO          987    i.HAL_CAN_RxCpltCallback  can_app.o
    0x08001454   0x00000260   Code   RO         2650    i.HAL_CAN_Transmit  stm32f4xx_hal_can.o
    0x080016b4   0x00000010   Code   RO          988    i.HAL_CAN_TxCpltCallback  can_app.o
    0x080016c4   0x00000218   Code   RO         4027    i.HAL_GPIO_Init     stm32f4xx_hal_gpio.o
    0x080018dc   0x00000010   Code   RO         4029    i.HAL_GPIO_ReadPin  stm32f4xx_hal_gpio.o
    0x080018ec   0x00000008   Code   RO         4030    i.HAL_GPIO_TogglePin  stm32f4xx_hal_gpio.o
    0x080018f4   0x0000000c   Code   RO         4031    i.HAL_GPIO_WritePin  stm32f4xx_hal_gpio.o
    0x08001900   0x0000000c   Code   RO         3621    i.HAL_GetTick       stm32f4xx_hal.o
    0x0800190c   0x00000120   Code   RO         2771    i.HAL_I2C_Init      stm32f4xx_hal_i2c.o
    0x08001a2c   0x00000058   Code   RO          143    i.HAL_I2C_MspInit   i2c.o
    0x08001a84   0x00000010   Code   RO         3622    i.HAL_IncTick       stm32f4xx_hal.o
    0x08001a94   0x0000003c   Code   RO         3623    i.HAL_Init          stm32f4xx_hal.o
    0x08001ad0   0x00000024   Code   RO         3624    i.HAL_InitTick      stm32f4xx_hal.o
    0x08001af4   0x00000014   Code   RO          184    i.HAL_MspInit       stm32f4xx_hal_msp.o
    0x08001b08   0x0000001a   Code   RO         4213    i.HAL_NVIC_EnableIRQ  stm32f4xx_hal_cortex.o
    0x08001b22   0x0000007c   Code   RO         4219    i.HAL_NVIC_SetPriority  stm32f4xx_hal_cortex.o
    0x08001b9e   0x00000002   PAD
    0x08001ba0   0x00000028   Code   RO         4220    i.HAL_NVIC_SetPriorityGrouping  stm32f4xx_hal_cortex.o
    0x08001bc8   0x000002b0   Code   RO         3108    i.HAL_RCC_ClockConfig  stm32f4xx_hal_rcc.o
    0x08001e78   0x00000038   Code   RO         3113    i.HAL_RCC_GetHCLKFreq  stm32f4xx_hal_rcc.o
    0x08001eb0   0x0000002c   Code   RO         3115    i.HAL_RCC_GetPCLK1Freq  stm32f4xx_hal_rcc.o
    0x08001edc   0x0000002c   Code   RO         3116    i.HAL_RCC_GetPCLK2Freq  stm32f4xx_hal_rcc.o
    0x08001f08   0x000000b4   Code   RO         3117    i.HAL_RCC_GetSysClockFreq  stm32f4xx_hal_rcc.o
    0x08001fbc   0x00000404   Code   RO         3120    i.HAL_RCC_OscConfig  stm32f4xx_hal_rcc.o
    0x080023c0   0x00000088   Code   RO         2079    i.HAL_SPI_Init      stm32f4xx_hal_spi.o
    0x08002448   0x00000078   Code   RO          394    i.HAL_SPI_MspInit   spi.o
    0x080024c0   0x00000028   Code   RO         4222    i.HAL_SYSTICK_CLKSourceConfig  stm32f4xx_hal_cortex.o
    0x080024e8   0x00000034   Code   RO         4224    i.HAL_SYSTICK_Config  stm32f4xx_hal_cortex.o
    0x0800251c   0x00000002   Code   RO         3212    i.HAL_TIMEx_BreakCallback  stm32f4xx_hal_tim_ex.o
    0x0800251e   0x00000002   Code   RO         3213    i.HAL_TIMEx_CommutationCallback  stm32f4xx_hal_tim_ex.o
    0x08002520   0x00000062   Code   RO         3229    i.HAL_TIMEx_MasterConfigSynchronization  stm32f4xx_hal_tim_ex.o
    0x08002582   0x00000034   Code   RO         1248    i.HAL_TIM_Base_Init  stm32f4xx_hal_tim.o
    0x080025b6   0x00000002   PAD
    0x080025b8   0x00000078   Code   RO          436    i.HAL_TIM_Base_MspInit  tim.o
    0x08002630   0x0000001e   Code   RO         1253    i.HAL_TIM_Base_Start_IT  stm32f4xx_hal_tim.o
    0x0800264e   0x00000038   Code   RO         1254    i.HAL_TIM_Base_Stop  stm32f4xx_hal_tim.o
    0x08002686   0x00000132   Code   RO         1257    i.HAL_TIM_ConfigClockSource  stm32f4xx_hal_tim.o
    0x080027b8   0x00000002   Code   RO         1277    i.HAL_TIM_IC_CaptureCallback  stm32f4xx_hal_tim.o
    0x080027ba   0x00000196   Code   RO         1290    i.HAL_TIM_IRQHandler  stm32f4xx_hal_tim.o
    0x08002950   0x00000002   Code   RO         1293    i.HAL_TIM_OC_DelayElapsedCallback  stm32f4xx_hal_tim.o
    0x08002952   0x00000002   Code   RO         1320    i.HAL_TIM_PWM_PulseFinishedCallback  stm32f4xx_hal_tim.o
    0x08002954   0x00000024   Code   RO         6100    i.HAL_TIM_PeriodElapsedCallback  porttimer.o
    0x08002978   0x00000002   Code   RO         1331    i.HAL_TIM_TriggerCallback  stm32f4xx_hal_tim.o
    0x0800297a   0x0000000c   Code   RO          839    i.HAL_UART_ErrorCallback  usart_app.o
    0x08002986   0x00000120   Code   RO         3779    i.HAL_UART_IRQHandler  stm32f4xx_hal_uart.o
    0x08002aa6   0x00000068   Code   RO         3780    i.HAL_UART_Init     stm32f4xx_hal_uart.o
    0x08002b0e   0x00000002   PAD
    0x08002b10   0x00000268   Code   RO          484    i.HAL_UART_MspInit  usart.o
    0x08002d78   0x00000086   Code   RO         3785    i.HAL_UART_Receive_IT  stm32f4xx_hal_uart.o
    0x08002dfe   0x00000002   PAD
    0x08002e00   0x000000a8   Code   RO          840    i.HAL_UART_RxCpltCallback  usart_app.o
    0x08002ea8   0x000000f0   Code   RO         3788    i.HAL_UART_Transmit  stm32f4xx_hal_uart.o
    0x08002f98   0x00000086   Code   RO         3790    i.HAL_UART_Transmit_IT  stm32f4xx_hal_uart.o
    0x0800301e   0x00000002   PAD
    0x08003020   0x0000001c   Code   RO          841    i.HAL_UART_TxCpltCallback  usart_app.o
    0x0800303c   0x000000b8   Code   RO          896    i.MAIN_GPIO_Init    gpio_app.o
    0x080030f4   0x0000004c   Code   RO          347    i.MX_ADC2_Init      adc.o
    0x08003140   0x0000004c   Code   RO          348    i.MX_ADC3_Init      adc.o
    0x0800318c   0x0000003c   Code   RO          642    i.MX_CAN1_Init      can.o
    0x080031c8   0x00000040   Code   RO          643    i.MX_CAN2_Init      can.o
    0x08003208   0x00000008   Code   RO          689    i.MX_FREERTOS_Init  freertos.o
    0x08003210   0x000001f4   Code   RO            4    i.MX_GPIO_Init      gpio.o
    0x08003404   0x00000038   Code   RO          144    i.MX_I2C2_Init      i2c.o
    0x0800343c   0x0000003c   Code   RO          395    i.MX_SPI2_Init      spi.o
    0x08003478   0x00000048   Code   RO          437    i.MX_TIM2_Init      tim.o
    0x080034c0   0x00000034   Code   RO          438    i.MX_TIM6_Init      tim.o
    0x080034f4   0x00000030   Code   RO          485    i.MX_UART4_Init     usart.o
    0x08003524   0x00000030   Code   RO          486    i.MX_UART5_Init     usart.o
    0x08003554   0x00000030   Code   RO          487    i.MX_USART1_UART_Init  usart.o
    0x08003584   0x00000030   Code   RO          488    i.MX_USART2_UART_Init  usart.o
    0x080035b4   0x00000030   Code   RO          489    i.MX_USART3_UART_Init  usart.o
    0x080035e4   0x00000030   Code   RO          490    i.MX_USART6_UART_Init  usart.o
    0x08003614   0x000001f4   Code   RO         1072    i.Mfunc_App_Init    mfunc_app.o
    0x08003808   0x0000009c   Code   RO         1073    i.Mfunc_Input_SetMode  mfunc_app.o
    0x080038a4   0x000000ec   Code   RO         1074    i.Mfunc_Task        mfunc_app.o
    0x08003990   0x00000114   Code   RO         1075    i.Mfunc_TimerInterruptHandler  mfunc_app.o
    0x08003aa4   0x00000010   Code   RO         4226    i.NVIC_GetPriorityGrouping  stm32f4xx_hal_cortex.o
    0x08003ab4   0x00000028   Code   RO         4227    i.NVIC_SetPriority  stm32f4xx_hal_cortex.o
    0x08003adc   0x0000004c   Code   RO          759    i.StartTaskMODBUS   tasks.o
    0x08003b28   0x0000000c   Code   RO          760    i.StartTaskSIMRx    tasks.o
    0x08003b34   0x00000018   Code   RO          761    i.StartTaskTrmlRx   tasks.o
    0x08003b4c   0x0000002c   Code   RO          762    i.StartTaskTrmlTx   tasks.o
    0x08003b78   0x00000044   Code   RO          764    i.StartTaskUart5Tx  tasks.o
    0x08003bbc   0x00000044   Code   RO          765    i.StartTaskUart6Tx  tasks.o
    0x08003c00   0x0000000c   Code   RO          556    i.SysTick_Handler   stm32f4xx_it.o
    0x08003c0c   0x000000ac   Code   RO          208    i.SystemClock_Config  main.o
    0x08003cb8   0x00000064   Code   RO         4380    i.SystemInit        system_stm32f4xx.o
    0x08003d1c   0x00000010   Code   RO          557    i.TIM2_IRQHandler   stm32f4xx_it.o
    0x08003d2c   0x00000014   Code   RO          558    i.TIM6_DAC_IRQHandler  stm32f4xx_it.o
    0x08003d40   0x000000e4   Code   RO         1332    i.TIM_Base_SetConfig  stm32f4xx_hal_tim.o
    0x08003e24   0x00000018   Code   RO         1339    i.TIM_ETR_SetConfig  stm32f4xx_hal_tim.o
    0x08003e3c   0x00000014   Code   RO         1340    i.TIM_ITRx_SetConfig  stm32f4xx_hal_tim.o
    0x08003e50   0x0000002a   Code   RO         1346    i.TIM_TI1_ConfigInputStage  stm32f4xx_hal_tim.o
    0x08003e7a   0x0000002c   Code   RO         1348    i.TIM_TI2_ConfigInputStage  stm32f4xx_hal_tim.o
    0x08003ea6   0x00000002   PAD
    0x08003ea8   0x00000010   Code   RO          559    i.UART4_IRQHandler  stm32f4xx_it.o
    0x08003eb8   0x00000010   Code   RO          560    i.UART5_IRQHandler  stm32f4xx_it.o
    0x08003ec8   0x00000048   Code   RO         3798    i.UART_EndTransmit_IT  stm32f4xx_hal_uart.o
    0x08003f10   0x000000a6   Code   RO         3799    i.UART_Receive_IT   stm32f4xx_hal_uart.o
    0x08003fb6   0x00000002   PAD
    0x08003fb8   0x00000224   Code   RO         3800    i.UART_SetConfig    stm32f4xx_hal_uart.o
    0x080041dc   0x00000070   Code   RO         3801    i.UART_Transmit_IT  stm32f4xx_hal_uart.o
    0x0800424c   0x000000fa   Code   RO         3802    i.UART_WaitOnFlagUntilTimeout  stm32f4xx_hal_uart.o
    0x08004346   0x00000002   PAD
    0x08004348   0x00000010   Code   RO          561    i.USART1_IRQHandler  stm32f4xx_it.o
    0x08004358   0x00000010   Code   RO          562    i.USART2_IRQHandler  stm32f4xx_it.o
    0x08004368   0x00000010   Code   RO          563    i.USART3_IRQHandler  stm32f4xx_it.o
    0x08004378   0x00000010   Code   RO          564    i.USART6_IRQHandler  stm32f4xx_it.o
    0x08004388   0x00000002   Code   RO          842    i.USARTs_SetSpeed   usart_app.o
    0x0800438a   0x0000000e   Code   RO         6327    i.__scatterload_copy  mc_w.l(handlers.o)
    0x08004398   0x00000002   Code   RO         6328    i.__scatterload_null  mc_w.l(handlers.o)
    0x0800439a   0x0000000e   Code   RO         6329    i.__scatterload_zeroinit  mc_w.l(handlers.o)
    0x080043a8   0x0000000c   Code   RO         6251    i.bMBPortIsWithinException  portother.o
    0x080043b4   0x00000048   Code   RO         5992    i.eMBASCIIInit      mbascii.o
    0x080043fc   0x00000054   Code   RO         5993    i.eMBASCIIReceive   mbascii.o
    0x08004450   0x00000084   Code   RO         5994    i.eMBASCIISend      mbascii.o
    0x080044d4   0x00000024   Code   RO         5995    i.eMBASCIIStart     mbascii.o
    0x080044f8   0x00000018   Code   RO         5996    i.eMBASCIIStop      mbascii.o
    0x08004510   0x00000028   Code   RO         5604    i.eMBClose          mb.o
    0x08004538   0x00000034   Code   RO         5605    i.eMBDisable        mb.o
    0x0800456c   0x00000028   Code   RO         5606    i.eMBEnable         mb.o
    0x08004594   0x000000ae   Code   RO         5830    i.eMBFuncReadCoils  mbfunccoils.o
    0x08004642   0x000000ac   Code   RO         5869    i.eMBFuncReadDiscreteInputs  mbfuncdisc.o
    0x080046ee   0x0000008c   Code   RO         5893    i.eMBFuncReadHoldingRegister  mbfuncholding.o
    0x0800477a   0x0000008c   Code   RO         5935    i.eMBFuncReadInputRegister  mbfuncinput.o
    0x08004806   0x000000d4   Code   RO         5894    i.eMBFuncReadWriteMultipleHoldingRegister  mbfuncholding.o
    0x080048da   0x00000002   PAD
    0x080048dc   0x00000028   Code   RO         5959    i.eMBFuncReportSlaveID  mbfuncother.o
    0x08004904   0x000000f8   Code   RO         6076    i.eMBFuncUser100    mbfuncuser.o
    0x080049fc   0x00000070   Code   RO         5831    i.eMBFuncWriteCoil  mbfunccoils.o
    0x08004a6c   0x00000042   Code   RO         5895    i.eMBFuncWriteHoldingRegister  mbfuncholding.o
    0x08004aae   0x00000090   Code   RO         5832    i.eMBFuncWriteMultipleCoils  mbfunccoils.o
    0x08004b3e   0x0000006e   Code   RO         5896    i.eMBFuncWriteMultipleHoldingRegister  mbfuncholding.o
    0x08004bac   0x00000144   Code   RO         5607    i.eMBInit           mb.o
    0x08004cf0   0x00000138   Code   RO         5608    i.eMBPoll           mb.o
    0x08004e28   0x00000054   Code   RO         5689    i.eMBRTUInit        mbrtu.o
    0x08004e7c   0x0000004c   Code   RO         5690    i.eMBRTUReceive     mbrtu.o
    0x08004ec8   0x00000090   Code   RO         5691    i.eMBRTUSend        mbrtu.o
    0x08004f58   0x00000024   Code   RO         5692    i.eMBRTUStart       mbrtu.o
    0x08004f7c   0x00000018   Code   RO         5693    i.eMBRTUStop        mbrtu.o
    0x08004f94   0x00000008   Code   RO          920    i.eMBRegCoilsCB     mb_app.o
    0x08004f9c   0x00000006   Code   RO          921    i.eMBRegDiscreteCB  mb_app.o
    0x08004fa2   0x00000002   PAD
    0x08004fa4   0x000000a0   Code   RO          922    i.eMBRegHoldingCB   mb_app.o
    0x08005044   0x0000007c   Code   RO          923    i.eMBRegInputCB     mb_app.o
    0x080050c0   0x00000078   Code   RO         5960    i.eMBSetSlaveID     mbfuncother.o
    0x08005138   0x000000e0   Code   RO          924    i.eMBUser100ComPortCB  mb_app.o
    0x08005218   0x00000098   Code   RO          209    i.main              main.o
    0x080052b0   0x0000000e   Code   RO         4753    i.makeFreeRtosPriority  cmsis_os.o
    0x080052be   0x00000018   Code   RO         4754    i.osDelay           cmsis_os.o
    0x080052d6   0x0000000a   Code   RO         4757    i.osKernelStart     cmsis_os.o
    0x080052e0   0x00000012   Code   RO         4765    i.osMessageCreate   cmsis_os.o
    0x080052f2   0x00000010   Code   RO         4786    i.osSystickHandler  cmsis_os.o
    0x08005302   0x0000003a   Code   RO         4787    i.osThreadCreate    cmsis_os.o
    0x0800533c   0x00000028   Code   RO         4800    i.osTimerCreate     cmsis_os.o
    0x08005364   0x00000054   Code   RO         5270    i.prvAddCurrentTaskToDelayedList  tasks_1.o
    0x080053b8   0x00000042   Code   RO         5271    i.prvAllocateTCBAndStack  tasks_1.o
    0x080053fa   0x00000002   PAD
    0x080053fc   0x00000074   Code   RO         4411    i.prvCheckForValidListAndQueue  timers.o
    0x08005470   0x00000064   Code   RO         5272    i.prvCheckTasksWaitingTermination  tasks_1.o
    0x080054d4   0x0000002a   Code   RO         5087    i.prvCopyDataFromQueue  queue.o
    0x080054fe   0x00000080   Code   RO         5088    i.prvCopyDataToQueue  queue.o
    0x0800557e   0x00000012   Code   RO         5273    i.prvDeleteTCB      tasks_1.o
    0x08005590   0x00000028   Code   RO         4412    i.prvGetNextExpireTime  timers.o
    0x080055b8   0x0000007c   Code   RO         4622    i.prvHeapInit       heap_4.o
    0x08005634   0x00000018   Code   RO         5274    i.prvIdleTask       tasks_1.o
    0x0800564c   0x00000062   Code   RO         5275    i.prvInitialiseTCBVariables  tasks_1.o
    0x080056ae   0x00000002   PAD
    0x080056b0   0x00000068   Code   RO         5276    i.prvInitialiseTaskLists  tasks_1.o
    0x08005718   0x00000068   Code   RO         4623    i.prvInsertBlockIntoFreeList  heap_4.o
    0x08005780   0x00000058   Code   RO         4413    i.prvInsertTimerInActiveList  timers.o
    0x080057d8   0x0000001a   Code   RO         5089    i.prvIsQueueEmpty   queue.o
    0x080057f2   0x0000001e   Code   RO         5090    i.prvIsQueueFull    queue.o
    0x08005810   0x00000058   Code   RO         4414    i.prvProcessExpiredTimer  timers.o
    0x08005868   0x000000dc   Code   RO         4415    i.prvProcessReceivedCommands  timers.o
    0x08005944   0x0000004c   Code   RO         4416    i.prvProcessTimerOrBlockTask  timers.o
    0x08005990   0x00000034   Code   RO         5278    i.prvResetNextTaskUnblockTime  tasks_1.o
    0x080059c4   0x0000002c   Code   RO         4417    i.prvSampleTimeNow  timers.o
    0x080059f0   0x00000090   Code   RO         4418    i.prvSwitchTimerLists  timers.o
    0x08005a80   0x00000024   Code   RO         4672    i.prvTaskExitError  port.o
    0x08005aa4   0x0000001a   Code   RO         4419    i.prvTimerTask      timers.o
    0x08005abe   0x0000007e   Code   RO         5091    i.prvUnlockQueue    queue.o
    0x08005b3c   0x00000022   Code   RO         5794    i.prveMBError2Exception  mbutils.o
    0x08005b5e   0x00000024   Code   RO         5997    i.prvucMBBIN2CHAR   mbascii.o
    0x08005b82   0x00000026   Code   RO         5998    i.prvucMBCHAR2BIN   mbascii.o
    0x08005ba8   0x00000020   Code   RO         5999    i.prvucMBLRC        mbascii.o
    0x08005bc8   0x00000034   Code   RO         6101    i.prvvTIMERExpiredISR  porttimer.o
    0x08005bfc   0x00000034   Code   RO         6191    i.prvvUARTRxISR     portserial.o
    0x08005c30   0x00000044   Code   RO         6192    i.prvvUARTTxReadyISR  portserial.o
    0x08005c74   0x0000011c   Code   RO         4624    i.pvPortMalloc      heap_4.o
    0x08005d90   0x00000020   Code   RO         5281    i.pvTaskIncrementMutexHeldCount  tasks_1.o
    0x08005db0   0x00000028   Code   RO         4673    i.pxPortInitialiseStack  port.o
    0x08005dd8   0x000000b8   Code   RO          844    i.startUARTRcv      usart_app.o
    0x08005e90   0x0000021c   Code   RO          766    i.startUserTasks    tasks.o
    0x080060ac   0x00000038   Code   RO         5762    i.usMBCRC16         mbcrc.o
    0x080060e4   0x00000028   Code   RO         4586    i.uxListRemove      list.o
    0x0800610c   0x00000002   Code   RO          690    i.vApplicationMallocFailedHook  freertos.o
    0x0800610e   0x00000002   Code   RO          691    i.vApplicationStackOverflowHook  freertos.o
    0x08006110   0x00000002   Code   RO          692    i.vApplicationTickHook  freertos.o
    0x08006112   0x0000001a   Code   RO         4587    i.vListInitialise   list.o
    0x0800612c   0x00000006   Code   RO         4588    i.vListInitialiseItem  list.o
    0x08006132   0x00000034   Code   RO         4589    i.vListInsert       list.o
    0x08006166   0x00000018   Code   RO         4590    i.vListInsertEnd    list.o
    0x0800617e   0x00000008   Code   RO         6253    i.vMBPortEnterCritical  portother.o
    0x08006186   0x00000008   Code   RO         6254    i.vMBPortExitCritical  portother.o
    0x0800618e   0x00000002   PAD
    0x08006190   0x00000020   Code   RO         6193    i.vMBPortSerialEnable  portserial.o
    0x080061b0   0x0000000c   Code   RO         6255    i.vMBPortSetWithinException  portother.o
    0x080061bc   0x00000018   Code   RO         6135    i.vMBPortTimersDisable  porttimer.o
    0x080061d4   0x00000018   Code   RO         6129    i.vMBPortTimersEnable  porttimer.o
    0x080061ec   0x00000044   Code   RO         4675    i.vPortEnterCritical  port.o
    0x08006230   0x0000002c   Code   RO         4676    i.vPortExitCritical  port.o
    0x0800625c   0x00000078   Code   RO         4625    i.vPortFree         heap_4.o
    0x080062d4   0x00000020   Code   RO         4677    i.vPortSetupTimerInterrupt  port.o
    0x080062f4   0x0000005c   Code   RO         4678    i.vPortValidateInterruptPriority  port.o
    0x08006350   0x00000018   Code   RO         4679    i.vPortYield        port.o
    0x08006368   0x0000002c   Code   RO         5097    i.vQueueAddToRegistry  queue.o
    0x08006394   0x0000003a   Code   RO         5101    i.vQueueWaitForMessageRestricted  queue.o
    0x080063ce   0x00000002   PAD
    0x080063d0   0x00000070   Code   RO         5290    i.vTaskDelay        tasks_1.o
    0x08006440   0x000000c0   Code   RO         5291    i.vTaskDelayUntil   tasks_1.o
    0x08006500   0x0000000c   Code   RO         5294    i.vTaskMissedYield  tasks_1.o
    0x0800650c   0x00000070   Code   RO         5296    i.vTaskPlaceOnEventList  tasks_1.o
    0x0800657c   0x00000058   Code   RO         5297    i.vTaskPlaceOnEventListRestricted  tasks_1.o
    0x080065d4   0x000000b0   Code   RO         5299    i.vTaskPriorityInherit  tasks_1.o
    0x08006684   0x00000024   Code   RO         5303    i.vTaskSetTimeOutState  tasks_1.o
    0x080066a8   0x00000060   Code   RO         5304    i.vTaskStartScheduler  tasks_1.o
    0x08006708   0x00000010   Code   RO         5306    i.vTaskSuspendAll   tasks_1.o
    0x08006718   0x000000bc   Code   RO         5307    i.vTaskSwitchContext  tasks_1.o
    0x080067d4   0x00000128   Code   RO         6000    i.xMBASCIIReceiveFSM  mbascii.o
    0x080068fc   0x0000002c   Code   RO         6001    i.xMBASCIITimerT1SExpired  mbascii.o
    0x08006928   0x000000f0   Code   RO         6002    i.xMBASCIITransmitFSM  mbascii.o
    0x08006a18   0x00000024   Code   RO         6148    i.xMBPortEventGet   portevent.o
    0x08006a3c   0x00000020   Code   RO         6149    i.xMBPortEventInit  portevent.o
    0x08006a5c   0x00000030   Code   RO         6150    i.xMBPortEventPost  portevent.o
    0x08006a8c   0x00000010   Code   RO         6194    i.xMBPortSerialGetByte  portserial.o
    0x08006a9c   0x0000003c   Code   RO         6195    i.xMBPortSerialInit  portserial.o
    0x08006ad8   0x0000002c   Code   RO         6196    i.xMBPortSerialPutByte  portserial.o
    0x08006b04   0x00000058   Code   RO         6102    i.xMBPortTimersInit  porttimer.o
    0x08006b5c   0x00000088   Code   RO         5694    i.xMBRTUReceiveFSM  mbrtu.o
    0x08006be4   0x00000040   Code   RO         5695    i.xMBRTUTimerT35Expired  mbrtu.o
    0x08006c24   0x0000006c   Code   RO         5696    i.xMBRTUTransmitFSM  mbrtu.o
    0x08006c90   0x000000b4   Code   RO         4680    i.xPortStartScheduler  port.o
    0x08006d44   0x00000020   Code   RO         4681    i.xPortSysTickHandler  port.o
    0x08006d64   0x00000056   Code   RO         5103    i.xQueueCreateMutex  queue.o
    0x08006dba   0x00000070   Code   RO         5104    i.xQueueGenericCreate  queue.o
    0x08006e2a   0x0000015a   Code   RO         5105    i.xQueueGenericReceive  queue.o
    0x08006f84   0x00000078   Code   RO         5106    i.xQueueGenericReset  queue.o
    0x08006ffc   0x00000142   Code   RO         5107    i.xQueueGenericSend  queue.o
    0x0800713e   0x000000ac   Code   RO         5108    i.xQueueGenericSendFromISR  queue.o
    0x080071ea   0x00000002   PAD
    0x080071ec   0x00000074   Code   RO         5308    i.xTaskCheckForTimeOut  tasks_1.o
    0x08007260   0x00000138   Code   RO         5309    i.xTaskGenericCreate  tasks_1.o
    0x08007398   0x00000020   Code   RO         5312    i.xTaskGetSchedulerState  tasks_1.o
    0x080073b8   0x00000018   Code   RO         5313    i.xTaskGetTickCount  tasks_1.o
    0x080073d0   0x0000014c   Code   RO         5315    i.xTaskIncrementTick  tasks_1.o
    0x0800751c   0x000000ac   Code   RO         5318    i.xTaskPriorityDisinherit  tasks_1.o
    0x080075c8   0x0000008c   Code   RO         5319    i.xTaskRemoveFromEventList  tasks_1.o
    0x08007654   0x000000e8   Code   RO         5321    i.xTaskResumeAll    tasks_1.o
    0x0800773c   0x00000050   Code   RO         4422    i.xTimerCreate      timers.o
    0x0800778c   0x0000004c   Code   RO         4423    i.xTimerCreateTimerTask  timers.o
    0x080077d8   0x0000006c   Code   RO         4424    i.xTimerGenericCommand  timers.o
    0x08007844   0x000000dc   Data   RO          767    .constdata          tasks.o
    0x08007920   0x00000010   Data   RO         3121    .constdata          stm32f4xx_hal_rcc.o
    0x08007930   0x00000014   Data   RO         5324    .constdata          tasks_1.o
    0x08007944   0x00000200   Data   RO         5763    .constdata          mbcrc.o
    0x08007b44   0x00000059   Data   RO          768    .conststring        tasks.o
    0x08007b9d   0x00000003   PAD
    0x08007ba0   0x00000020   Data   RO         6325    Region$$Table       anon$$obj.o


    Execution Region RW_IRAM1 (Base: 0x20000000, Size: 0x00009138, Max: 0x00030000, ABSOLUTE, COMPRESSED[0x00000080])

    Base Addr    Size         Type   Attr      Idx    E Section Name        Object

    0x20000000   0x00000004   Data   RW          645    .data               can.o
    0x20000004   0x0000004c   Data   RW          769    .data               tasks.o
    0x20000050   0x0000000a   Data   RW          845    .data               usart_app.o
    0x2000005a   0x00000002   PAD
    0x2000005c   0x00000188   Data   RW          926    .data               mb_app.o
    0x200001e4   0x0000001c   Data   RW          990    .data               can_app.o
    0x20000200   0x00000004   Data   RW         3629    .data               stm32f4xx_hal.o
    0x20000204   0x00000004   Data   RW         4382    .data               system_stm32f4xx.o
    0x20000208   0x00000010   Data   RW         4427    .data               timers.o
    0x20000218   0x00000018   Data   RW         4630    .data               heap_4.o
    0x20000230   0x0000000c   Data   RW         4682    .data               port.o
    0x2000023c   0x00000038   Data   RW         5325    .data               tasks_1.o
    0x20000274   0x000000b5   Data   RW         5610    .data               mb.o
    0x20000329   0x00000003   PAD
    0x2000032c   0x0000000c   Data   RW         5698    .data               mbrtu.o
    0x20000338   0x00000002   Data   RW         5962    .data               mbfuncother.o
    0x2000033a   0x00000002   PAD
    0x2000033c   0x00000014   Data   RW         6003    .data               mbascii.o
    0x20000350   0x00000004   Data   RW         6151    .data               portevent.o
    0x20000354   0x00000001   Data   RW         6197    .data               portserial.o
    0x20000355   0x00000001   Data   RW         6256    .data               portother.o
    0x20000356   0x00000002   PAD
    0x20000358   0x0000003c   Zero   RW          145    .bss                i2c.o
    0x20000394   0x00000088   Zero   RW          349    .bss                adc.o
    0x2000041c   0x00000058   Zero   RW          396    .bss                spi.o
    0x20000474   0x00000078   Zero   RW          439    .bss                tim.o
    0x200004ec   0x00000180   Zero   RW          491    .bss                usart.o
    0x2000066c   0x00000080   Zero   RW          644    .bss                can.o
    0x200006ec   0x000001f8   Zero   RW          925    .bss                mb_app.o
    0x200008e4   0x00000024   Zero   RW          989    .bss                can_app.o
    0x20000908   0x00000118   Zero   RW         1076    .bss                mfunc_app.o
    0x20000a20   0x00000028   Zero   RW         4426    .bss                timers.o
    0x20000a48   0x00008000   Zero   RW         4629    .bss                heap_4.o
    0x20008a48   0x00000040   Zero   RW         5116    .bss                queue.o
    0x20008a88   0x00000190   Zero   RW         5323    .bss                tasks_1.o
    0x20008c18   0x00000100   Zero   RW         5697    .bss                mbrtu.o
    0x20008d18   0x00000020   Zero   RW         5961    .bss                mbfuncother.o
    0x20008d38   0x00000400   Zero   RW         1113    STACK               startup_stm32f429xx.o


==============================================================================

Image component sizes


      Code (inc. data)   RO Data    RW Data    ZI Data      Debug   Object Name

       320         38          0          0        136       2294   adc.o
       388         46          0          4        128       2354   can.o
       668        108          0         28         36       5212   can_app.o
       180          4          0          0          0       9448   cmsis_os.o
         2          0          0          0          0        531   discrete_output_app.o
        14          0          0          0          0       2021   freertos.o
       500         34          0          0          0     427267   gpio.o
       184         20          0          0          0        949   gpio_app.o
       632         62          0         24      32768       4395   heap_4.o
       144         28          0          0         60       1613   i2c.o
       148          0          0          0          0       3634   list.o
       324         34          0          0          0      27477   main.o
       768        172          0        181          0       6548   mb.o
       522         32          0        392        504       6215   mb_app.o
      1034         90          0         20          0       9563   mbascii.o
        56          8        512          0          0       1416   mbcrc.o
       430          0          0          0          0       4174   mbfunccoils.o
       172          0          0          0          0       1804   mbfuncdisc.o
       528          0          0          0          0       5503   mbfuncholding.o
       140          0          0          0          0       1759   mbfuncinput.o
       160         20          0          2         32       2511   mbfuncother.o
       248          0          0          0          0       1981   mbfuncuser.o
       672         74          0         12        256       7075   mbrtu.o
        34          0          0          0          0        680   mbutils.o
      1168         72          0          0        280       3363   mfunc_app.o
       746         92          0         12          0       9186   port.o
       116         16          0          4          0       2644   portevent.o
        40         12          0          1          0       2536   portother.o
       272         54          0          1          0       4947   portserial.o
       224         28          0          0          0       3725   porttimer.o
      1612          6          0          0         64      12905   queue.o
       180         24          0          0         88       1653   spi.o
        36          8        428          0       1024        932   startup_stm32f429xx.o
       124         16          0          4          0       3658   stm32f4xx_hal.o
      1238         60          0          0          0       6132   stm32f4xx_hal_adc.o
      2558         32          0          0          0       6535   stm32f4xx_hal_can.o
       338         22          0          0          0      31145   stm32f4xx_hal_cortex.o
       572         54          0          0          0       3756   stm32f4xx_hal_gpio.o
       288         10          0          0          0       1379   stm32f4xx_hal_i2c.o
        20          0          0          0          0        498   stm32f4xx_hal_msp.o
      2040         66         16          0          0       6071   stm32f4xx_hal_rcc.o
       136          0          0          0          0       1127   stm32f4xx_hal_spi.o
      1216         44          0          0          0      10247   stm32f4xx_hal_tim.o
       102          0          0          0          0       2386   stm32f4xx_hal_tim_ex.o
      2048         10          0          0          0       8843   stm32f4xx_hal_uart.o
       160         54          0          0          0       4986   stm32f4xx_it.o
       100         18          0          4          0       1373   system_stm32f4xx.o
       834        128        309         76          0       7143   tasks.o
      2966        392         20         56        400      23166   tasks_1.o
       244         20          0          0        120       2247   tim.o
      1106        104          0         16         40      11926   timers.o
       904         92          0          0        384       4799   usart.o
       394         92          0         10          0       3728   usart_app.o

    ----------------------------------------------------------------------
     30086       2296       1320        856      36320     719460   Object Totals
         0          0         32          0          0          0   (incl. Generated)
        36          0          3          9          0          0   (incl. Padding)

    ----------------------------------------------------------------------

      Code (inc. data)   RO Data    RW Data    ZI Data      Debug   Library Member Name

        86          0          0          0          0          0   __dczerorl2.o
         0          0          0          0          0          0   entry.o
         0          0          0          0          0          0   entry10a.o
         0          0          0          0          0          0   entry11a.o
         8          4          0          0          0          0   entry2.o
         4          0          0          0          0          0   entry5.o
         0          0          0          0          0          0   entry7b.o
         0          0          0          0          0          0   entry8b.o
         8          4          0          0          0          0   entry9a.o
        30          0          0          0          0          0   handlers.o
        36          8          0          0          0         68   init.o
        26          0          0          0          0         80   memcmp.o
        36          0          0          0          0         68   memcpya.o
        36          0          0          0          0        108   memseta.o

    ----------------------------------------------------------------------
       274         16          0          0          0        324   Library Totals
         4          0          0          0          0          0   (incl. Padding)

    ----------------------------------------------------------------------

      Code (inc. data)   RO Data    RW Data    ZI Data      Debug   Library Name

       270         16          0          0          0        324   mc_w.l

    ----------------------------------------------------------------------
       274         16          0          0          0        324   Library Totals

    ----------------------------------------------------------------------

==============================================================================


      Code (inc. data)   RO Data    RW Data    ZI Data      Debug   

     30360       2312       1320        856      36320     693664   Grand Totals
     30360       2312       1320        128      36320     693664   ELF Image Totals (compressed)
     30360       2312       1320        128          0          0   ROM Totals

==============================================================================

    Total RO  Size (Code + RO Data)                31680 (  30.94kB)
    Total RW  Size (RW Data + ZI Data)             37176 (  36.30kB)
    Total ROM Size (Code + RO Data + RW Data)      31808 (  31.06kB)

==============================================================================

