<html>
<body>
<pre>
<h1>µVision Build Log</h1>
<h2>Tool Versions:</h2>
IDE-Version: µVision V5.16a
Copyright (C) 2015 ARM Ltd and ARM Germany GmbH. All rights reserved.
License Information: now now, geo, LIC=DSNPC-7J741-347ST-RF136-ZVPY0-3K1N8
 
Tool Versions:
Toolchain:       MDK-ARM Professional  Version: 5.16a
Toolchain Path:  C:\Keil_v5\ARM\ARMCC\Bin
C Compiler:      Armcc.exe V5.06 (build 20)
Assembler:       Armasm.exe V5.06 (build 20)
Linker/Locator:  ArmLink.exe V5.06 (build 20)
Library Manager: ArmAr.exe V5.06 (build 20)
Hex Converter:   FromElf.exe V5.06 (build 20)
CPU DLL:         SARMCM3.DLL V5.16a
Dialog DLL:      DCM.DLL V1.13.2.0
Target DLL:      STLink\ST-LINKIII-KEIL_SWO.dll V2.0.17.0
Dialog DLL:      TCM.DLL V1.14.5.0
 
<h2>Project:</h2>
D:\PROJECTS\GIT_REPOSITORY\STM32\STM32F4_CAN_MODBUS\GLOSAV\MDK-ARM\GLOSAV.uvprojx
Project File Date:  10/26/2015

<h2>Output:</h2>
*** Using Compiler 'V5.06 (build 20)', folder: 'C:\Keil_v5\ARM\ARMCC\Bin'
Build target 'GLOSAV Configuration'
compiling gpio.c...
compiling i2c.c...
compiling stm32f4xx_hal_msp.c...
compiling main.c...
compiling adc.c...
compiling spi.c...
compiling tim.c...
compiling usart.c...
compiling stm32f4xx_it.c...
compiling can.c...
compiling freertos.c...
compiling tasks.c...
..\Src\tasks.c(227): warning:  #188-D: enumerated type mixed with another type
          if( MB_ENOERR != ( eStatus = eMBInit( MB_RTU, 0x0A, 1, 921600, 
ART_PARITY_NONE ) ) )
..\Src\tasks.c(222): warning:  #550-D: variable "eStatus" was set but never used
      eMBErrorCode    eStatus;
..\Src\tasks.c: 2 warnings, 0 errors
compiling usart_app.c...
compiling gpio_app.c...
compiling mb_app.c...
compiling can_app.c...
..\Src\can_app.c(1): warning:  #1-D: last line of file ends without a newline
  #include "can_app.h"
..\Src\can_app.h(7): warning:  #1-D: last line of file ends without a newline
  #endif
..\Src\can_app.c: 2 warnings, 0 errors
assembling startup_stm32f429xx.s...
compiling stm32f4xx_hal_smartcard.c...
compiling stm32f4xx_hal_adc_ex.c...
compiling stm32f4xx_hal_tim.c...
compiling stm32f4xx_hal_flash.c...
compiling stm32f4xx_hal_i2c_ex.c...
compiling stm32f4xx_hal_rcc_ex.c...
compiling stm32f4xx_hal_spi.c...
compiling stm32f4xx_hal_flash_ex.c...
compiling stm32f4xx_hal_adc.c...
compiling stm32f4xx_hal_can.c...
compiling stm32f4xx_hal_i2c.c...
compiling stm32f4xx_hal_rcc.c...
compiling stm32f4xx_hal_tim_ex.c...
compiling stm32f4xx_hal_dma.c...
compiling stm32f4xx_hal_pwr_ex.c...
compiling stm32f4xx_hal.c...
compiling stm32f4xx_hal_uart.c...
compiling stm32f4xx_hal_flash_ramfunc.c...
compiling stm32f4xx_hal_gpio.c...
compiling stm32f4xx_hal_pwr.c...
compiling stm32f4xx_hal_cortex.c...
compiling stm32f4xx_hal_dma_ex.c...
compiling system_stm32f4xx.c...
compiling timers.c...
compiling event_groups.c...
compiling list.c...
compiling heap_4.c...
compiling port.c...
compiling croutine.c...
compiling cmsis_os.c...
compiling queue.c...
compiling tasks.c...
compiling mb.c...
compiling mbrtu.c...
..\Middlewares\Third_Party\FreeModbus\modbus\rtu\mbrtu.c(156): warning:  #550-D: variable "xFrameReceived" was set but never used
      BOOL            xFrameReceived = FALSE;
..\Middlewares\Third_Party\FreeModbus\modbus\rtu\mbrtu.c: 1 warning, 0 errors
compiling mbcrc.c...
compiling mbutils.c...
compiling mbfunccoils.c...
compiling mbfuncdiag.c...
compiling mbfuncdisc.c...
compiling mbfuncholding.c...
compiling mbfuncinput.c...
compiling mbfuncother.c...
compiling mbascii.c...
compiling mbfuncuser.c...
compiling porttimer.c...
compiling portevent.c...
compiling portserial.c...
compiling portother.c...
linking...
Program Size: Code=19924 RO-data=1352 RW-data=636 ZI-data=35516  
FromELF: creating hex file...
"GLOSAV Configuration\GLOSAV Configuration.axf" - 0 Error(s), 5 Warning(s).

<h2>Collection of Component include folders:</h2>
  D:\PROJECTS\GIT_REPOSITORY\STM32\STM32F4_CAN_MODBUS\GLOSAV\MDK-ARM\RTE
  C:\Keil_v5\ARM\PACK\Keil\STM32F4xx_DFP\2.5.0\Drivers\CMSIS\Device\ST\STM32F4xx\Include

<h2>Collection of Component Files used:</h2>
Build Time Elapsed:  00:02:30
</pre>
</body>
</html>
